

================================================================
== Vitis HLS Report for 'topk_sort_Pipeline_VITIS_LOOP_36_3'
================================================================
* Date:           Sun Jul 21 01:25:26 2024

* Version:        2022.1 (Build 3526262 on Mon Apr 18 15:48:16 MDT 2022)
* Project:        topk_sort
* Solution:       solution1 (Vivado IP Flow Target)
* Product family: zynquplus
* Target device:  xck26-sfvc784-2LV-c


================================================================
== Performance Estimates
================================================================
+ Timing: 
    * Summary: 
    +--------+----------+----------+------------+
    |  Clock |  Target  | Estimated| Uncertainty|
    +--------+----------+----------+------------+
    |ap_clk  |  10.00 ns|  2.598 ns|     2.70 ns|
    +--------+----------+----------+------------+

+ Latency: 
    * Summary: 
    +---------+---------+----------+----------+-----+-----+---------+
    |  Latency (cycles) |  Latency (absolute) |  Interval | Pipeline|
    |   min   |   max   |    min   |    max   | min | max |   Type  |
    +---------+---------+----------+----------+-----+-----+---------+
    |      102|      102|  1.020 us|  1.020 us|  102|  102|       no|
    +---------+---------+----------+----------+-----+-----+---------+

    + Detail: 
        * Instance: 
        N/A

        * Loop: 
        +-------------------+---------+---------+----------+-----------+-----------+------+----------+
        |                   |  Latency (cycles) | Iteration|  Initiation Interval  | Trip |          |
        |     Loop Name     |   min   |   max   |  Latency |  achieved |   target  | Count| Pipelined|
        +-------------------+---------+---------+----------+-----------+-----------+------+----------+
        |- VITIS_LOOP_36_3  |      100|      100|         1|          1|          1|   100|       yes|
        +-------------------+---------+---------+----------+-----------+-----------+------+----------+



================================================================
== Utilization Estimates
================================================================
* Summary: 
+-----------------+---------+------+--------+--------+-----+
|       Name      | BRAM_18K|  DSP |   FF   |   LUT  | URAM|
+-----------------+---------+------+--------+--------+-----+
|DSP              |        -|     -|       -|       -|    -|
|Expression       |        -|     -|       0|     336|    -|
|FIFO             |        -|     -|       -|       -|    -|
|Instance         |        -|     -|       0|     998|    -|
|Memory           |        -|     -|       -|       -|    -|
|Multiplexer      |        -|     -|       -|    2322|    -|
|Register         |        -|     -|       9|       -|    -|
+-----------------+---------+------+--------+--------+-----+
|Total            |        0|     0|       9|    3656|    0|
+-----------------+---------+------+--------+--------+-----+
|Available        |      288|  1248|  234240|  117120|   64|
+-----------------+---------+------+--------+--------+-----+
|Utilization (%)  |        0|     0|      ~0|       3|    0|
+-----------------+---------+------+--------+--------+-----+

+ Detail: 
    * Instance: 
    +----------------------+-----------------+---------+----+---+-----+-----+
    |       Instance       |      Module     | BRAM_18K| DSP| FF| LUT | URAM|
    +----------------------+-----------------+---------+----+---+-----+-----+
    |mux_1007_32_1_1_U201  |mux_1007_32_1_1  |        0|   0|  0|  499|    0|
    |mux_1007_32_1_1_U202  |mux_1007_32_1_1  |        0|   0|  0|  499|    0|
    +----------------------+-----------------+---------+----+---+-----+-----+
    |Total                 |                 |        0|   0|  0|  998|    0|
    +----------------------+-----------------+---------+----+---+-----+-----+

    * DSP: 
    N/A

    * Memory: 
    N/A

    * FIFO: 
    N/A

    * Expression: 
    +--------------------------+----------+----+---+----+------------+------------+
    |       Variable Name      | Operation| DSP| FF| LUT| Bitwidth P0| Bitwidth P1|
    +--------------------------+----------+----+---+----+------------+------------+
    |add_ln36_fu_648_p2        |         +|   0|  0|  14|           7|           1|
    |ap_condition_3002         |       and|   0|  0|   2|           1|           1|
    |ap_condition_3006         |       and|   0|  0|   2|           1|           1|
    |ap_condition_3009         |       and|   0|  0|   2|           1|           1|
    |ap_condition_3012         |       and|   0|  0|   2|           1|           1|
    |ap_condition_3015         |       and|   0|  0|   2|           1|           1|
    |ap_condition_3018         |       and|   0|  0|   2|           1|           1|
    |ap_condition_3021         |       and|   0|  0|   2|           1|           1|
    |ap_condition_3024         |       and|   0|  0|   2|           1|           1|
    |ap_condition_3027         |       and|   0|  0|   2|           1|           1|
    |ap_condition_3030         |       and|   0|  0|   2|           1|           1|
    |ap_condition_3033         |       and|   0|  0|   2|           1|           1|
    |ap_condition_3036         |       and|   0|  0|   2|           1|           1|
    |ap_condition_3039         |       and|   0|  0|   2|           1|           1|
    |ap_condition_3042         |       and|   0|  0|   2|           1|           1|
    |ap_condition_3045         |       and|   0|  0|   2|           1|           1|
    |ap_condition_3048         |       and|   0|  0|   2|           1|           1|
    |ap_condition_3051         |       and|   0|  0|   2|           1|           1|
    |ap_condition_3054         |       and|   0|  0|   2|           1|           1|
    |ap_condition_3057         |       and|   0|  0|   2|           1|           1|
    |ap_condition_3060         |       and|   0|  0|   2|           1|           1|
    |ap_condition_3063         |       and|   0|  0|   2|           1|           1|
    |ap_condition_3066         |       and|   0|  0|   2|           1|           1|
    |ap_condition_3069         |       and|   0|  0|   2|           1|           1|
    |ap_condition_3072         |       and|   0|  0|   2|           1|           1|
    |ap_condition_3075         |       and|   0|  0|   2|           1|           1|
    |ap_condition_3078         |       and|   0|  0|   2|           1|           1|
    |ap_condition_3081         |       and|   0|  0|   2|           1|           1|
    |ap_condition_3084         |       and|   0|  0|   2|           1|           1|
    |ap_condition_3087         |       and|   0|  0|   2|           1|           1|
    |ap_condition_3090         |       and|   0|  0|   2|           1|           1|
    |ap_condition_3093         |       and|   0|  0|   2|           1|           1|
    |ap_condition_3096         |       and|   0|  0|   2|           1|           1|
    |ap_condition_3099         |       and|   0|  0|   2|           1|           1|
    |ap_condition_3102         |       and|   0|  0|   2|           1|           1|
    |ap_condition_3105         |       and|   0|  0|   2|           1|           1|
    |ap_condition_3108         |       and|   0|  0|   2|           1|           1|
    |ap_condition_3111         |       and|   0|  0|   2|           1|           1|
    |ap_condition_3114         |       and|   0|  0|   2|           1|           1|
    |ap_condition_3117         |       and|   0|  0|   2|           1|           1|
    |ap_condition_3120         |       and|   0|  0|   2|           1|           1|
    |ap_condition_3123         |       and|   0|  0|   2|           1|           1|
    |ap_condition_3126         |       and|   0|  0|   2|           1|           1|
    |ap_condition_3129         |       and|   0|  0|   2|           1|           1|
    |ap_condition_3132         |       and|   0|  0|   2|           1|           1|
    |ap_condition_3135         |       and|   0|  0|   2|           1|           1|
    |ap_condition_3138         |       and|   0|  0|   2|           1|           1|
    |ap_condition_3141         |       and|   0|  0|   2|           1|           1|
    |ap_condition_3144         |       and|   0|  0|   2|           1|           1|
    |ap_condition_3147         |       and|   0|  0|   2|           1|           1|
    |ap_condition_3150         |       and|   0|  0|   2|           1|           1|
    |ap_condition_3153         |       and|   0|  0|   2|           1|           1|
    |ap_condition_3156         |       and|   0|  0|   2|           1|           1|
    |ap_condition_3159         |       and|   0|  0|   2|           1|           1|
    |ap_condition_3162         |       and|   0|  0|   2|           1|           1|
    |ap_condition_3165         |       and|   0|  0|   2|           1|           1|
    |ap_condition_3168         |       and|   0|  0|   2|           1|           1|
    |ap_condition_3171         |       and|   0|  0|   2|           1|           1|
    |ap_condition_3174         |       and|   0|  0|   2|           1|           1|
    |ap_condition_3177         |       and|   0|  0|   2|           1|           1|
    |ap_condition_3180         |       and|   0|  0|   2|           1|           1|
    |ap_condition_3183         |       and|   0|  0|   2|           1|           1|
    |ap_condition_3186         |       and|   0|  0|   2|           1|           1|
    |ap_condition_3189         |       and|   0|  0|   2|           1|           1|
    |ap_condition_3192         |       and|   0|  0|   2|           1|           1|
    |ap_condition_3195         |       and|   0|  0|   2|           1|           1|
    |ap_condition_3198         |       and|   0|  0|   2|           1|           1|
    |ap_condition_3201         |       and|   0|  0|   2|           1|           1|
    |ap_condition_3204         |       and|   0|  0|   2|           1|           1|
    |ap_condition_3207         |       and|   0|  0|   2|           1|           1|
    |ap_condition_3210         |       and|   0|  0|   2|           1|           1|
    |ap_condition_3213         |       and|   0|  0|   2|           1|           1|
    |ap_condition_3216         |       and|   0|  0|   2|           1|           1|
    |ap_condition_3219         |       and|   0|  0|   2|           1|           1|
    |ap_condition_3222         |       and|   0|  0|   2|           1|           1|
    |ap_condition_3225         |       and|   0|  0|   2|           1|           1|
    |ap_condition_3228         |       and|   0|  0|   2|           1|           1|
    |ap_condition_3231         |       and|   0|  0|   2|           1|           1|
    |ap_condition_3234         |       and|   0|  0|   2|           1|           1|
    |ap_condition_3237         |       and|   0|  0|   2|           1|           1|
    |ap_condition_3240         |       and|   0|  0|   2|           1|           1|
    |ap_condition_3243         |       and|   0|  0|   2|           1|           1|
    |ap_condition_3246         |       and|   0|  0|   2|           1|           1|
    |ap_condition_3249         |       and|   0|  0|   2|           1|           1|
    |ap_condition_3252         |       and|   0|  0|   2|           1|           1|
    |ap_condition_3255         |       and|   0|  0|   2|           1|           1|
    |ap_condition_3258         |       and|   0|  0|   2|           1|           1|
    |ap_condition_3261         |       and|   0|  0|   2|           1|           1|
    |ap_condition_3264         |       and|   0|  0|   2|           1|           1|
    |ap_condition_3267         |       and|   0|  0|   2|           1|           1|
    |ap_condition_3270         |       and|   0|  0|   2|           1|           1|
    |ap_condition_3273         |       and|   0|  0|   2|           1|           1|
    |ap_condition_3276         |       and|   0|  0|   2|           1|           1|
    |ap_condition_3279         |       and|   0|  0|   2|           1|           1|
    |ap_condition_3282         |       and|   0|  0|   2|           1|           1|
    |ap_condition_3285         |       and|   0|  0|   2|           1|           1|
    |ap_condition_3288         |       and|   0|  0|   2|           1|           1|
    |ap_condition_3291         |       and|   0|  0|   2|           1|           1|
    |ap_condition_3294         |       and|   0|  0|   2|           1|           1|
    |ap_condition_3394         |       and|   0|  0|   2|           1|           1|
    |icmp_ln36_fu_642_p2       |      icmp|   0|  0|  10|           7|           6|
    |icmp_ln38_fu_654_p2       |      icmp|   0|  0|  10|           7|           1|
    |icmp_ln39_fu_3656_p2      |      icmp|   0|  0|  20|          32|          32|
    |icmp_ln46_fu_1864_p2      |      icmp|   0|  0|  20|          32|          32|
    |select_ln39_1_fu_3670_p3  |    select|   0|  0|  32|           1|          32|
    |select_ln39_fu_3662_p3    |    select|   0|  0|  32|           1|          32|
    +--------------------------+----------+----+---+----+------------+------------+
    |Total                     |          |   0|  0| 336|         186|         235|
    +--------------------------+----------+----+---+----+------------+------------+

    * Multiplexer: 
    +----------------------+----+-----------+-----+-----------+
    |         Name         | LUT| Input Size| Bits| Total Bits|
    +----------------------+----+-----------+-----+-----------+
    |ap_done_int           |   9|          2|    1|          2|
    |ap_sig_allocacmp_j_2  |   9|          2|    7|         14|
    |arr_400_out_o         |   9|          2|   32|         64|
    |arr_401_out_o         |   9|          2|   32|         64|
    |arr_402_out_o         |   9|          2|   32|         64|
    |arr_403_out_o         |   9|          2|   32|         64|
    |arr_404_out_o         |   9|          2|   32|         64|
    |arr_405_out_o         |   9|          2|   32|         64|
    |arr_406_out_o         |   9|          2|   32|         64|
    |arr_407_out_o         |   9|          2|   32|         64|
    |arr_408_out_o         |   9|          2|   32|         64|
    |arr_409_out_o         |   9|          2|   32|         64|
    |arr_410_out_o         |   9|          2|   32|         64|
    |arr_411_out_o         |   9|          2|   32|         64|
    |arr_412_out_o         |   9|          2|   32|         64|
    |arr_413_out_o         |   9|          2|   32|         64|
    |arr_414_out_o         |   9|          2|   32|         64|
    |arr_415_out_o         |   9|          2|   32|         64|
    |arr_416_out_o         |   9|          2|   32|         64|
    |arr_417_out_o         |   9|          2|   32|         64|
    |arr_418_out_o         |   9|          2|   32|         64|
    |arr_419_out_o         |   9|          2|   32|         64|
    |arr_420_out_o         |   9|          2|   32|         64|
    |arr_421_out_o         |   9|          2|   32|         64|
    |arr_422_out_o         |   9|          2|   32|         64|
    |arr_423_out_o         |   9|          2|   32|         64|
    |arr_424_out_o         |   9|          2|   32|         64|
    |arr_425_out_o         |   9|          2|   32|         64|
    |arr_426_out_o         |   9|          2|   32|         64|
    |arr_427_out_o         |   9|          2|   32|         64|
    |arr_428_out_o         |   9|          2|   32|         64|
    |arr_429_out_o         |   9|          2|   32|         64|
    |arr_430_out_o         |   9|          2|   32|         64|
    |arr_431_out_o         |   9|          2|   32|         64|
    |arr_432_out_o         |   9|          2|   32|         64|
    |arr_433_out_o         |   9|          2|   32|         64|
    |arr_434_out_o         |   9|          2|   32|         64|
    |arr_435_out_o         |   9|          2|   32|         64|
    |arr_436_out_o         |   9|          2|   32|         64|
    |arr_437_out_o         |   9|          2|   32|         64|
    |arr_438_out_o         |   9|          2|   32|         64|
    |arr_439_out_o         |   9|          2|   32|         64|
    |arr_440_out_o         |   9|          2|   32|         64|
    |arr_441_out_o         |   9|          2|   32|         64|
    |arr_442_out_o         |   9|          2|   32|         64|
    |arr_443_out_o         |   9|          2|   32|         64|
    |arr_444_out_o         |   9|          2|   32|         64|
    |arr_445_out_o         |   9|          2|   32|         64|
    |arr_446_out_o         |   9|          2|   32|         64|
    |arr_447_out_o         |   9|          2|   32|         64|
    |arr_448_out_o         |   9|          2|   32|         64|
    |arr_449_out_o         |   9|          2|   32|         64|
    |arr_450_out_o         |   9|          2|   32|         64|
    |arr_451_out_o         |   9|          2|   32|         64|
    |arr_452_out_o         |   9|          2|   32|         64|
    |arr_453_out_o         |   9|          2|   32|         64|
    |arr_454_out_o         |   9|          2|   32|         64|
    |arr_455_out_o         |   9|          2|   32|         64|
    |arr_456_out_o         |   9|          2|   32|         64|
    |arr_457_out_o         |   9|          2|   32|         64|
    |arr_458_out_o         |   9|          2|   32|         64|
    |arr_459_out_o         |   9|          2|   32|         64|
    |arr_460_out_o         |   9|          2|   32|         64|
    |arr_461_out_o         |   9|          2|   32|         64|
    |arr_462_out_o         |   9|          2|   32|         64|
    |arr_463_out_o         |   9|          2|   32|         64|
    |arr_464_out_o         |   9|          2|   32|         64|
    |arr_465_out_o         |   9|          2|   32|         64|
    |arr_466_out_o         |   9|          2|   32|         64|
    |arr_467_out_o         |   9|          2|   32|         64|
    |arr_468_out_o         |   9|          2|   32|         64|
    |arr_469_out_o         |   9|          2|   32|         64|
    |arr_470_out_o         |   9|          2|   32|         64|
    |arr_471_out_o         |   9|          2|   32|         64|
    |arr_472_out_o         |   9|          2|   32|         64|
    |arr_473_out_o         |   9|          2|   32|         64|
    |arr_474_out_o         |   9|          2|   32|         64|
    |arr_475_out_o         |   9|          2|   32|         64|
    |arr_476_out_o         |   9|          2|   32|         64|
    |arr_477_out_o         |   9|          2|   32|         64|
    |arr_478_out_o         |   9|          2|   32|         64|
    |arr_479_out_o         |   9|          2|   32|         64|
    |arr_480_out_o         |   9|          2|   32|         64|
    |arr_481_out_o         |   9|          2|   32|         64|
    |arr_482_out_o         |   9|          2|   32|         64|
    |arr_483_out_o         |   9|          2|   32|         64|
    |arr_484_out_o         |   9|          2|   32|         64|
    |arr_485_out_o         |   9|          2|   32|         64|
    |arr_486_out_o         |   9|          2|   32|         64|
    |arr_487_out_o         |   9|          2|   32|         64|
    |arr_488_out_o         |   9|          2|   32|         64|
    |arr_489_out_o         |   9|          2|   32|         64|
    |arr_490_out_o         |   9|          2|   32|         64|
    |arr_491_out_o         |   9|          2|   32|         64|
    |arr_492_out_o         |   9|          2|   32|         64|
    |arr_493_out_o         |   9|          2|   32|         64|
    |arr_494_out_o         |   9|          2|   32|         64|
    |arr_495_out_o         |   9|          2|   32|         64|
    |arr_496_out_o         |   9|          2|   32|         64|
    |arr_497_out_o         |   9|          2|   32|         64|
    |arr_498_out_o         |   9|          2|   32|         64|
    |arr_499_out_o         |   9|          2|   32|         64|
    |j_fu_624              |   9|          2|    7|         14|
    |post_300_out_o        |   9|          2|   32|         64|
    |post_301_out_o        |  14|          3|   32|         96|
    |post_302_out_o        |  14|          3|   32|         96|
    |post_303_out_o        |  14|          3|   32|         96|
    |post_304_out_o        |  14|          3|   32|         96|
    |post_305_out_o        |  14|          3|   32|         96|
    |post_306_out_o        |  14|          3|   32|         96|
    |post_307_out_o        |  14|          3|   32|         96|
    |post_308_out_o        |  14|          3|   32|         96|
    |post_309_out_o        |  14|          3|   32|         96|
    |post_310_out_o        |  14|          3|   32|         96|
    |post_311_out_o        |  14|          3|   32|         96|
    |post_312_out_o        |  14|          3|   32|         96|
    |post_313_out_o        |  14|          3|   32|         96|
    |post_314_out_o        |  14|          3|   32|         96|
    |post_315_out_o        |  14|          3|   32|         96|
    |post_316_out_o        |  14|          3|   32|         96|
    |post_317_out_o        |  14|          3|   32|         96|
    |post_318_out_o        |  14|          3|   32|         96|
    |post_319_out_o        |  14|          3|   32|         96|
    |post_320_out_o        |  14|          3|   32|         96|
    |post_321_out_o        |  14|          3|   32|         96|
    |post_322_out_o        |  14|          3|   32|         96|
    |post_323_out_o        |  14|          3|   32|         96|
    |post_324_out_o        |  14|          3|   32|         96|
    |post_325_out_o        |  14|          3|   32|         96|
    |post_326_out_o        |  14|          3|   32|         96|
    |post_327_out_o        |  14|          3|   32|         96|
    |post_328_out_o        |  14|          3|   32|         96|
    |post_329_out_o        |  14|          3|   32|         96|
    |post_330_out_o        |  14|          3|   32|         96|
    |post_331_out_o        |  14|          3|   32|         96|
    |post_332_out_o        |  14|          3|   32|         96|
    |post_333_out_o        |  14|          3|   32|         96|
    |post_334_out_o        |  14|          3|   32|         96|
    |post_335_out_o        |  14|          3|   32|         96|
    |post_336_out_o        |  14|          3|   32|         96|
    |post_337_out_o        |  14|          3|   32|         96|
    |post_338_out_o        |  14|          3|   32|         96|
    |post_339_out_o        |  14|          3|   32|         96|
    |post_340_out_o        |  14|          3|   32|         96|
    |post_341_out_o        |  14|          3|   32|         96|
    |post_342_out_o        |  14|          3|   32|         96|
    |post_343_out_o        |  14|          3|   32|         96|
    |post_344_out_o        |  14|          3|   32|         96|
    |post_345_out_o        |  14|          3|   32|         96|
    |post_346_out_o        |  14|          3|   32|         96|
    |post_347_out_o        |  14|          3|   32|         96|
    |post_348_out_o        |  14|          3|   32|         96|
    |post_349_out_o        |  14|          3|   32|         96|
    |post_350_out_o        |  14|          3|   32|         96|
    |post_351_out_o        |  14|          3|   32|         96|
    |post_352_out_o        |  14|          3|   32|         96|
    |post_353_out_o        |  14|          3|   32|         96|
    |post_354_out_o        |  14|          3|   32|         96|
    |post_355_out_o        |  14|          3|   32|         96|
    |post_356_out_o        |  14|          3|   32|         96|
    |post_357_out_o        |  14|          3|   32|         96|
    |post_358_out_o        |  14|          3|   32|         96|
    |post_359_out_o        |  14|          3|   32|         96|
    |post_360_out_o        |  14|          3|   32|         96|
    |post_361_out_o        |  14|          3|   32|         96|
    |post_362_out_o        |  14|          3|   32|         96|
    |post_363_out_o        |  14|          3|   32|         96|
    |post_364_out_o        |  14|          3|   32|         96|
    |post_365_out_o        |  14|          3|   32|         96|
    |post_366_out_o        |  14|          3|   32|         96|
    |post_367_out_o        |  14|          3|   32|         96|
    |post_368_out_o        |  14|          3|   32|         96|
    |post_369_out_o        |  14|          3|   32|         96|
    |post_370_out_o        |  14|          3|   32|         96|
    |post_371_out_o        |  14|          3|   32|         96|
    |post_372_out_o        |  14|          3|   32|         96|
    |post_373_out_o        |  14|          3|   32|         96|
    |post_374_out_o        |  14|          3|   32|         96|
    |post_375_out_o        |  14|          3|   32|         96|
    |post_376_out_o        |  14|          3|   32|         96|
    |post_377_out_o        |  14|          3|   32|         96|
    |post_378_out_o        |  14|          3|   32|         96|
    |post_379_out_o        |  14|          3|   32|         96|
    |post_380_out_o        |  14|          3|   32|         96|
    |post_381_out_o        |  14|          3|   32|         96|
    |post_382_out_o        |  14|          3|   32|         96|
    |post_383_out_o        |  14|          3|   32|         96|
    |post_384_out_o        |  14|          3|   32|         96|
    |post_385_out_o        |  14|          3|   32|         96|
    |post_386_out_o        |  14|          3|   32|         96|
    |post_387_out_o        |  14|          3|   32|         96|
    |post_388_out_o        |  14|          3|   32|         96|
    |post_389_out_o        |  14|          3|   32|         96|
    |post_390_out_o        |  14|          3|   32|         96|
    |post_391_out_o        |  14|          3|   32|         96|
    |post_392_out_o        |  14|          3|   32|         96|
    |post_393_out_o        |  14|          3|   32|         96|
    |post_394_out_o        |  14|          3|   32|         96|
    |post_395_out_o        |  14|          3|   32|         96|
    |post_396_out_o        |  14|          3|   32|         96|
    |post_397_out_o        |  14|          3|   32|         96|
    |post_398_out_o        |  14|          3|   32|         96|
    |post_399_out          |  14|          3|   32|         96|
    +----------------------+----+-----------+-----+-----------+
    |Total                 |2322|        505| 6415|      15998|
    +----------------------+----+-----------+-----+-----------+

    * Register: 
    +-------------+---+----+-----+-----------+
    |     Name    | FF| LUT| Bits| Const Bits|
    +-------------+---+----+-----+-----------+
    |ap_CS_fsm    |  1|   0|    1|          0|
    |ap_done_reg  |  1|   0|    1|          0|
    |j_fu_624     |  7|   0|    7|          0|
    +-------------+---+----+-----+-----------+
    |Total        |  9|   0|    9|          0|
    +-------------+---+----+-----+-----------+



================================================================
== Interface
================================================================
* Summary: 
+-----------------------+-----+-----+------------+------------------------------------+--------------+
|       RTL Ports       | Dir | Bits|  Protocol  |            Source Object           |    C Type    |
+-----------------------+-----+-----+------------+------------------------------------+--------------+
|ap_clk                 |   in|    1|  ap_ctrl_hs|  topk_sort_Pipeline_VITIS_LOOP_36_3|  return value|
|ap_rst                 |   in|    1|  ap_ctrl_hs|  topk_sort_Pipeline_VITIS_LOOP_36_3|  return value|
|ap_start               |   in|    1|  ap_ctrl_hs|  topk_sort_Pipeline_VITIS_LOOP_36_3|  return value|
|ap_done                |  out|    1|  ap_ctrl_hs|  topk_sort_Pipeline_VITIS_LOOP_36_3|  return value|
|ap_idle                |  out|    1|  ap_ctrl_hs|  topk_sort_Pipeline_VITIS_LOOP_36_3|  return value|
|ap_ready               |  out|    1|  ap_ctrl_hs|  topk_sort_Pipeline_VITIS_LOOP_36_3|  return value|
|tmp_data_V_1           |   in|   32|     ap_none|                        tmp_data_V_1|        scalar|
|post_399_out           |  out|   32|      ap_vld|                        post_399_out|       pointer|
|post_399_out_ap_vld    |  out|    1|      ap_vld|                        post_399_out|       pointer|
|post_398_out_i         |   in|   32|     ap_ovld|                        post_398_out|       pointer|
|post_398_out_o         |  out|   32|     ap_ovld|                        post_398_out|       pointer|
|post_398_out_o_ap_vld  |  out|    1|     ap_ovld|                        post_398_out|       pointer|
|post_397_out_i         |   in|   32|     ap_ovld|                        post_397_out|       pointer|
|post_397_out_o         |  out|   32|     ap_ovld|                        post_397_out|       pointer|
|post_397_out_o_ap_vld  |  out|    1|     ap_ovld|                        post_397_out|       pointer|
|post_396_out_i         |   in|   32|     ap_ovld|                        post_396_out|       pointer|
|post_396_out_o         |  out|   32|     ap_ovld|                        post_396_out|       pointer|
|post_396_out_o_ap_vld  |  out|    1|     ap_ovld|                        post_396_out|       pointer|
|post_395_out_i         |   in|   32|     ap_ovld|                        post_395_out|       pointer|
|post_395_out_o         |  out|   32|     ap_ovld|                        post_395_out|       pointer|
|post_395_out_o_ap_vld  |  out|    1|     ap_ovld|                        post_395_out|       pointer|
|post_394_out_i         |   in|   32|     ap_ovld|                        post_394_out|       pointer|
|post_394_out_o         |  out|   32|     ap_ovld|                        post_394_out|       pointer|
|post_394_out_o_ap_vld  |  out|    1|     ap_ovld|                        post_394_out|       pointer|
|post_393_out_i         |   in|   32|     ap_ovld|                        post_393_out|       pointer|
|post_393_out_o         |  out|   32|     ap_ovld|                        post_393_out|       pointer|
|post_393_out_o_ap_vld  |  out|    1|     ap_ovld|                        post_393_out|       pointer|
|post_392_out_i         |   in|   32|     ap_ovld|                        post_392_out|       pointer|
|post_392_out_o         |  out|   32|     ap_ovld|                        post_392_out|       pointer|
|post_392_out_o_ap_vld  |  out|    1|     ap_ovld|                        post_392_out|       pointer|
|post_391_out_i         |   in|   32|     ap_ovld|                        post_391_out|       pointer|
|post_391_out_o         |  out|   32|     ap_ovld|                        post_391_out|       pointer|
|post_391_out_o_ap_vld  |  out|    1|     ap_ovld|                        post_391_out|       pointer|
|post_390_out_i         |   in|   32|     ap_ovld|                        post_390_out|       pointer|
|post_390_out_o         |  out|   32|     ap_ovld|                        post_390_out|       pointer|
|post_390_out_o_ap_vld  |  out|    1|     ap_ovld|                        post_390_out|       pointer|
|post_389_out_i         |   in|   32|     ap_ovld|                        post_389_out|       pointer|
|post_389_out_o         |  out|   32|     ap_ovld|                        post_389_out|       pointer|
|post_389_out_o_ap_vld  |  out|    1|     ap_ovld|                        post_389_out|       pointer|
|post_388_out_i         |   in|   32|     ap_ovld|                        post_388_out|       pointer|
|post_388_out_o         |  out|   32|     ap_ovld|                        post_388_out|       pointer|
|post_388_out_o_ap_vld  |  out|    1|     ap_ovld|                        post_388_out|       pointer|
|post_387_out_i         |   in|   32|     ap_ovld|                        post_387_out|       pointer|
|post_387_out_o         |  out|   32|     ap_ovld|                        post_387_out|       pointer|
|post_387_out_o_ap_vld  |  out|    1|     ap_ovld|                        post_387_out|       pointer|
|post_386_out_i         |   in|   32|     ap_ovld|                        post_386_out|       pointer|
|post_386_out_o         |  out|   32|     ap_ovld|                        post_386_out|       pointer|
|post_386_out_o_ap_vld  |  out|    1|     ap_ovld|                        post_386_out|       pointer|
|post_385_out_i         |   in|   32|     ap_ovld|                        post_385_out|       pointer|
|post_385_out_o         |  out|   32|     ap_ovld|                        post_385_out|       pointer|
|post_385_out_o_ap_vld  |  out|    1|     ap_ovld|                        post_385_out|       pointer|
|post_384_out_i         |   in|   32|     ap_ovld|                        post_384_out|       pointer|
|post_384_out_o         |  out|   32|     ap_ovld|                        post_384_out|       pointer|
|post_384_out_o_ap_vld  |  out|    1|     ap_ovld|                        post_384_out|       pointer|
|post_383_out_i         |   in|   32|     ap_ovld|                        post_383_out|       pointer|
|post_383_out_o         |  out|   32|     ap_ovld|                        post_383_out|       pointer|
|post_383_out_o_ap_vld  |  out|    1|     ap_ovld|                        post_383_out|       pointer|
|post_382_out_i         |   in|   32|     ap_ovld|                        post_382_out|       pointer|
|post_382_out_o         |  out|   32|     ap_ovld|                        post_382_out|       pointer|
|post_382_out_o_ap_vld  |  out|    1|     ap_ovld|                        post_382_out|       pointer|
|post_381_out_i         |   in|   32|     ap_ovld|                        post_381_out|       pointer|
|post_381_out_o         |  out|   32|     ap_ovld|                        post_381_out|       pointer|
|post_381_out_o_ap_vld  |  out|    1|     ap_ovld|                        post_381_out|       pointer|
|post_380_out_i         |   in|   32|     ap_ovld|                        post_380_out|       pointer|
|post_380_out_o         |  out|   32|     ap_ovld|                        post_380_out|       pointer|
|post_380_out_o_ap_vld  |  out|    1|     ap_ovld|                        post_380_out|       pointer|
|post_379_out_i         |   in|   32|     ap_ovld|                        post_379_out|       pointer|
|post_379_out_o         |  out|   32|     ap_ovld|                        post_379_out|       pointer|
|post_379_out_o_ap_vld  |  out|    1|     ap_ovld|                        post_379_out|       pointer|
|post_378_out_i         |   in|   32|     ap_ovld|                        post_378_out|       pointer|
|post_378_out_o         |  out|   32|     ap_ovld|                        post_378_out|       pointer|
|post_378_out_o_ap_vld  |  out|    1|     ap_ovld|                        post_378_out|       pointer|
|post_377_out_i         |   in|   32|     ap_ovld|                        post_377_out|       pointer|
|post_377_out_o         |  out|   32|     ap_ovld|                        post_377_out|       pointer|
|post_377_out_o_ap_vld  |  out|    1|     ap_ovld|                        post_377_out|       pointer|
|post_376_out_i         |   in|   32|     ap_ovld|                        post_376_out|       pointer|
|post_376_out_o         |  out|   32|     ap_ovld|                        post_376_out|       pointer|
|post_376_out_o_ap_vld  |  out|    1|     ap_ovld|                        post_376_out|       pointer|
|post_375_out_i         |   in|   32|     ap_ovld|                        post_375_out|       pointer|
|post_375_out_o         |  out|   32|     ap_ovld|                        post_375_out|       pointer|
|post_375_out_o_ap_vld  |  out|    1|     ap_ovld|                        post_375_out|       pointer|
|post_374_out_i         |   in|   32|     ap_ovld|                        post_374_out|       pointer|
|post_374_out_o         |  out|   32|     ap_ovld|                        post_374_out|       pointer|
|post_374_out_o_ap_vld  |  out|    1|     ap_ovld|                        post_374_out|       pointer|
|post_373_out_i         |   in|   32|     ap_ovld|                        post_373_out|       pointer|
|post_373_out_o         |  out|   32|     ap_ovld|                        post_373_out|       pointer|
|post_373_out_o_ap_vld  |  out|    1|     ap_ovld|                        post_373_out|       pointer|
|post_372_out_i         |   in|   32|     ap_ovld|                        post_372_out|       pointer|
|post_372_out_o         |  out|   32|     ap_ovld|                        post_372_out|       pointer|
|post_372_out_o_ap_vld  |  out|    1|     ap_ovld|                        post_372_out|       pointer|
|post_371_out_i         |   in|   32|     ap_ovld|                        post_371_out|       pointer|
|post_371_out_o         |  out|   32|     ap_ovld|                        post_371_out|       pointer|
|post_371_out_o_ap_vld  |  out|    1|     ap_ovld|                        post_371_out|       pointer|
|post_370_out_i         |   in|   32|     ap_ovld|                        post_370_out|       pointer|
|post_370_out_o         |  out|   32|     ap_ovld|                        post_370_out|       pointer|
|post_370_out_o_ap_vld  |  out|    1|     ap_ovld|                        post_370_out|       pointer|
|post_369_out_i         |   in|   32|     ap_ovld|                        post_369_out|       pointer|
|post_369_out_o         |  out|   32|     ap_ovld|                        post_369_out|       pointer|
|post_369_out_o_ap_vld  |  out|    1|     ap_ovld|                        post_369_out|       pointer|
|post_368_out_i         |   in|   32|     ap_ovld|                        post_368_out|       pointer|
|post_368_out_o         |  out|   32|     ap_ovld|                        post_368_out|       pointer|
|post_368_out_o_ap_vld  |  out|    1|     ap_ovld|                        post_368_out|       pointer|
|post_367_out_i         |   in|   32|     ap_ovld|                        post_367_out|       pointer|
|post_367_out_o         |  out|   32|     ap_ovld|                        post_367_out|       pointer|
|post_367_out_o_ap_vld  |  out|    1|     ap_ovld|                        post_367_out|       pointer|
|post_366_out_i         |   in|   32|     ap_ovld|                        post_366_out|       pointer|
|post_366_out_o         |  out|   32|     ap_ovld|                        post_366_out|       pointer|
|post_366_out_o_ap_vld  |  out|    1|     ap_ovld|                        post_366_out|       pointer|
|post_365_out_i         |   in|   32|     ap_ovld|                        post_365_out|       pointer|
|post_365_out_o         |  out|   32|     ap_ovld|                        post_365_out|       pointer|
|post_365_out_o_ap_vld  |  out|    1|     ap_ovld|                        post_365_out|       pointer|
|post_364_out_i         |   in|   32|     ap_ovld|                        post_364_out|       pointer|
|post_364_out_o         |  out|   32|     ap_ovld|                        post_364_out|       pointer|
|post_364_out_o_ap_vld  |  out|    1|     ap_ovld|                        post_364_out|       pointer|
|post_363_out_i         |   in|   32|     ap_ovld|                        post_363_out|       pointer|
|post_363_out_o         |  out|   32|     ap_ovld|                        post_363_out|       pointer|
|post_363_out_o_ap_vld  |  out|    1|     ap_ovld|                        post_363_out|       pointer|
|post_362_out_i         |   in|   32|     ap_ovld|                        post_362_out|       pointer|
|post_362_out_o         |  out|   32|     ap_ovld|                        post_362_out|       pointer|
|post_362_out_o_ap_vld  |  out|    1|     ap_ovld|                        post_362_out|       pointer|
|post_361_out_i         |   in|   32|     ap_ovld|                        post_361_out|       pointer|
|post_361_out_o         |  out|   32|     ap_ovld|                        post_361_out|       pointer|
|post_361_out_o_ap_vld  |  out|    1|     ap_ovld|                        post_361_out|       pointer|
|post_360_out_i         |   in|   32|     ap_ovld|                        post_360_out|       pointer|
|post_360_out_o         |  out|   32|     ap_ovld|                        post_360_out|       pointer|
|post_360_out_o_ap_vld  |  out|    1|     ap_ovld|                        post_360_out|       pointer|
|post_359_out_i         |   in|   32|     ap_ovld|                        post_359_out|       pointer|
|post_359_out_o         |  out|   32|     ap_ovld|                        post_359_out|       pointer|
|post_359_out_o_ap_vld  |  out|    1|     ap_ovld|                        post_359_out|       pointer|
|post_358_out_i         |   in|   32|     ap_ovld|                        post_358_out|       pointer|
|post_358_out_o         |  out|   32|     ap_ovld|                        post_358_out|       pointer|
|post_358_out_o_ap_vld  |  out|    1|     ap_ovld|                        post_358_out|       pointer|
|post_357_out_i         |   in|   32|     ap_ovld|                        post_357_out|       pointer|
|post_357_out_o         |  out|   32|     ap_ovld|                        post_357_out|       pointer|
|post_357_out_o_ap_vld  |  out|    1|     ap_ovld|                        post_357_out|       pointer|
|post_356_out_i         |   in|   32|     ap_ovld|                        post_356_out|       pointer|
|post_356_out_o         |  out|   32|     ap_ovld|                        post_356_out|       pointer|
|post_356_out_o_ap_vld  |  out|    1|     ap_ovld|                        post_356_out|       pointer|
|post_355_out_i         |   in|   32|     ap_ovld|                        post_355_out|       pointer|
|post_355_out_o         |  out|   32|     ap_ovld|                        post_355_out|       pointer|
|post_355_out_o_ap_vld  |  out|    1|     ap_ovld|                        post_355_out|       pointer|
|post_354_out_i         |   in|   32|     ap_ovld|                        post_354_out|       pointer|
|post_354_out_o         |  out|   32|     ap_ovld|                        post_354_out|       pointer|
|post_354_out_o_ap_vld  |  out|    1|     ap_ovld|                        post_354_out|       pointer|
|post_353_out_i         |   in|   32|     ap_ovld|                        post_353_out|       pointer|
|post_353_out_o         |  out|   32|     ap_ovld|                        post_353_out|       pointer|
|post_353_out_o_ap_vld  |  out|    1|     ap_ovld|                        post_353_out|       pointer|
|post_352_out_i         |   in|   32|     ap_ovld|                        post_352_out|       pointer|
|post_352_out_o         |  out|   32|     ap_ovld|                        post_352_out|       pointer|
|post_352_out_o_ap_vld  |  out|    1|     ap_ovld|                        post_352_out|       pointer|
|post_351_out_i         |   in|   32|     ap_ovld|                        post_351_out|       pointer|
|post_351_out_o         |  out|   32|     ap_ovld|                        post_351_out|       pointer|
|post_351_out_o_ap_vld  |  out|    1|     ap_ovld|                        post_351_out|       pointer|
|post_350_out_i         |   in|   32|     ap_ovld|                        post_350_out|       pointer|
|post_350_out_o         |  out|   32|     ap_ovld|                        post_350_out|       pointer|
|post_350_out_o_ap_vld  |  out|    1|     ap_ovld|                        post_350_out|       pointer|
|post_349_out_i         |   in|   32|     ap_ovld|                        post_349_out|       pointer|
|post_349_out_o         |  out|   32|     ap_ovld|                        post_349_out|       pointer|
|post_349_out_o_ap_vld  |  out|    1|     ap_ovld|                        post_349_out|       pointer|
|post_348_out_i         |   in|   32|     ap_ovld|                        post_348_out|       pointer|
|post_348_out_o         |  out|   32|     ap_ovld|                        post_348_out|       pointer|
|post_348_out_o_ap_vld  |  out|    1|     ap_ovld|                        post_348_out|       pointer|
|post_347_out_i         |   in|   32|     ap_ovld|                        post_347_out|       pointer|
|post_347_out_o         |  out|   32|     ap_ovld|                        post_347_out|       pointer|
|post_347_out_o_ap_vld  |  out|    1|     ap_ovld|                        post_347_out|       pointer|
|post_346_out_i         |   in|   32|     ap_ovld|                        post_346_out|       pointer|
|post_346_out_o         |  out|   32|     ap_ovld|                        post_346_out|       pointer|
|post_346_out_o_ap_vld  |  out|    1|     ap_ovld|                        post_346_out|       pointer|
|post_345_out_i         |   in|   32|     ap_ovld|                        post_345_out|       pointer|
|post_345_out_o         |  out|   32|     ap_ovld|                        post_345_out|       pointer|
|post_345_out_o_ap_vld  |  out|    1|     ap_ovld|                        post_345_out|       pointer|
|post_344_out_i         |   in|   32|     ap_ovld|                        post_344_out|       pointer|
|post_344_out_o         |  out|   32|     ap_ovld|                        post_344_out|       pointer|
|post_344_out_o_ap_vld  |  out|    1|     ap_ovld|                        post_344_out|       pointer|
|post_343_out_i         |   in|   32|     ap_ovld|                        post_343_out|       pointer|
|post_343_out_o         |  out|   32|     ap_ovld|                        post_343_out|       pointer|
|post_343_out_o_ap_vld  |  out|    1|     ap_ovld|                        post_343_out|       pointer|
|post_342_out_i         |   in|   32|     ap_ovld|                        post_342_out|       pointer|
|post_342_out_o         |  out|   32|     ap_ovld|                        post_342_out|       pointer|
|post_342_out_o_ap_vld  |  out|    1|     ap_ovld|                        post_342_out|       pointer|
|post_341_out_i         |   in|   32|     ap_ovld|                        post_341_out|       pointer|
|post_341_out_o         |  out|   32|     ap_ovld|                        post_341_out|       pointer|
|post_341_out_o_ap_vld  |  out|    1|     ap_ovld|                        post_341_out|       pointer|
|post_340_out_i         |   in|   32|     ap_ovld|                        post_340_out|       pointer|
|post_340_out_o         |  out|   32|     ap_ovld|                        post_340_out|       pointer|
|post_340_out_o_ap_vld  |  out|    1|     ap_ovld|                        post_340_out|       pointer|
|post_339_out_i         |   in|   32|     ap_ovld|                        post_339_out|       pointer|
|post_339_out_o         |  out|   32|     ap_ovld|                        post_339_out|       pointer|
|post_339_out_o_ap_vld  |  out|    1|     ap_ovld|                        post_339_out|       pointer|
|post_338_out_i         |   in|   32|     ap_ovld|                        post_338_out|       pointer|
|post_338_out_o         |  out|   32|     ap_ovld|                        post_338_out|       pointer|
|post_338_out_o_ap_vld  |  out|    1|     ap_ovld|                        post_338_out|       pointer|
|post_337_out_i         |   in|   32|     ap_ovld|                        post_337_out|       pointer|
|post_337_out_o         |  out|   32|     ap_ovld|                        post_337_out|       pointer|
|post_337_out_o_ap_vld  |  out|    1|     ap_ovld|                        post_337_out|       pointer|
|post_336_out_i         |   in|   32|     ap_ovld|                        post_336_out|       pointer|
|post_336_out_o         |  out|   32|     ap_ovld|                        post_336_out|       pointer|
|post_336_out_o_ap_vld  |  out|    1|     ap_ovld|                        post_336_out|       pointer|
|post_335_out_i         |   in|   32|     ap_ovld|                        post_335_out|       pointer|
|post_335_out_o         |  out|   32|     ap_ovld|                        post_335_out|       pointer|
|post_335_out_o_ap_vld  |  out|    1|     ap_ovld|                        post_335_out|       pointer|
|post_334_out_i         |   in|   32|     ap_ovld|                        post_334_out|       pointer|
|post_334_out_o         |  out|   32|     ap_ovld|                        post_334_out|       pointer|
|post_334_out_o_ap_vld  |  out|    1|     ap_ovld|                        post_334_out|       pointer|
|post_333_out_i         |   in|   32|     ap_ovld|                        post_333_out|       pointer|
|post_333_out_o         |  out|   32|     ap_ovld|                        post_333_out|       pointer|
|post_333_out_o_ap_vld  |  out|    1|     ap_ovld|                        post_333_out|       pointer|
|post_332_out_i         |   in|   32|     ap_ovld|                        post_332_out|       pointer|
|post_332_out_o         |  out|   32|     ap_ovld|                        post_332_out|       pointer|
|post_332_out_o_ap_vld  |  out|    1|     ap_ovld|                        post_332_out|       pointer|
|post_331_out_i         |   in|   32|     ap_ovld|                        post_331_out|       pointer|
|post_331_out_o         |  out|   32|     ap_ovld|                        post_331_out|       pointer|
|post_331_out_o_ap_vld  |  out|    1|     ap_ovld|                        post_331_out|       pointer|
|post_330_out_i         |   in|   32|     ap_ovld|                        post_330_out|       pointer|
|post_330_out_o         |  out|   32|     ap_ovld|                        post_330_out|       pointer|
|post_330_out_o_ap_vld  |  out|    1|     ap_ovld|                        post_330_out|       pointer|
|post_329_out_i         |   in|   32|     ap_ovld|                        post_329_out|       pointer|
|post_329_out_o         |  out|   32|     ap_ovld|                        post_329_out|       pointer|
|post_329_out_o_ap_vld  |  out|    1|     ap_ovld|                        post_329_out|       pointer|
|post_328_out_i         |   in|   32|     ap_ovld|                        post_328_out|       pointer|
|post_328_out_o         |  out|   32|     ap_ovld|                        post_328_out|       pointer|
|post_328_out_o_ap_vld  |  out|    1|     ap_ovld|                        post_328_out|       pointer|
|post_327_out_i         |   in|   32|     ap_ovld|                        post_327_out|       pointer|
|post_327_out_o         |  out|   32|     ap_ovld|                        post_327_out|       pointer|
|post_327_out_o_ap_vld  |  out|    1|     ap_ovld|                        post_327_out|       pointer|
|post_326_out_i         |   in|   32|     ap_ovld|                        post_326_out|       pointer|
|post_326_out_o         |  out|   32|     ap_ovld|                        post_326_out|       pointer|
|post_326_out_o_ap_vld  |  out|    1|     ap_ovld|                        post_326_out|       pointer|
|post_325_out_i         |   in|   32|     ap_ovld|                        post_325_out|       pointer|
|post_325_out_o         |  out|   32|     ap_ovld|                        post_325_out|       pointer|
|post_325_out_o_ap_vld  |  out|    1|     ap_ovld|                        post_325_out|       pointer|
|post_324_out_i         |   in|   32|     ap_ovld|                        post_324_out|       pointer|
|post_324_out_o         |  out|   32|     ap_ovld|                        post_324_out|       pointer|
|post_324_out_o_ap_vld  |  out|    1|     ap_ovld|                        post_324_out|       pointer|
|post_323_out_i         |   in|   32|     ap_ovld|                        post_323_out|       pointer|
|post_323_out_o         |  out|   32|     ap_ovld|                        post_323_out|       pointer|
|post_323_out_o_ap_vld  |  out|    1|     ap_ovld|                        post_323_out|       pointer|
|post_322_out_i         |   in|   32|     ap_ovld|                        post_322_out|       pointer|
|post_322_out_o         |  out|   32|     ap_ovld|                        post_322_out|       pointer|
|post_322_out_o_ap_vld  |  out|    1|     ap_ovld|                        post_322_out|       pointer|
|post_321_out_i         |   in|   32|     ap_ovld|                        post_321_out|       pointer|
|post_321_out_o         |  out|   32|     ap_ovld|                        post_321_out|       pointer|
|post_321_out_o_ap_vld  |  out|    1|     ap_ovld|                        post_321_out|       pointer|
|post_320_out_i         |   in|   32|     ap_ovld|                        post_320_out|       pointer|
|post_320_out_o         |  out|   32|     ap_ovld|                        post_320_out|       pointer|
|post_320_out_o_ap_vld  |  out|    1|     ap_ovld|                        post_320_out|       pointer|
|post_319_out_i         |   in|   32|     ap_ovld|                        post_319_out|       pointer|
|post_319_out_o         |  out|   32|     ap_ovld|                        post_319_out|       pointer|
|post_319_out_o_ap_vld  |  out|    1|     ap_ovld|                        post_319_out|       pointer|
|post_318_out_i         |   in|   32|     ap_ovld|                        post_318_out|       pointer|
|post_318_out_o         |  out|   32|     ap_ovld|                        post_318_out|       pointer|
|post_318_out_o_ap_vld  |  out|    1|     ap_ovld|                        post_318_out|       pointer|
|post_317_out_i         |   in|   32|     ap_ovld|                        post_317_out|       pointer|
|post_317_out_o         |  out|   32|     ap_ovld|                        post_317_out|       pointer|
|post_317_out_o_ap_vld  |  out|    1|     ap_ovld|                        post_317_out|       pointer|
|post_316_out_i         |   in|   32|     ap_ovld|                        post_316_out|       pointer|
|post_316_out_o         |  out|   32|     ap_ovld|                        post_316_out|       pointer|
|post_316_out_o_ap_vld  |  out|    1|     ap_ovld|                        post_316_out|       pointer|
|post_315_out_i         |   in|   32|     ap_ovld|                        post_315_out|       pointer|
|post_315_out_o         |  out|   32|     ap_ovld|                        post_315_out|       pointer|
|post_315_out_o_ap_vld  |  out|    1|     ap_ovld|                        post_315_out|       pointer|
|post_314_out_i         |   in|   32|     ap_ovld|                        post_314_out|       pointer|
|post_314_out_o         |  out|   32|     ap_ovld|                        post_314_out|       pointer|
|post_314_out_o_ap_vld  |  out|    1|     ap_ovld|                        post_314_out|       pointer|
|post_313_out_i         |   in|   32|     ap_ovld|                        post_313_out|       pointer|
|post_313_out_o         |  out|   32|     ap_ovld|                        post_313_out|       pointer|
|post_313_out_o_ap_vld  |  out|    1|     ap_ovld|                        post_313_out|       pointer|
|post_312_out_i         |   in|   32|     ap_ovld|                        post_312_out|       pointer|
|post_312_out_o         |  out|   32|     ap_ovld|                        post_312_out|       pointer|
|post_312_out_o_ap_vld  |  out|    1|     ap_ovld|                        post_312_out|       pointer|
|post_311_out_i         |   in|   32|     ap_ovld|                        post_311_out|       pointer|
|post_311_out_o         |  out|   32|     ap_ovld|                        post_311_out|       pointer|
|post_311_out_o_ap_vld  |  out|    1|     ap_ovld|                        post_311_out|       pointer|
|post_310_out_i         |   in|   32|     ap_ovld|                        post_310_out|       pointer|
|post_310_out_o         |  out|   32|     ap_ovld|                        post_310_out|       pointer|
|post_310_out_o_ap_vld  |  out|    1|     ap_ovld|                        post_310_out|       pointer|
|post_309_out_i         |   in|   32|     ap_ovld|                        post_309_out|       pointer|
|post_309_out_o         |  out|   32|     ap_ovld|                        post_309_out|       pointer|
|post_309_out_o_ap_vld  |  out|    1|     ap_ovld|                        post_309_out|       pointer|
|post_308_out_i         |   in|   32|     ap_ovld|                        post_308_out|       pointer|
|post_308_out_o         |  out|   32|     ap_ovld|                        post_308_out|       pointer|
|post_308_out_o_ap_vld  |  out|    1|     ap_ovld|                        post_308_out|       pointer|
|post_307_out_i         |   in|   32|     ap_ovld|                        post_307_out|       pointer|
|post_307_out_o         |  out|   32|     ap_ovld|                        post_307_out|       pointer|
|post_307_out_o_ap_vld  |  out|    1|     ap_ovld|                        post_307_out|       pointer|
|post_306_out_i         |   in|   32|     ap_ovld|                        post_306_out|       pointer|
|post_306_out_o         |  out|   32|     ap_ovld|                        post_306_out|       pointer|
|post_306_out_o_ap_vld  |  out|    1|     ap_ovld|                        post_306_out|       pointer|
|post_305_out_i         |   in|   32|     ap_ovld|                        post_305_out|       pointer|
|post_305_out_o         |  out|   32|     ap_ovld|                        post_305_out|       pointer|
|post_305_out_o_ap_vld  |  out|    1|     ap_ovld|                        post_305_out|       pointer|
|post_304_out_i         |   in|   32|     ap_ovld|                        post_304_out|       pointer|
|post_304_out_o         |  out|   32|     ap_ovld|                        post_304_out|       pointer|
|post_304_out_o_ap_vld  |  out|    1|     ap_ovld|                        post_304_out|       pointer|
|post_303_out_i         |   in|   32|     ap_ovld|                        post_303_out|       pointer|
|post_303_out_o         |  out|   32|     ap_ovld|                        post_303_out|       pointer|
|post_303_out_o_ap_vld  |  out|    1|     ap_ovld|                        post_303_out|       pointer|
|post_302_out_i         |   in|   32|     ap_ovld|                        post_302_out|       pointer|
|post_302_out_o         |  out|   32|     ap_ovld|                        post_302_out|       pointer|
|post_302_out_o_ap_vld  |  out|    1|     ap_ovld|                        post_302_out|       pointer|
|post_301_out_i         |   in|   32|     ap_ovld|                        post_301_out|       pointer|
|post_301_out_o         |  out|   32|     ap_ovld|                        post_301_out|       pointer|
|post_301_out_o_ap_vld  |  out|    1|     ap_ovld|                        post_301_out|       pointer|
|post_300_out_i         |   in|   32|     ap_ovld|                        post_300_out|       pointer|
|post_300_out_o         |  out|   32|     ap_ovld|                        post_300_out|       pointer|
|post_300_out_o_ap_vld  |  out|    1|     ap_ovld|                        post_300_out|       pointer|
|arr_499_out_i          |   in|   32|     ap_ovld|                         arr_499_out|       pointer|
|arr_499_out_o          |  out|   32|     ap_ovld|                         arr_499_out|       pointer|
|arr_499_out_o_ap_vld   |  out|    1|     ap_ovld|                         arr_499_out|       pointer|
|arr_498_out_i          |   in|   32|     ap_ovld|                         arr_498_out|       pointer|
|arr_498_out_o          |  out|   32|     ap_ovld|                         arr_498_out|       pointer|
|arr_498_out_o_ap_vld   |  out|    1|     ap_ovld|                         arr_498_out|       pointer|
|arr_497_out_i          |   in|   32|     ap_ovld|                         arr_497_out|       pointer|
|arr_497_out_o          |  out|   32|     ap_ovld|                         arr_497_out|       pointer|
|arr_497_out_o_ap_vld   |  out|    1|     ap_ovld|                         arr_497_out|       pointer|
|arr_496_out_i          |   in|   32|     ap_ovld|                         arr_496_out|       pointer|
|arr_496_out_o          |  out|   32|     ap_ovld|                         arr_496_out|       pointer|
|arr_496_out_o_ap_vld   |  out|    1|     ap_ovld|                         arr_496_out|       pointer|
|arr_495_out_i          |   in|   32|     ap_ovld|                         arr_495_out|       pointer|
|arr_495_out_o          |  out|   32|     ap_ovld|                         arr_495_out|       pointer|
|arr_495_out_o_ap_vld   |  out|    1|     ap_ovld|                         arr_495_out|       pointer|
|arr_494_out_i          |   in|   32|     ap_ovld|                         arr_494_out|       pointer|
|arr_494_out_o          |  out|   32|     ap_ovld|                         arr_494_out|       pointer|
|arr_494_out_o_ap_vld   |  out|    1|     ap_ovld|                         arr_494_out|       pointer|
|arr_493_out_i          |   in|   32|     ap_ovld|                         arr_493_out|       pointer|
|arr_493_out_o          |  out|   32|     ap_ovld|                         arr_493_out|       pointer|
|arr_493_out_o_ap_vld   |  out|    1|     ap_ovld|                         arr_493_out|       pointer|
|arr_492_out_i          |   in|   32|     ap_ovld|                         arr_492_out|       pointer|
|arr_492_out_o          |  out|   32|     ap_ovld|                         arr_492_out|       pointer|
|arr_492_out_o_ap_vld   |  out|    1|     ap_ovld|                         arr_492_out|       pointer|
|arr_491_out_i          |   in|   32|     ap_ovld|                         arr_491_out|       pointer|
|arr_491_out_o          |  out|   32|     ap_ovld|                         arr_491_out|       pointer|
|arr_491_out_o_ap_vld   |  out|    1|     ap_ovld|                         arr_491_out|       pointer|
|arr_490_out_i          |   in|   32|     ap_ovld|                         arr_490_out|       pointer|
|arr_490_out_o          |  out|   32|     ap_ovld|                         arr_490_out|       pointer|
|arr_490_out_o_ap_vld   |  out|    1|     ap_ovld|                         arr_490_out|       pointer|
|arr_489_out_i          |   in|   32|     ap_ovld|                         arr_489_out|       pointer|
|arr_489_out_o          |  out|   32|     ap_ovld|                         arr_489_out|       pointer|
|arr_489_out_o_ap_vld   |  out|    1|     ap_ovld|                         arr_489_out|       pointer|
|arr_488_out_i          |   in|   32|     ap_ovld|                         arr_488_out|       pointer|
|arr_488_out_o          |  out|   32|     ap_ovld|                         arr_488_out|       pointer|
|arr_488_out_o_ap_vld   |  out|    1|     ap_ovld|                         arr_488_out|       pointer|
|arr_487_out_i          |   in|   32|     ap_ovld|                         arr_487_out|       pointer|
|arr_487_out_o          |  out|   32|     ap_ovld|                         arr_487_out|       pointer|
|arr_487_out_o_ap_vld   |  out|    1|     ap_ovld|                         arr_487_out|       pointer|
|arr_486_out_i          |   in|   32|     ap_ovld|                         arr_486_out|       pointer|
|arr_486_out_o          |  out|   32|     ap_ovld|                         arr_486_out|       pointer|
|arr_486_out_o_ap_vld   |  out|    1|     ap_ovld|                         arr_486_out|       pointer|
|arr_485_out_i          |   in|   32|     ap_ovld|                         arr_485_out|       pointer|
|arr_485_out_o          |  out|   32|     ap_ovld|                         arr_485_out|       pointer|
|arr_485_out_o_ap_vld   |  out|    1|     ap_ovld|                         arr_485_out|       pointer|
|arr_484_out_i          |   in|   32|     ap_ovld|                         arr_484_out|       pointer|
|arr_484_out_o          |  out|   32|     ap_ovld|                         arr_484_out|       pointer|
|arr_484_out_o_ap_vld   |  out|    1|     ap_ovld|                         arr_484_out|       pointer|
|arr_483_out_i          |   in|   32|     ap_ovld|                         arr_483_out|       pointer|
|arr_483_out_o          |  out|   32|     ap_ovld|                         arr_483_out|       pointer|
|arr_483_out_o_ap_vld   |  out|    1|     ap_ovld|                         arr_483_out|       pointer|
|arr_482_out_i          |   in|   32|     ap_ovld|                         arr_482_out|       pointer|
|arr_482_out_o          |  out|   32|     ap_ovld|                         arr_482_out|       pointer|
|arr_482_out_o_ap_vld   |  out|    1|     ap_ovld|                         arr_482_out|       pointer|
|arr_481_out_i          |   in|   32|     ap_ovld|                         arr_481_out|       pointer|
|arr_481_out_o          |  out|   32|     ap_ovld|                         arr_481_out|       pointer|
|arr_481_out_o_ap_vld   |  out|    1|     ap_ovld|                         arr_481_out|       pointer|
|arr_480_out_i          |   in|   32|     ap_ovld|                         arr_480_out|       pointer|
|arr_480_out_o          |  out|   32|     ap_ovld|                         arr_480_out|       pointer|
|arr_480_out_o_ap_vld   |  out|    1|     ap_ovld|                         arr_480_out|       pointer|
|arr_479_out_i          |   in|   32|     ap_ovld|                         arr_479_out|       pointer|
|arr_479_out_o          |  out|   32|     ap_ovld|                         arr_479_out|       pointer|
|arr_479_out_o_ap_vld   |  out|    1|     ap_ovld|                         arr_479_out|       pointer|
|arr_478_out_i          |   in|   32|     ap_ovld|                         arr_478_out|       pointer|
|arr_478_out_o          |  out|   32|     ap_ovld|                         arr_478_out|       pointer|
|arr_478_out_o_ap_vld   |  out|    1|     ap_ovld|                         arr_478_out|       pointer|
|arr_477_out_i          |   in|   32|     ap_ovld|                         arr_477_out|       pointer|
|arr_477_out_o          |  out|   32|     ap_ovld|                         arr_477_out|       pointer|
|arr_477_out_o_ap_vld   |  out|    1|     ap_ovld|                         arr_477_out|       pointer|
|arr_476_out_i          |   in|   32|     ap_ovld|                         arr_476_out|       pointer|
|arr_476_out_o          |  out|   32|     ap_ovld|                         arr_476_out|       pointer|
|arr_476_out_o_ap_vld   |  out|    1|     ap_ovld|                         arr_476_out|       pointer|
|arr_475_out_i          |   in|   32|     ap_ovld|                         arr_475_out|       pointer|
|arr_475_out_o          |  out|   32|     ap_ovld|                         arr_475_out|       pointer|
|arr_475_out_o_ap_vld   |  out|    1|     ap_ovld|                         arr_475_out|       pointer|
|arr_474_out_i          |   in|   32|     ap_ovld|                         arr_474_out|       pointer|
|arr_474_out_o          |  out|   32|     ap_ovld|                         arr_474_out|       pointer|
|arr_474_out_o_ap_vld   |  out|    1|     ap_ovld|                         arr_474_out|       pointer|
|arr_473_out_i          |   in|   32|     ap_ovld|                         arr_473_out|       pointer|
|arr_473_out_o          |  out|   32|     ap_ovld|                         arr_473_out|       pointer|
|arr_473_out_o_ap_vld   |  out|    1|     ap_ovld|                         arr_473_out|       pointer|
|arr_472_out_i          |   in|   32|     ap_ovld|                         arr_472_out|       pointer|
|arr_472_out_o          |  out|   32|     ap_ovld|                         arr_472_out|       pointer|
|arr_472_out_o_ap_vld   |  out|    1|     ap_ovld|                         arr_472_out|       pointer|
|arr_471_out_i          |   in|   32|     ap_ovld|                         arr_471_out|       pointer|
|arr_471_out_o          |  out|   32|     ap_ovld|                         arr_471_out|       pointer|
|arr_471_out_o_ap_vld   |  out|    1|     ap_ovld|                         arr_471_out|       pointer|
|arr_470_out_i          |   in|   32|     ap_ovld|                         arr_470_out|       pointer|
|arr_470_out_o          |  out|   32|     ap_ovld|                         arr_470_out|       pointer|
|arr_470_out_o_ap_vld   |  out|    1|     ap_ovld|                         arr_470_out|       pointer|
|arr_469_out_i          |   in|   32|     ap_ovld|                         arr_469_out|       pointer|
|arr_469_out_o          |  out|   32|     ap_ovld|                         arr_469_out|       pointer|
|arr_469_out_o_ap_vld   |  out|    1|     ap_ovld|                         arr_469_out|       pointer|
|arr_468_out_i          |   in|   32|     ap_ovld|                         arr_468_out|       pointer|
|arr_468_out_o          |  out|   32|     ap_ovld|                         arr_468_out|       pointer|
|arr_468_out_o_ap_vld   |  out|    1|     ap_ovld|                         arr_468_out|       pointer|
|arr_467_out_i          |   in|   32|     ap_ovld|                         arr_467_out|       pointer|
|arr_467_out_o          |  out|   32|     ap_ovld|                         arr_467_out|       pointer|
|arr_467_out_o_ap_vld   |  out|    1|     ap_ovld|                         arr_467_out|       pointer|
|arr_466_out_i          |   in|   32|     ap_ovld|                         arr_466_out|       pointer|
|arr_466_out_o          |  out|   32|     ap_ovld|                         arr_466_out|       pointer|
|arr_466_out_o_ap_vld   |  out|    1|     ap_ovld|                         arr_466_out|       pointer|
|arr_465_out_i          |   in|   32|     ap_ovld|                         arr_465_out|       pointer|
|arr_465_out_o          |  out|   32|     ap_ovld|                         arr_465_out|       pointer|
|arr_465_out_o_ap_vld   |  out|    1|     ap_ovld|                         arr_465_out|       pointer|
|arr_464_out_i          |   in|   32|     ap_ovld|                         arr_464_out|       pointer|
|arr_464_out_o          |  out|   32|     ap_ovld|                         arr_464_out|       pointer|
|arr_464_out_o_ap_vld   |  out|    1|     ap_ovld|                         arr_464_out|       pointer|
|arr_463_out_i          |   in|   32|     ap_ovld|                         arr_463_out|       pointer|
|arr_463_out_o          |  out|   32|     ap_ovld|                         arr_463_out|       pointer|
|arr_463_out_o_ap_vld   |  out|    1|     ap_ovld|                         arr_463_out|       pointer|
|arr_462_out_i          |   in|   32|     ap_ovld|                         arr_462_out|       pointer|
|arr_462_out_o          |  out|   32|     ap_ovld|                         arr_462_out|       pointer|
|arr_462_out_o_ap_vld   |  out|    1|     ap_ovld|                         arr_462_out|       pointer|
|arr_461_out_i          |   in|   32|     ap_ovld|                         arr_461_out|       pointer|
|arr_461_out_o          |  out|   32|     ap_ovld|                         arr_461_out|       pointer|
|arr_461_out_o_ap_vld   |  out|    1|     ap_ovld|                         arr_461_out|       pointer|
|arr_460_out_i          |   in|   32|     ap_ovld|                         arr_460_out|       pointer|
|arr_460_out_o          |  out|   32|     ap_ovld|                         arr_460_out|       pointer|
|arr_460_out_o_ap_vld   |  out|    1|     ap_ovld|                         arr_460_out|       pointer|
|arr_459_out_i          |   in|   32|     ap_ovld|                         arr_459_out|       pointer|
|arr_459_out_o          |  out|   32|     ap_ovld|                         arr_459_out|       pointer|
|arr_459_out_o_ap_vld   |  out|    1|     ap_ovld|                         arr_459_out|       pointer|
|arr_458_out_i          |   in|   32|     ap_ovld|                         arr_458_out|       pointer|
|arr_458_out_o          |  out|   32|     ap_ovld|                         arr_458_out|       pointer|
|arr_458_out_o_ap_vld   |  out|    1|     ap_ovld|                         arr_458_out|       pointer|
|arr_457_out_i          |   in|   32|     ap_ovld|                         arr_457_out|       pointer|
|arr_457_out_o          |  out|   32|     ap_ovld|                         arr_457_out|       pointer|
|arr_457_out_o_ap_vld   |  out|    1|     ap_ovld|                         arr_457_out|       pointer|
|arr_456_out_i          |   in|   32|     ap_ovld|                         arr_456_out|       pointer|
|arr_456_out_o          |  out|   32|     ap_ovld|                         arr_456_out|       pointer|
|arr_456_out_o_ap_vld   |  out|    1|     ap_ovld|                         arr_456_out|       pointer|
|arr_455_out_i          |   in|   32|     ap_ovld|                         arr_455_out|       pointer|
|arr_455_out_o          |  out|   32|     ap_ovld|                         arr_455_out|       pointer|
|arr_455_out_o_ap_vld   |  out|    1|     ap_ovld|                         arr_455_out|       pointer|
|arr_454_out_i          |   in|   32|     ap_ovld|                         arr_454_out|       pointer|
|arr_454_out_o          |  out|   32|     ap_ovld|                         arr_454_out|       pointer|
|arr_454_out_o_ap_vld   |  out|    1|     ap_ovld|                         arr_454_out|       pointer|
|arr_453_out_i          |   in|   32|     ap_ovld|                         arr_453_out|       pointer|
|arr_453_out_o          |  out|   32|     ap_ovld|                         arr_453_out|       pointer|
|arr_453_out_o_ap_vld   |  out|    1|     ap_ovld|                         arr_453_out|       pointer|
|arr_452_out_i          |   in|   32|     ap_ovld|                         arr_452_out|       pointer|
|arr_452_out_o          |  out|   32|     ap_ovld|                         arr_452_out|       pointer|
|arr_452_out_o_ap_vld   |  out|    1|     ap_ovld|                         arr_452_out|       pointer|
|arr_451_out_i          |   in|   32|     ap_ovld|                         arr_451_out|       pointer|
|arr_451_out_o          |  out|   32|     ap_ovld|                         arr_451_out|       pointer|
|arr_451_out_o_ap_vld   |  out|    1|     ap_ovld|                         arr_451_out|       pointer|
|arr_450_out_i          |   in|   32|     ap_ovld|                         arr_450_out|       pointer|
|arr_450_out_o          |  out|   32|     ap_ovld|                         arr_450_out|       pointer|
|arr_450_out_o_ap_vld   |  out|    1|     ap_ovld|                         arr_450_out|       pointer|
|arr_449_out_i          |   in|   32|     ap_ovld|                         arr_449_out|       pointer|
|arr_449_out_o          |  out|   32|     ap_ovld|                         arr_449_out|       pointer|
|arr_449_out_o_ap_vld   |  out|    1|     ap_ovld|                         arr_449_out|       pointer|
|arr_448_out_i          |   in|   32|     ap_ovld|                         arr_448_out|       pointer|
|arr_448_out_o          |  out|   32|     ap_ovld|                         arr_448_out|       pointer|
|arr_448_out_o_ap_vld   |  out|    1|     ap_ovld|                         arr_448_out|       pointer|
|arr_447_out_i          |   in|   32|     ap_ovld|                         arr_447_out|       pointer|
|arr_447_out_o          |  out|   32|     ap_ovld|                         arr_447_out|       pointer|
|arr_447_out_o_ap_vld   |  out|    1|     ap_ovld|                         arr_447_out|       pointer|
|arr_446_out_i          |   in|   32|     ap_ovld|                         arr_446_out|       pointer|
|arr_446_out_o          |  out|   32|     ap_ovld|                         arr_446_out|       pointer|
|arr_446_out_o_ap_vld   |  out|    1|     ap_ovld|                         arr_446_out|       pointer|
|arr_445_out_i          |   in|   32|     ap_ovld|                         arr_445_out|       pointer|
|arr_445_out_o          |  out|   32|     ap_ovld|                         arr_445_out|       pointer|
|arr_445_out_o_ap_vld   |  out|    1|     ap_ovld|                         arr_445_out|       pointer|
|arr_444_out_i          |   in|   32|     ap_ovld|                         arr_444_out|       pointer|
|arr_444_out_o          |  out|   32|     ap_ovld|                         arr_444_out|       pointer|
|arr_444_out_o_ap_vld   |  out|    1|     ap_ovld|                         arr_444_out|       pointer|
|arr_443_out_i          |   in|   32|     ap_ovld|                         arr_443_out|       pointer|
|arr_443_out_o          |  out|   32|     ap_ovld|                         arr_443_out|       pointer|
|arr_443_out_o_ap_vld   |  out|    1|     ap_ovld|                         arr_443_out|       pointer|
|arr_442_out_i          |   in|   32|     ap_ovld|                         arr_442_out|       pointer|
|arr_442_out_o          |  out|   32|     ap_ovld|                         arr_442_out|       pointer|
|arr_442_out_o_ap_vld   |  out|    1|     ap_ovld|                         arr_442_out|       pointer|
|arr_441_out_i          |   in|   32|     ap_ovld|                         arr_441_out|       pointer|
|arr_441_out_o          |  out|   32|     ap_ovld|                         arr_441_out|       pointer|
|arr_441_out_o_ap_vld   |  out|    1|     ap_ovld|                         arr_441_out|       pointer|
|arr_440_out_i          |   in|   32|     ap_ovld|                         arr_440_out|       pointer|
|arr_440_out_o          |  out|   32|     ap_ovld|                         arr_440_out|       pointer|
|arr_440_out_o_ap_vld   |  out|    1|     ap_ovld|                         arr_440_out|       pointer|
|arr_439_out_i          |   in|   32|     ap_ovld|                         arr_439_out|       pointer|
|arr_439_out_o          |  out|   32|     ap_ovld|                         arr_439_out|       pointer|
|arr_439_out_o_ap_vld   |  out|    1|     ap_ovld|                         arr_439_out|       pointer|
|arr_438_out_i          |   in|   32|     ap_ovld|                         arr_438_out|       pointer|
|arr_438_out_o          |  out|   32|     ap_ovld|                         arr_438_out|       pointer|
|arr_438_out_o_ap_vld   |  out|    1|     ap_ovld|                         arr_438_out|       pointer|
|arr_437_out_i          |   in|   32|     ap_ovld|                         arr_437_out|       pointer|
|arr_437_out_o          |  out|   32|     ap_ovld|                         arr_437_out|       pointer|
|arr_437_out_o_ap_vld   |  out|    1|     ap_ovld|                         arr_437_out|       pointer|
|arr_436_out_i          |   in|   32|     ap_ovld|                         arr_436_out|       pointer|
|arr_436_out_o          |  out|   32|     ap_ovld|                         arr_436_out|       pointer|
|arr_436_out_o_ap_vld   |  out|    1|     ap_ovld|                         arr_436_out|       pointer|
|arr_435_out_i          |   in|   32|     ap_ovld|                         arr_435_out|       pointer|
|arr_435_out_o          |  out|   32|     ap_ovld|                         arr_435_out|       pointer|
|arr_435_out_o_ap_vld   |  out|    1|     ap_ovld|                         arr_435_out|       pointer|
|arr_434_out_i          |   in|   32|     ap_ovld|                         arr_434_out|       pointer|
|arr_434_out_o          |  out|   32|     ap_ovld|                         arr_434_out|       pointer|
|arr_434_out_o_ap_vld   |  out|    1|     ap_ovld|                         arr_434_out|       pointer|
|arr_433_out_i          |   in|   32|     ap_ovld|                         arr_433_out|       pointer|
|arr_433_out_o          |  out|   32|     ap_ovld|                         arr_433_out|       pointer|
|arr_433_out_o_ap_vld   |  out|    1|     ap_ovld|                         arr_433_out|       pointer|
|arr_432_out_i          |   in|   32|     ap_ovld|                         arr_432_out|       pointer|
|arr_432_out_o          |  out|   32|     ap_ovld|                         arr_432_out|       pointer|
|arr_432_out_o_ap_vld   |  out|    1|     ap_ovld|                         arr_432_out|       pointer|
|arr_431_out_i          |   in|   32|     ap_ovld|                         arr_431_out|       pointer|
|arr_431_out_o          |  out|   32|     ap_ovld|                         arr_431_out|       pointer|
|arr_431_out_o_ap_vld   |  out|    1|     ap_ovld|                         arr_431_out|       pointer|
|arr_430_out_i          |   in|   32|     ap_ovld|                         arr_430_out|       pointer|
|arr_430_out_o          |  out|   32|     ap_ovld|                         arr_430_out|       pointer|
|arr_430_out_o_ap_vld   |  out|    1|     ap_ovld|                         arr_430_out|       pointer|
|arr_429_out_i          |   in|   32|     ap_ovld|                         arr_429_out|       pointer|
|arr_429_out_o          |  out|   32|     ap_ovld|                         arr_429_out|       pointer|
|arr_429_out_o_ap_vld   |  out|    1|     ap_ovld|                         arr_429_out|       pointer|
|arr_428_out_i          |   in|   32|     ap_ovld|                         arr_428_out|       pointer|
|arr_428_out_o          |  out|   32|     ap_ovld|                         arr_428_out|       pointer|
|arr_428_out_o_ap_vld   |  out|    1|     ap_ovld|                         arr_428_out|       pointer|
|arr_427_out_i          |   in|   32|     ap_ovld|                         arr_427_out|       pointer|
|arr_427_out_o          |  out|   32|     ap_ovld|                         arr_427_out|       pointer|
|arr_427_out_o_ap_vld   |  out|    1|     ap_ovld|                         arr_427_out|       pointer|
|arr_426_out_i          |   in|   32|     ap_ovld|                         arr_426_out|       pointer|
|arr_426_out_o          |  out|   32|     ap_ovld|                         arr_426_out|       pointer|
|arr_426_out_o_ap_vld   |  out|    1|     ap_ovld|                         arr_426_out|       pointer|
|arr_425_out_i          |   in|   32|     ap_ovld|                         arr_425_out|       pointer|
|arr_425_out_o          |  out|   32|     ap_ovld|                         arr_425_out|       pointer|
|arr_425_out_o_ap_vld   |  out|    1|     ap_ovld|                         arr_425_out|       pointer|
|arr_424_out_i          |   in|   32|     ap_ovld|                         arr_424_out|       pointer|
|arr_424_out_o          |  out|   32|     ap_ovld|                         arr_424_out|       pointer|
|arr_424_out_o_ap_vld   |  out|    1|     ap_ovld|                         arr_424_out|       pointer|
|arr_423_out_i          |   in|   32|     ap_ovld|                         arr_423_out|       pointer|
|arr_423_out_o          |  out|   32|     ap_ovld|                         arr_423_out|       pointer|
|arr_423_out_o_ap_vld   |  out|    1|     ap_ovld|                         arr_423_out|       pointer|
|arr_422_out_i          |   in|   32|     ap_ovld|                         arr_422_out|       pointer|
|arr_422_out_o          |  out|   32|     ap_ovld|                         arr_422_out|       pointer|
|arr_422_out_o_ap_vld   |  out|    1|     ap_ovld|                         arr_422_out|       pointer|
|arr_421_out_i          |   in|   32|     ap_ovld|                         arr_421_out|       pointer|
|arr_421_out_o          |  out|   32|     ap_ovld|                         arr_421_out|       pointer|
|arr_421_out_o_ap_vld   |  out|    1|     ap_ovld|                         arr_421_out|       pointer|
|arr_420_out_i          |   in|   32|     ap_ovld|                         arr_420_out|       pointer|
|arr_420_out_o          |  out|   32|     ap_ovld|                         arr_420_out|       pointer|
|arr_420_out_o_ap_vld   |  out|    1|     ap_ovld|                         arr_420_out|       pointer|
|arr_419_out_i          |   in|   32|     ap_ovld|                         arr_419_out|       pointer|
|arr_419_out_o          |  out|   32|     ap_ovld|                         arr_419_out|       pointer|
|arr_419_out_o_ap_vld   |  out|    1|     ap_ovld|                         arr_419_out|       pointer|
|arr_418_out_i          |   in|   32|     ap_ovld|                         arr_418_out|       pointer|
|arr_418_out_o          |  out|   32|     ap_ovld|                         arr_418_out|       pointer|
|arr_418_out_o_ap_vld   |  out|    1|     ap_ovld|                         arr_418_out|       pointer|
|arr_417_out_i          |   in|   32|     ap_ovld|                         arr_417_out|       pointer|
|arr_417_out_o          |  out|   32|     ap_ovld|                         arr_417_out|       pointer|
|arr_417_out_o_ap_vld   |  out|    1|     ap_ovld|                         arr_417_out|       pointer|
|arr_416_out_i          |   in|   32|     ap_ovld|                         arr_416_out|       pointer|
|arr_416_out_o          |  out|   32|     ap_ovld|                         arr_416_out|       pointer|
|arr_416_out_o_ap_vld   |  out|    1|     ap_ovld|                         arr_416_out|       pointer|
|arr_415_out_i          |   in|   32|     ap_ovld|                         arr_415_out|       pointer|
|arr_415_out_o          |  out|   32|     ap_ovld|                         arr_415_out|       pointer|
|arr_415_out_o_ap_vld   |  out|    1|     ap_ovld|                         arr_415_out|       pointer|
|arr_414_out_i          |   in|   32|     ap_ovld|                         arr_414_out|       pointer|
|arr_414_out_o          |  out|   32|     ap_ovld|                         arr_414_out|       pointer|
|arr_414_out_o_ap_vld   |  out|    1|     ap_ovld|                         arr_414_out|       pointer|
|arr_413_out_i          |   in|   32|     ap_ovld|                         arr_413_out|       pointer|
|arr_413_out_o          |  out|   32|     ap_ovld|                         arr_413_out|       pointer|
|arr_413_out_o_ap_vld   |  out|    1|     ap_ovld|                         arr_413_out|       pointer|
|arr_412_out_i          |   in|   32|     ap_ovld|                         arr_412_out|       pointer|
|arr_412_out_o          |  out|   32|     ap_ovld|                         arr_412_out|       pointer|
|arr_412_out_o_ap_vld   |  out|    1|     ap_ovld|                         arr_412_out|       pointer|
|arr_411_out_i          |   in|   32|     ap_ovld|                         arr_411_out|       pointer|
|arr_411_out_o          |  out|   32|     ap_ovld|                         arr_411_out|       pointer|
|arr_411_out_o_ap_vld   |  out|    1|     ap_ovld|                         arr_411_out|       pointer|
|arr_410_out_i          |   in|   32|     ap_ovld|                         arr_410_out|       pointer|
|arr_410_out_o          |  out|   32|     ap_ovld|                         arr_410_out|       pointer|
|arr_410_out_o_ap_vld   |  out|    1|     ap_ovld|                         arr_410_out|       pointer|
|arr_409_out_i          |   in|   32|     ap_ovld|                         arr_409_out|       pointer|
|arr_409_out_o          |  out|   32|     ap_ovld|                         arr_409_out|       pointer|
|arr_409_out_o_ap_vld   |  out|    1|     ap_ovld|                         arr_409_out|       pointer|
|arr_408_out_i          |   in|   32|     ap_ovld|                         arr_408_out|       pointer|
|arr_408_out_o          |  out|   32|     ap_ovld|                         arr_408_out|       pointer|
|arr_408_out_o_ap_vld   |  out|    1|     ap_ovld|                         arr_408_out|       pointer|
|arr_407_out_i          |   in|   32|     ap_ovld|                         arr_407_out|       pointer|
|arr_407_out_o          |  out|   32|     ap_ovld|                         arr_407_out|       pointer|
|arr_407_out_o_ap_vld   |  out|    1|     ap_ovld|                         arr_407_out|       pointer|
|arr_406_out_i          |   in|   32|     ap_ovld|                         arr_406_out|       pointer|
|arr_406_out_o          |  out|   32|     ap_ovld|                         arr_406_out|       pointer|
|arr_406_out_o_ap_vld   |  out|    1|     ap_ovld|                         arr_406_out|       pointer|
|arr_405_out_i          |   in|   32|     ap_ovld|                         arr_405_out|       pointer|
|arr_405_out_o          |  out|   32|     ap_ovld|                         arr_405_out|       pointer|
|arr_405_out_o_ap_vld   |  out|    1|     ap_ovld|                         arr_405_out|       pointer|
|arr_404_out_i          |   in|   32|     ap_ovld|                         arr_404_out|       pointer|
|arr_404_out_o          |  out|   32|     ap_ovld|                         arr_404_out|       pointer|
|arr_404_out_o_ap_vld   |  out|    1|     ap_ovld|                         arr_404_out|       pointer|
|arr_403_out_i          |   in|   32|     ap_ovld|                         arr_403_out|       pointer|
|arr_403_out_o          |  out|   32|     ap_ovld|                         arr_403_out|       pointer|
|arr_403_out_o_ap_vld   |  out|    1|     ap_ovld|                         arr_403_out|       pointer|
|arr_402_out_i          |   in|   32|     ap_ovld|                         arr_402_out|       pointer|
|arr_402_out_o          |  out|   32|     ap_ovld|                         arr_402_out|       pointer|
|arr_402_out_o_ap_vld   |  out|    1|     ap_ovld|                         arr_402_out|       pointer|
|arr_401_out_i          |   in|   32|     ap_ovld|                         arr_401_out|       pointer|
|arr_401_out_o          |  out|   32|     ap_ovld|                         arr_401_out|       pointer|
|arr_401_out_o_ap_vld   |  out|    1|     ap_ovld|                         arr_401_out|       pointer|
|arr_400_out_i          |   in|   32|     ap_ovld|                         arr_400_out|       pointer|
|arr_400_out_o          |  out|   32|     ap_ovld|                         arr_400_out|       pointer|
|arr_400_out_o_ap_vld   |  out|    1|     ap_ovld|                         arr_400_out|       pointer|
+-----------------------+-----+-----+------------+------------------------------------+--------------+

