

================================================================
== Vitis HLS Report for 'topk_sort'
================================================================
* Date:           Sun Jul 21 01:25:30 2024

* Version:        2022.1 (Build 3526262 on Mon Apr 18 15:48:16 MDT 2022)
* Project:        topk_sort
* Solution:       solution1 (Vivado IP Flow Target)
* Product family: zynquplus
* Target device:  xck26-sfvc784-2LV-c


================================================================
== Performance Estimates
================================================================
+ Timing: 
    * Summary: 
    +--------+----------+----------+------------+
    |  Clock |  Target  | Estimated| Uncertainty|
    +--------+----------+----------+------------+
    |ap_clk  |  10.00 ns|  2.598 ns|     2.70 ns|
    +--------+----------+----------+------------+

+ Latency: 
    * Summary: 
    +---------+---------+----------+----------+--------+--------+---------+
    |  Latency (cycles) |  Latency (absolute) |     Interval    | Pipeline|
    |   min   |   max   |    min   |    max   |   min  |   max  |   Type  |
    +---------+---------+----------+----------+--------+--------+---------+
    |   105704|   115406|  1.057 ms|  1.154 ms|  105705|  115407|       no|
    +---------+---------+----------+----------+--------+--------+---------+

    + Detail: 
        * Instance: 
        +------------------------------------------------+------------------------------------+---------+---------+-----------+----------+-----+-----+---------+
        |                                                |                                    |  Latency (cycles) |  Latency (absolute)  |  Interval | Pipeline|
        |                    Instance                    |               Module               |   min   |   max   |    min    |    max   | min | max |   Type  |
        +------------------------------------------------+------------------------------------+---------+---------+-----------+----------+-----+-----+---------+
        |grp_topk_sort_Pipeline_VITIS_LOOP_20_1_fu_1700  |topk_sort_Pipeline_VITIS_LOOP_20_1  |      102|      102|   1.020 us|  1.020 us|  102|  102|       no|
        |grp_topk_sort_Pipeline_VITIS_LOOP_36_3_fu_1904  |topk_sort_Pipeline_VITIS_LOOP_36_3  |      102|      102|   1.020 us|  1.020 us|  102|  102|       no|
        |grp_topk_sort_Pipeline_VITIS_LOOP_58_5_fu_2109  |topk_sort_Pipeline_VITIS_LOOP_58_5  |        3|      101|  30.000 ns|  1.010 us|    3|  101|       no|
        |grp_topk_sort_Pipeline_VITIS_LOOP_70_6_fu_2314  |topk_sort_Pipeline_VITIS_LOOP_70_6  |      102|      102|   1.020 us|  1.020 us|  102|  102|       no|
        +------------------------------------------------+------------------------------------+---------+---------+-----------+----------+-----+-----+---------+

        * Loop: 
        +-------------------+---------+---------+----------+-----------+-----------+------+----------+
        |                   |  Latency (cycles) | Iteration|  Initiation Interval  | Trip |          |
        |     Loop Name     |   min   |   max   |  Latency |  achieved |   target  | Count| Pipelined|
        +-------------------+---------+---------+----------+-----------+-----------+------+----------+
        |- VITIS_LOOP_30_2  |   105000|   105000|       105|          -|          -|  1000|        no|
        |- VITIS_LOOP_57_4  |      495|    10197|   5 ~ 103|          -|          -|    99|        no|
        +-------------------+---------+---------+----------+-----------+-----------+------+----------+



================================================================
== Utilization Estimates
================================================================
* Summary: 
+-----------------+---------+------+--------+--------+-----+
|       Name      | BRAM_18K|  DSP |   FF   |   LUT  | URAM|
+-----------------+---------+------+--------+--------+-----+
|DSP              |        -|     -|       -|       -|    -|
|Expression       |        -|     -|       0|      68|    -|
|FIFO             |        -|     -|       -|       -|    -|
|Instance         |        0|     -|     164|    7975|    0|
|Memory           |        -|     -|       -|       -|    -|
|Multiplexer      |        -|     -|       -|    3690|    -|
|Register         |        -|     -|   12876|       -|    -|
+-----------------+---------+------+--------+--------+-----+
|Total            |        0|     0|   13040|   11733|    0|
+-----------------+---------+------+--------+--------+-----+
|Available        |      288|  1248|  234240|  117120|   64|
+-----------------+---------+------+--------+--------+-----+
|Utilization (%)  |        0|     0|       5|      10|    0|
+-----------------+---------+------+--------+--------+-----+

+ Detail: 
    * Instance: 
    +------------------------------------------------+------------------------------------+---------+----+----+------+-----+
    |                    Instance                    |               Module               | BRAM_18K| DSP| FF |  LUT | URAM|
    +------------------------------------------------+------------------------------------+---------+----+----+------+-----+
    |CONTROL_BUS_s_axi_U                             |CONTROL_BUS_s_axi                   |        0|   0|  36|    40|    0|
    |grp_topk_sort_Pipeline_VITIS_LOOP_20_1_fu_1700  |topk_sort_Pipeline_VITIS_LOOP_20_1  |        0|   0|   9|    51|    0|
    |grp_topk_sort_Pipeline_VITIS_LOOP_36_3_fu_1904  |topk_sort_Pipeline_VITIS_LOOP_36_3  |        0|   0|   9|  3656|    0|
    |grp_topk_sort_Pipeline_VITIS_LOOP_58_5_fu_2109  |topk_sort_Pipeline_VITIS_LOOP_58_5  |        0|   0|  67|  3646|    0|
    |grp_topk_sort_Pipeline_VITIS_LOOP_70_6_fu_2314  |topk_sort_Pipeline_VITIS_LOOP_70_6  |        0|   0|  43|   582|    0|
    +------------------------------------------------+------------------------------------+---------+----+----+------+-----+
    |Total                                           |                                    |        0|   0| 164|  7975|    0|
    +------------------------------------------------+------------------------------------+---------+----+----+------+-----+

    * DSP: 
    N/A

    * Memory: 
    N/A

    * FIFO: 
    N/A

    * Expression: 
    +-------------------------------------------------------------+----------+----+---+----+------------+------------+
    |                        Variable Name                        | Operation| DSP| FF| LUT| Bitwidth P0| Bitwidth P1|
    +-------------------------------------------------------------+----------+----+---+----+------------+------------+
    |add_ln57_fu_4085_p2                                          |         +|   0|  0|  14|           7|           1|
    |i_3_fu_3040_p2                                               |         +|   0|  0|  17|          10|           1|
    |j_fu_4075_p2                                                 |         +|   0|  0|  14|           7|           1|
    |grp_topk_sort_Pipeline_VITIS_LOOP_70_6_fu_2314_ostrm_TREADY  |       and|   0|  0|   2|           1|           1|
    |icmp_ln30_fu_3034_p2                                         |      icmp|   0|  0|  11|          10|           6|
    |icmp_ln57_fu_4069_p2                                         |      icmp|   0|  0|  10|           7|           6|
    +-------------------------------------------------------------+----------+----+---+----+------------+------------+
    |Total                                                        |          |   0|  0|  68|          42|          16|
    +-------------------------------------------------------------+----------+----+---+----+------------+------------+

    * Multiplexer: 
    +----------------------+----+-----------+-----+-----------+
    |         Name         | LUT| Input Size| Bits| Total Bits|
    +----------------------+----+-----------+-----+-----------+
    |ap_NS_fsm             |  54|         10|    1|         10|
    |arr_100_fu_888        |   9|          2|   32|         64|
    |arr_101_fu_892        |   9|          2|   32|         64|
    |arr_102_fu_896        |   9|          2|   32|         64|
    |arr_103_fu_900        |   9|          2|   32|         64|
    |arr_104_fu_904        |   9|          2|   32|         64|
    |arr_105_fu_908        |   9|          2|   32|         64|
    |arr_106_fu_912        |   9|          2|   32|         64|
    |arr_107_fu_916        |   9|          2|   32|         64|
    |arr_108_fu_920        |   9|          2|   32|         64|
    |arr_109_fu_924        |   9|          2|   32|         64|
    |arr_10_fu_120         |   9|          2|   32|         64|
    |arr_110_fu_928        |   9|          2|   32|         64|
    |arr_111_fu_932        |   9|          2|   32|         64|
    |arr_112_fu_936        |   9|          2|   32|         64|
    |arr_113_fu_940        |   9|          2|   32|         64|
    |arr_114_fu_944        |   9|          2|   32|         64|
    |arr_115_fu_948        |   9|          2|   32|         64|
    |arr_116_fu_952        |   9|          2|   32|         64|
    |arr_117_fu_956        |   9|          2|   32|         64|
    |arr_118_fu_960        |   9|          2|   32|         64|
    |arr_119_fu_964        |   9|          2|   32|         64|
    |arr_11_fu_124         |   9|          2|   32|         64|
    |arr_120_fu_968        |   9|          2|   32|         64|
    |arr_121_fu_972        |   9|          2|   32|         64|
    |arr_122_fu_976        |   9|          2|   32|         64|
    |arr_123_fu_980        |   9|          2|   32|         64|
    |arr_124_fu_984        |   9|          2|   32|         64|
    |arr_125_fu_988        |   9|          2|   32|         64|
    |arr_126_fu_992        |   9|          2|   32|         64|
    |arr_127_fu_996        |   9|          2|   32|         64|
    |arr_128_fu_1000       |   9|          2|   32|         64|
    |arr_129_fu_1004       |   9|          2|   32|         64|
    |arr_12_fu_128         |   9|          2|   32|         64|
    |arr_130_fu_1008       |   9|          2|   32|         64|
    |arr_131_fu_1012       |   9|          2|   32|         64|
    |arr_132_fu_1016       |   9|          2|   32|         64|
    |arr_133_fu_1020       |   9|          2|   32|         64|
    |arr_134_fu_1024       |   9|          2|   32|         64|
    |arr_135_fu_1028       |   9|          2|   32|         64|
    |arr_136_fu_1032       |   9|          2|   32|         64|
    |arr_137_fu_1036       |   9|          2|   32|         64|
    |arr_138_fu_1040       |   9|          2|   32|         64|
    |arr_139_fu_1044       |   9|          2|   32|         64|
    |arr_13_fu_132         |   9|          2|   32|         64|
    |arr_140_fu_1048       |   9|          2|   32|         64|
    |arr_141_fu_1052       |   9|          2|   32|         64|
    |arr_142_fu_1056       |   9|          2|   32|         64|
    |arr_143_fu_1060       |   9|          2|   32|         64|
    |arr_144_fu_1064       |   9|          2|   32|         64|
    |arr_145_fu_1068       |   9|          2|   32|         64|
    |arr_146_fu_1072       |   9|          2|   32|         64|
    |arr_147_fu_1076       |   9|          2|   32|         64|
    |arr_148_fu_1080       |   9|          2|   32|         64|
    |arr_149_fu_1084       |   9|          2|   32|         64|
    |arr_14_fu_136         |   9|          2|   32|         64|
    |arr_150_fu_1088       |   9|          2|   32|         64|
    |arr_151_fu_1092       |   9|          2|   32|         64|
    |arr_152_fu_1096       |   9|          2|   32|         64|
    |arr_153_fu_1100       |   9|          2|   32|         64|
    |arr_154_fu_1104       |   9|          2|   32|         64|
    |arr_155_fu_1108       |   9|          2|   32|         64|
    |arr_156_fu_1112       |   9|          2|   32|         64|
    |arr_157_fu_1116       |   9|          2|   32|         64|
    |arr_158_fu_1120       |   9|          2|   32|         64|
    |arr_159_fu_1124       |   9|          2|   32|         64|
    |arr_15_fu_140         |   9|          2|   32|         64|
    |arr_160_fu_1128       |   9|          2|   32|         64|
    |arr_161_fu_1132       |   9|          2|   32|         64|
    |arr_162_fu_1136       |   9|          2|   32|         64|
    |arr_163_fu_1140       |   9|          2|   32|         64|
    |arr_164_fu_1144       |   9|          2|   32|         64|
    |arr_165_fu_1148       |   9|          2|   32|         64|
    |arr_166_fu_1152       |   9|          2|   32|         64|
    |arr_167_fu_1156       |   9|          2|   32|         64|
    |arr_168_fu_1160       |   9|          2|   32|         64|
    |arr_169_fu_1164       |   9|          2|   32|         64|
    |arr_16_fu_144         |   9|          2|   32|         64|
    |arr_170_fu_1168       |   9|          2|   32|         64|
    |arr_171_fu_1172       |   9|          2|   32|         64|
    |arr_172_fu_1176       |   9|          2|   32|         64|
    |arr_173_fu_1180       |   9|          2|   32|         64|
    |arr_174_fu_1184       |   9|          2|   32|         64|
    |arr_175_fu_1188       |   9|          2|   32|         64|
    |arr_176_fu_1192       |   9|          2|   32|         64|
    |arr_177_fu_1196       |   9|          2|   32|         64|
    |arr_178_fu_1200       |   9|          2|   32|         64|
    |arr_179_fu_1204       |   9|          2|   32|         64|
    |arr_17_fu_148         |   9|          2|   32|         64|
    |arr_180_fu_1208       |   9|          2|   32|         64|
    |arr_181_fu_1212       |   9|          2|   32|         64|
    |arr_182_fu_1216       |   9|          2|   32|         64|
    |arr_183_fu_1220       |   9|          2|   32|         64|
    |arr_184_fu_1224       |   9|          2|   32|         64|
    |arr_185_fu_1228       |   9|          2|   32|         64|
    |arr_186_fu_1232       |   9|          2|   32|         64|
    |arr_187_fu_1236       |   9|          2|   32|         64|
    |arr_188_fu_1240       |   9|          2|   32|         64|
    |arr_189_fu_1244       |   9|          2|   32|         64|
    |arr_18_fu_152         |   9|          2|   32|         64|
    |arr_190_fu_1248       |   9|          2|   32|         64|
    |arr_191_fu_1252       |   9|          2|   32|         64|
    |arr_192_fu_1256       |   9|          2|   32|         64|
    |arr_193_fu_1260       |   9|          2|   32|         64|
    |arr_194_fu_1264       |   9|          2|   32|         64|
    |arr_195_fu_1268       |   9|          2|   32|         64|
    |arr_196_fu_1272       |   9|          2|   32|         64|
    |arr_197_fu_1276       |   9|          2|   32|         64|
    |arr_198_fu_1280       |   9|          2|   32|         64|
    |arr_199_fu_1284       |   9|          2|   32|         64|
    |arr_19_fu_156         |   9|          2|   32|         64|
    |arr_1_fu_84           |   9|          2|   32|         64|
    |arr_20_fu_160         |   9|          2|   32|         64|
    |arr_21_fu_164         |   9|          2|   32|         64|
    |arr_22_fu_168         |   9|          2|   32|         64|
    |arr_23_fu_172         |   9|          2|   32|         64|
    |arr_24_fu_176         |   9|          2|   32|         64|
    |arr_25_fu_180         |   9|          2|   32|         64|
    |arr_26_fu_184         |   9|          2|   32|         64|
    |arr_27_fu_188         |   9|          2|   32|         64|
    |arr_28_fu_192         |   9|          2|   32|         64|
    |arr_29_fu_196         |   9|          2|   32|         64|
    |arr_2_fu_88           |   9|          2|   32|         64|
    |arr_30_fu_200         |   9|          2|   32|         64|
    |arr_31_fu_204         |   9|          2|   32|         64|
    |arr_32_fu_208         |   9|          2|   32|         64|
    |arr_33_fu_212         |   9|          2|   32|         64|
    |arr_34_fu_216         |   9|          2|   32|         64|
    |arr_35_fu_220         |   9|          2|   32|         64|
    |arr_36_fu_224         |   9|          2|   32|         64|
    |arr_37_fu_228         |   9|          2|   32|         64|
    |arr_38_fu_232         |   9|          2|   32|         64|
    |arr_39_fu_236         |   9|          2|   32|         64|
    |arr_3_fu_92           |   9|          2|   32|         64|
    |arr_40_fu_240         |   9|          2|   32|         64|
    |arr_41_fu_244         |   9|          2|   32|         64|
    |arr_42_fu_248         |   9|          2|   32|         64|
    |arr_43_fu_252         |   9|          2|   32|         64|
    |arr_44_fu_256         |   9|          2|   32|         64|
    |arr_45_fu_260         |   9|          2|   32|         64|
    |arr_46_fu_264         |   9|          2|   32|         64|
    |arr_47_fu_268         |   9|          2|   32|         64|
    |arr_48_fu_272         |   9|          2|   32|         64|
    |arr_49_fu_276         |   9|          2|   32|         64|
    |arr_4_fu_96           |   9|          2|   32|         64|
    |arr_50_fu_280         |   9|          2|   32|         64|
    |arr_51_fu_284         |   9|          2|   32|         64|
    |arr_52_fu_288         |   9|          2|   32|         64|
    |arr_53_fu_292         |   9|          2|   32|         64|
    |arr_54_fu_296         |   9|          2|   32|         64|
    |arr_55_fu_300         |   9|          2|   32|         64|
    |arr_56_fu_304         |   9|          2|   32|         64|
    |arr_57_fu_308         |   9|          2|   32|         64|
    |arr_58_fu_312         |   9|          2|   32|         64|
    |arr_59_fu_316         |   9|          2|   32|         64|
    |arr_5_fu_100          |   9|          2|   32|         64|
    |arr_60_fu_320         |   9|          2|   32|         64|
    |arr_61_fu_324         |   9|          2|   32|         64|
    |arr_62_fu_328         |   9|          2|   32|         64|
    |arr_63_fu_332         |   9|          2|   32|         64|
    |arr_64_fu_336         |   9|          2|   32|         64|
    |arr_65_fu_340         |   9|          2|   32|         64|
    |arr_66_fu_344         |   9|          2|   32|         64|
    |arr_67_fu_348         |   9|          2|   32|         64|
    |arr_68_fu_352         |   9|          2|   32|         64|
    |arr_69_fu_356         |   9|          2|   32|         64|
    |arr_6_fu_104          |   9|          2|   32|         64|
    |arr_70_fu_360         |   9|          2|   32|         64|
    |arr_71_fu_364         |   9|          2|   32|         64|
    |arr_72_fu_368         |   9|          2|   32|         64|
    |arr_73_fu_372         |   9|          2|   32|         64|
    |arr_74_fu_376         |   9|          2|   32|         64|
    |arr_75_fu_380         |   9|          2|   32|         64|
    |arr_76_fu_384         |   9|          2|   32|         64|
    |arr_77_fu_388         |   9|          2|   32|         64|
    |arr_78_fu_392         |   9|          2|   32|         64|
    |arr_79_fu_396         |   9|          2|   32|         64|
    |arr_7_fu_108          |   9|          2|   32|         64|
    |arr_80_fu_400         |   9|          2|   32|         64|
    |arr_81_fu_404         |   9|          2|   32|         64|
    |arr_82_fu_408         |   9|          2|   32|         64|
    |arr_83_fu_412         |   9|          2|   32|         64|
    |arr_84_fu_416         |   9|          2|   32|         64|
    |arr_85_fu_420         |   9|          2|   32|         64|
    |arr_86_fu_424         |   9|          2|   32|         64|
    |arr_87_fu_428         |   9|          2|   32|         64|
    |arr_88_fu_432         |   9|          2|   32|         64|
    |arr_89_fu_436         |   9|          2|   32|         64|
    |arr_8_fu_112          |   9|          2|   32|         64|
    |arr_90_fu_440         |   9|          2|   32|         64|
    |arr_91_fu_444         |   9|          2|   32|         64|
    |arr_92_fu_448         |   9|          2|   32|         64|
    |arr_93_fu_452         |   9|          2|   32|         64|
    |arr_94_fu_456         |   9|          2|   32|         64|
    |arr_95_fu_460         |   9|          2|   32|         64|
    |arr_96_fu_464         |   9|          2|   32|         64|
    |arr_97_fu_468         |   9|          2|   32|         64|
    |arr_98_fu_472         |   9|          2|   32|         64|
    |arr_99_fu_476         |   9|          2|   32|         64|
    |arr_9_fu_116          |   9|          2|   32|         64|
    |arr_fu_80             |   9|          2|   32|         64|
    |i_1_fu_76             |   9|          2|   10|         20|
    |i_2_fu_880            |   9|          2|    7|         14|
    |indvars_iv177_fu_884  |   9|          2|    7|         14|
    |istrm_TDATA_blk_n     |   9|          2|    1|          2|
    |post_100_fu_864       |   9|          2|   32|         64|
    |post_101_fu_868       |   9|          2|   32|         64|
    |post_102_fu_872       |   9|          2|   32|         64|
    |post_103_fu_876       |   9|          2|   32|         64|
    |post_104_fu_1288      |   9|          2|   32|         64|
    |post_105_fu_1292      |   9|          2|   32|         64|
    |post_106_fu_1296      |   9|          2|   32|         64|
    |post_107_fu_1300      |   9|          2|   32|         64|
    |post_108_fu_1304      |   9|          2|   32|         64|
    |post_109_fu_1308      |   9|          2|   32|         64|
    |post_10_fu_504        |   9|          2|   32|         64|
    |post_110_fu_1312      |   9|          2|   32|         64|
    |post_111_fu_1316      |   9|          2|   32|         64|
    |post_112_fu_1320      |   9|          2|   32|         64|
    |post_113_fu_1324      |   9|          2|   32|         64|
    |post_114_fu_1328      |   9|          2|   32|         64|
    |post_115_fu_1332      |   9|          2|   32|         64|
    |post_116_fu_1336      |   9|          2|   32|         64|
    |post_117_fu_1340      |   9|          2|   32|         64|
    |post_118_fu_1344      |   9|          2|   32|         64|
    |post_119_fu_1348      |   9|          2|   32|         64|
    |post_11_fu_508        |   9|          2|   32|         64|
    |post_120_fu_1352      |   9|          2|   32|         64|
    |post_121_fu_1356      |   9|          2|   32|         64|
    |post_122_fu_1360      |   9|          2|   32|         64|
    |post_123_fu_1364      |   9|          2|   32|         64|
    |post_124_fu_1368      |   9|          2|   32|         64|
    |post_125_fu_1372      |   9|          2|   32|         64|
    |post_126_fu_1376      |   9|          2|   32|         64|
    |post_127_fu_1380      |   9|          2|   32|         64|
    |post_128_fu_1384      |   9|          2|   32|         64|
    |post_129_fu_1388      |   9|          2|   32|         64|
    |post_12_fu_512        |   9|          2|   32|         64|
    |post_130_fu_1392      |   9|          2|   32|         64|
    |post_131_fu_1396      |   9|          2|   32|         64|
    |post_132_fu_1400      |   9|          2|   32|         64|
    |post_133_fu_1404      |   9|          2|   32|         64|
    |post_134_fu_1408      |   9|          2|   32|         64|
    |post_135_fu_1412      |   9|          2|   32|         64|
    |post_136_fu_1416      |   9|          2|   32|         64|
    |post_137_fu_1420      |   9|          2|   32|         64|
    |post_138_fu_1424      |   9|          2|   32|         64|
    |post_139_fu_1428      |   9|          2|   32|         64|
    |post_13_fu_516        |   9|          2|   32|         64|
    |post_140_fu_1432      |   9|          2|   32|         64|
    |post_141_fu_1436      |   9|          2|   32|         64|
    |post_142_fu_1440      |   9|          2|   32|         64|
    |post_143_fu_1444      |   9|          2|   32|         64|
    |post_144_fu_1448      |   9|          2|   32|         64|
    |post_145_fu_1452      |   9|          2|   32|         64|
    |post_146_fu_1456      |   9|          2|   32|         64|
    |post_147_fu_1460      |   9|          2|   32|         64|
    |post_148_fu_1464      |   9|          2|   32|         64|
    |post_149_fu_1468      |   9|          2|   32|         64|
    |post_14_fu_520        |   9|          2|   32|         64|
    |post_150_fu_1472      |   9|          2|   32|         64|
    |post_151_fu_1476      |   9|          2|   32|         64|
    |post_152_fu_1480      |   9|          2|   32|         64|
    |post_153_fu_1484      |   9|          2|   32|         64|
    |post_154_fu_1488      |   9|          2|   32|         64|
    |post_155_fu_1492      |   9|          2|   32|         64|
    |post_156_fu_1496      |   9|          2|   32|         64|
    |post_157_fu_1500      |   9|          2|   32|         64|
    |post_158_fu_1504      |   9|          2|   32|         64|
    |post_159_fu_1508      |   9|          2|   32|         64|
    |post_15_fu_524        |   9|          2|   32|         64|
    |post_160_fu_1512      |   9|          2|   32|         64|
    |post_161_fu_1516      |   9|          2|   32|         64|
    |post_162_fu_1520      |   9|          2|   32|         64|
    |post_163_fu_1524      |   9|          2|   32|         64|
    |post_164_fu_1528      |   9|          2|   32|         64|
    |post_165_fu_1532      |   9|          2|   32|         64|
    |post_166_fu_1536      |   9|          2|   32|         64|
    |post_167_fu_1540      |   9|          2|   32|         64|
    |post_168_fu_1544      |   9|          2|   32|         64|
    |post_169_fu_1548      |   9|          2|   32|         64|
    |post_16_fu_528        |   9|          2|   32|         64|
    |post_170_fu_1552      |   9|          2|   32|         64|
    |post_171_fu_1556      |   9|          2|   32|         64|
    |post_172_fu_1560      |   9|          2|   32|         64|
    |post_173_fu_1564      |   9|          2|   32|         64|
    |post_174_fu_1568      |   9|          2|   32|         64|
    |post_175_fu_1572      |   9|          2|   32|         64|
    |post_176_fu_1576      |   9|          2|   32|         64|
    |post_177_fu_1580      |   9|          2|   32|         64|
    |post_178_fu_1584      |   9|          2|   32|         64|
    |post_179_fu_1588      |   9|          2|   32|         64|
    |post_17_fu_532        |   9|          2|   32|         64|
    |post_180_fu_1592      |   9|          2|   32|         64|
    |post_181_fu_1596      |   9|          2|   32|         64|
    |post_182_fu_1600      |   9|          2|   32|         64|
    |post_183_fu_1604      |   9|          2|   32|         64|
    |post_184_fu_1608      |   9|          2|   32|         64|
    |post_185_fu_1612      |   9|          2|   32|         64|
    |post_186_fu_1616      |   9|          2|   32|         64|
    |post_187_fu_1620      |   9|          2|   32|         64|
    |post_188_fu_1624      |   9|          2|   32|         64|
    |post_189_fu_1628      |   9|          2|   32|         64|
    |post_18_fu_536        |   9|          2|   32|         64|
    |post_190_fu_1632      |   9|          2|   32|         64|
    |post_191_fu_1636      |   9|          2|   32|         64|
    |post_192_fu_1640      |   9|          2|   32|         64|
    |post_193_fu_1644      |   9|          2|   32|         64|
    |post_194_fu_1648      |   9|          2|   32|         64|
    |post_195_fu_1652      |   9|          2|   32|         64|
    |post_196_fu_1656      |   9|          2|   32|         64|
    |post_197_fu_1660      |   9|          2|   32|         64|
    |post_198_fu_1664      |   9|          2|   32|         64|
    |post_199_fu_1668      |   9|          2|   32|         64|
    |post_19_fu_540        |   9|          2|   32|         64|
    |post_200_fu_1672      |   9|          2|   32|         64|
    |post_201_fu_1676      |   9|          2|   32|         64|
    |post_202_fu_1680      |   9|          2|   32|         64|
    |post_203_fu_1684      |   9|          2|   32|         64|
    |post_20_fu_544        |   9|          2|   32|         64|
    |post_21_fu_548        |   9|          2|   32|         64|
    |post_22_fu_552        |   9|          2|   32|         64|
    |post_23_fu_556        |   9|          2|   32|         64|
    |post_24_fu_560        |   9|          2|   32|         64|
    |post_25_fu_564        |   9|          2|   32|         64|
    |post_26_fu_568        |   9|          2|   32|         64|
    |post_27_fu_572        |   9|          2|   32|         64|
    |post_28_fu_576        |   9|          2|   32|         64|
    |post_29_fu_580        |   9|          2|   32|         64|
    |post_30_fu_584        |   9|          2|   32|         64|
    |post_31_fu_588        |   9|          2|   32|         64|
    |post_32_fu_592        |   9|          2|   32|         64|
    |post_33_fu_596        |   9|          2|   32|         64|
    |post_34_fu_600        |   9|          2|   32|         64|
    |post_35_fu_604        |   9|          2|   32|         64|
    |post_36_fu_608        |   9|          2|   32|         64|
    |post_37_fu_612        |   9|          2|   32|         64|
    |post_38_fu_616        |   9|          2|   32|         64|
    |post_39_fu_620        |   9|          2|   32|         64|
    |post_40_fu_624        |   9|          2|   32|         64|
    |post_41_fu_628        |   9|          2|   32|         64|
    |post_42_fu_632        |   9|          2|   32|         64|
    |post_43_fu_636        |   9|          2|   32|         64|
    |post_44_fu_640        |   9|          2|   32|         64|
    |post_45_fu_644        |   9|          2|   32|         64|
    |post_46_fu_648        |   9|          2|   32|         64|
    |post_47_fu_652        |   9|          2|   32|         64|
    |post_48_fu_656        |   9|          2|   32|         64|
    |post_49_fu_660        |   9|          2|   32|         64|
    |post_50_fu_664        |   9|          2|   32|         64|
    |post_51_fu_668        |   9|          2|   32|         64|
    |post_52_fu_672        |   9|          2|   32|         64|
    |post_53_fu_676        |   9|          2|   32|         64|
    |post_54_fu_680        |   9|          2|   32|         64|
    |post_55_fu_684        |   9|          2|   32|         64|
    |post_56_fu_688        |   9|          2|   32|         64|
    |post_57_fu_692        |   9|          2|   32|         64|
    |post_58_fu_696        |   9|          2|   32|         64|
    |post_59_fu_700        |   9|          2|   32|         64|
    |post_5_fu_484         |   9|          2|   32|         64|
    |post_60_fu_704        |   9|          2|   32|         64|
    |post_61_fu_708        |   9|          2|   32|         64|
    |post_62_fu_712        |   9|          2|   32|         64|
    |post_63_fu_716        |   9|          2|   32|         64|
    |post_64_fu_720        |   9|          2|   32|         64|
    |post_65_fu_724        |   9|          2|   32|         64|
    |post_66_fu_728        |   9|          2|   32|         64|
    |post_67_fu_732        |   9|          2|   32|         64|
    |post_68_fu_736        |   9|          2|   32|         64|
    |post_69_fu_740        |   9|          2|   32|         64|
    |post_6_fu_488         |   9|          2|   32|         64|
    |post_70_fu_744        |   9|          2|   32|         64|
    |post_71_fu_748        |   9|          2|   32|         64|
    |post_72_fu_752        |   9|          2|   32|         64|
    |post_73_fu_756        |   9|          2|   32|         64|
    |post_74_fu_760        |   9|          2|   32|         64|
    |post_75_fu_764        |   9|          2|   32|         64|
    |post_76_fu_768        |   9|          2|   32|         64|
    |post_77_fu_772        |   9|          2|   32|         64|
    |post_78_fu_776        |   9|          2|   32|         64|
    |post_79_fu_780        |   9|          2|   32|         64|
    |post_7_fu_492         |   9|          2|   32|         64|
    |post_80_fu_784        |   9|          2|   32|         64|
    |post_81_fu_788        |   9|          2|   32|         64|
    |post_82_fu_792        |   9|          2|   32|         64|
    |post_83_fu_796        |   9|          2|   32|         64|
    |post_84_fu_800        |   9|          2|   32|         64|
    |post_85_fu_804        |   9|          2|   32|         64|
    |post_86_fu_808        |   9|          2|   32|         64|
    |post_87_fu_812        |   9|          2|   32|         64|
    |post_88_fu_816        |   9|          2|   32|         64|
    |post_89_fu_820        |   9|          2|   32|         64|
    |post_8_fu_496         |   9|          2|   32|         64|
    |post_90_fu_824        |   9|          2|   32|         64|
    |post_91_fu_828        |   9|          2|   32|         64|
    |post_92_fu_832        |   9|          2|   32|         64|
    |post_93_fu_836        |   9|          2|   32|         64|
    |post_94_fu_840        |   9|          2|   32|         64|
    |post_95_fu_844        |   9|          2|   32|         64|
    |post_96_fu_848        |   9|          2|   32|         64|
    |post_97_fu_852        |   9|          2|   32|         64|
    |post_98_fu_856        |   9|          2|   32|         64|
    |post_99_fu_860        |   9|          2|   32|         64|
    |post_9_fu_500         |   9|          2|   32|         64|
    |post_fu_480           |   9|          2|   32|         64|
    +----------------------+----+-----------+-----+-----------+
    |Total                 |3690|        818|12826|      25660|
    +----------------------+----+-----------+-----+-----------+

    * Register: 
    +-------------------------------------------------------------+-----+----+-----+-----------+
    |                             Name                            |  FF | LUT| Bits| Const Bits|
    +-------------------------------------------------------------+-----+----+-----+-----------+
    |ap_CS_fsm                                                    |    9|   0|    9|          0|
    |arr_100_fu_888                                               |   32|   0|   32|          0|
    |arr_101_fu_892                                               |   32|   0|   32|          0|
    |arr_102_fu_896                                               |   32|   0|   32|          0|
    |arr_103_fu_900                                               |   32|   0|   32|          0|
    |arr_104_fu_904                                               |   32|   0|   32|          0|
    |arr_105_fu_908                                               |   32|   0|   32|          0|
    |arr_106_fu_912                                               |   32|   0|   32|          0|
    |arr_107_fu_916                                               |   32|   0|   32|          0|
    |arr_108_fu_920                                               |   32|   0|   32|          0|
    |arr_109_fu_924                                               |   32|   0|   32|          0|
    |arr_10_fu_120                                                |   32|   0|   32|          0|
    |arr_110_fu_928                                               |   32|   0|   32|          0|
    |arr_111_fu_932                                               |   32|   0|   32|          0|
    |arr_112_fu_936                                               |   32|   0|   32|          0|
    |arr_113_fu_940                                               |   32|   0|   32|          0|
    |arr_114_fu_944                                               |   32|   0|   32|          0|
    |arr_115_fu_948                                               |   32|   0|   32|          0|
    |arr_116_fu_952                                               |   32|   0|   32|          0|
    |arr_117_fu_956                                               |   32|   0|   32|          0|
    |arr_118_fu_960                                               |   32|   0|   32|          0|
    |arr_119_fu_964                                               |   32|   0|   32|          0|
    |arr_11_fu_124                                                |   32|   0|   32|          0|
    |arr_120_fu_968                                               |   32|   0|   32|          0|
    |arr_121_fu_972                                               |   32|   0|   32|          0|
    |arr_122_fu_976                                               |   32|   0|   32|          0|
    |arr_123_fu_980                                               |   32|   0|   32|          0|
    |arr_124_fu_984                                               |   32|   0|   32|          0|
    |arr_125_fu_988                                               |   32|   0|   32|          0|
    |arr_126_fu_992                                               |   32|   0|   32|          0|
    |arr_127_fu_996                                               |   32|   0|   32|          0|
    |arr_128_fu_1000                                              |   32|   0|   32|          0|
    |arr_129_fu_1004                                              |   32|   0|   32|          0|
    |arr_12_fu_128                                                |   32|   0|   32|          0|
    |arr_130_fu_1008                                              |   32|   0|   32|          0|
    |arr_131_fu_1012                                              |   32|   0|   32|          0|
    |arr_132_fu_1016                                              |   32|   0|   32|          0|
    |arr_133_fu_1020                                              |   32|   0|   32|          0|
    |arr_134_fu_1024                                              |   32|   0|   32|          0|
    |arr_135_fu_1028                                              |   32|   0|   32|          0|
    |arr_136_fu_1032                                              |   32|   0|   32|          0|
    |arr_137_fu_1036                                              |   32|   0|   32|          0|
    |arr_138_fu_1040                                              |   32|   0|   32|          0|
    |arr_139_fu_1044                                              |   32|   0|   32|          0|
    |arr_13_fu_132                                                |   32|   0|   32|          0|
    |arr_140_fu_1048                                              |   32|   0|   32|          0|
    |arr_141_fu_1052                                              |   32|   0|   32|          0|
    |arr_142_fu_1056                                              |   32|   0|   32|          0|
    |arr_143_fu_1060                                              |   32|   0|   32|          0|
    |arr_144_fu_1064                                              |   32|   0|   32|          0|
    |arr_145_fu_1068                                              |   32|   0|   32|          0|
    |arr_146_fu_1072                                              |   32|   0|   32|          0|
    |arr_147_fu_1076                                              |   32|   0|   32|          0|
    |arr_148_fu_1080                                              |   32|   0|   32|          0|
    |arr_149_fu_1084                                              |   32|   0|   32|          0|
    |arr_14_fu_136                                                |   32|   0|   32|          0|
    |arr_150_fu_1088                                              |   32|   0|   32|          0|
    |arr_151_fu_1092                                              |   32|   0|   32|          0|
    |arr_152_fu_1096                                              |   32|   0|   32|          0|
    |arr_153_fu_1100                                              |   32|   0|   32|          0|
    |arr_154_fu_1104                                              |   32|   0|   32|          0|
    |arr_155_fu_1108                                              |   32|   0|   32|          0|
    |arr_156_fu_1112                                              |   32|   0|   32|          0|
    |arr_157_fu_1116                                              |   32|   0|   32|          0|
    |arr_158_fu_1120                                              |   32|   0|   32|          0|
    |arr_159_fu_1124                                              |   32|   0|   32|          0|
    |arr_15_fu_140                                                |   32|   0|   32|          0|
    |arr_160_fu_1128                                              |   32|   0|   32|          0|
    |arr_161_fu_1132                                              |   32|   0|   32|          0|
    |arr_162_fu_1136                                              |   32|   0|   32|          0|
    |arr_163_fu_1140                                              |   32|   0|   32|          0|
    |arr_164_fu_1144                                              |   32|   0|   32|          0|
    |arr_165_fu_1148                                              |   32|   0|   32|          0|
    |arr_166_fu_1152                                              |   32|   0|   32|          0|
    |arr_167_fu_1156                                              |   32|   0|   32|          0|
    |arr_168_fu_1160                                              |   32|   0|   32|          0|
    |arr_169_fu_1164                                              |   32|   0|   32|          0|
    |arr_16_fu_144                                                |   32|   0|   32|          0|
    |arr_170_fu_1168                                              |   32|   0|   32|          0|
    |arr_171_fu_1172                                              |   32|   0|   32|          0|
    |arr_172_fu_1176                                              |   32|   0|   32|          0|
    |arr_173_fu_1180                                              |   32|   0|   32|          0|
    |arr_174_fu_1184                                              |   32|   0|   32|          0|
    |arr_175_fu_1188                                              |   32|   0|   32|          0|
    |arr_176_fu_1192                                              |   32|   0|   32|          0|
    |arr_177_fu_1196                                              |   32|   0|   32|          0|
    |arr_178_fu_1200                                              |   32|   0|   32|          0|
    |arr_179_fu_1204                                              |   32|   0|   32|          0|
    |arr_17_fu_148                                                |   32|   0|   32|          0|
    |arr_180_fu_1208                                              |   32|   0|   32|          0|
    |arr_181_fu_1212                                              |   32|   0|   32|          0|
    |arr_182_fu_1216                                              |   32|   0|   32|          0|
    |arr_183_fu_1220                                              |   32|   0|   32|          0|
    |arr_184_fu_1224                                              |   32|   0|   32|          0|
    |arr_185_fu_1228                                              |   32|   0|   32|          0|
    |arr_186_fu_1232                                              |   32|   0|   32|          0|
    |arr_187_fu_1236                                              |   32|   0|   32|          0|
    |arr_188_fu_1240                                              |   32|   0|   32|          0|
    |arr_189_fu_1244                                              |   32|   0|   32|          0|
    |arr_18_fu_152                                                |   32|   0|   32|          0|
    |arr_190_fu_1248                                              |   32|   0|   32|          0|
    |arr_191_fu_1252                                              |   32|   0|   32|          0|
    |arr_192_fu_1256                                              |   32|   0|   32|          0|
    |arr_193_fu_1260                                              |   32|   0|   32|          0|
    |arr_194_fu_1264                                              |   32|   0|   32|          0|
    |arr_195_fu_1268                                              |   32|   0|   32|          0|
    |arr_196_fu_1272                                              |   32|   0|   32|          0|
    |arr_197_fu_1276                                              |   32|   0|   32|          0|
    |arr_198_fu_1280                                              |   32|   0|   32|          0|
    |arr_199_fu_1284                                              |   32|   0|   32|          0|
    |arr_19_fu_156                                                |   32|   0|   32|          0|
    |arr_1_fu_84                                                  |   32|   0|   32|          0|
    |arr_20_fu_160                                                |   32|   0|   32|          0|
    |arr_21_fu_164                                                |   32|   0|   32|          0|
    |arr_22_fu_168                                                |   32|   0|   32|          0|
    |arr_23_fu_172                                                |   32|   0|   32|          0|
    |arr_24_fu_176                                                |   32|   0|   32|          0|
    |arr_25_fu_180                                                |   32|   0|   32|          0|
    |arr_26_fu_184                                                |   32|   0|   32|          0|
    |arr_27_fu_188                                                |   32|   0|   32|          0|
    |arr_28_fu_192                                                |   32|   0|   32|          0|
    |arr_29_fu_196                                                |   32|   0|   32|          0|
    |arr_2_fu_88                                                  |   32|   0|   32|          0|
    |arr_30_fu_200                                                |   32|   0|   32|          0|
    |arr_31_fu_204                                                |   32|   0|   32|          0|
    |arr_32_fu_208                                                |   32|   0|   32|          0|
    |arr_33_fu_212                                                |   32|   0|   32|          0|
    |arr_34_fu_216                                                |   32|   0|   32|          0|
    |arr_35_fu_220                                                |   32|   0|   32|          0|
    |arr_36_fu_224                                                |   32|   0|   32|          0|
    |arr_37_fu_228                                                |   32|   0|   32|          0|
    |arr_38_fu_232                                                |   32|   0|   32|          0|
    |arr_39_fu_236                                                |   32|   0|   32|          0|
    |arr_3_fu_92                                                  |   32|   0|   32|          0|
    |arr_40_fu_240                                                |   32|   0|   32|          0|
    |arr_41_fu_244                                                |   32|   0|   32|          0|
    |arr_42_fu_248                                                |   32|   0|   32|          0|
    |arr_43_fu_252                                                |   32|   0|   32|          0|
    |arr_44_fu_256                                                |   32|   0|   32|          0|
    |arr_45_fu_260                                                |   32|   0|   32|          0|
    |arr_46_fu_264                                                |   32|   0|   32|          0|
    |arr_47_fu_268                                                |   32|   0|   32|          0|
    |arr_48_fu_272                                                |   32|   0|   32|          0|
    |arr_49_fu_276                                                |   32|   0|   32|          0|
    |arr_4_fu_96                                                  |   32|   0|   32|          0|
    |arr_50_fu_280                                                |   32|   0|   32|          0|
    |arr_51_fu_284                                                |   32|   0|   32|          0|
    |arr_52_fu_288                                                |   32|   0|   32|          0|
    |arr_53_fu_292                                                |   32|   0|   32|          0|
    |arr_54_fu_296                                                |   32|   0|   32|          0|
    |arr_55_fu_300                                                |   32|   0|   32|          0|
    |arr_56_fu_304                                                |   32|   0|   32|          0|
    |arr_57_fu_308                                                |   32|   0|   32|          0|
    |arr_58_fu_312                                                |   32|   0|   32|          0|
    |arr_59_fu_316                                                |   32|   0|   32|          0|
    |arr_5_fu_100                                                 |   32|   0|   32|          0|
    |arr_60_fu_320                                                |   32|   0|   32|          0|
    |arr_61_fu_324                                                |   32|   0|   32|          0|
    |arr_62_fu_328                                                |   32|   0|   32|          0|
    |arr_63_fu_332                                                |   32|   0|   32|          0|
    |arr_64_fu_336                                                |   32|   0|   32|          0|
    |arr_65_fu_340                                                |   32|   0|   32|          0|
    |arr_66_fu_344                                                |   32|   0|   32|          0|
    |arr_67_fu_348                                                |   32|   0|   32|          0|
    |arr_68_fu_352                                                |   32|   0|   32|          0|
    |arr_69_fu_356                                                |   32|   0|   32|          0|
    |arr_6_fu_104                                                 |   32|   0|   32|          0|
    |arr_70_fu_360                                                |   32|   0|   32|          0|
    |arr_71_fu_364                                                |   32|   0|   32|          0|
    |arr_72_fu_368                                                |   32|   0|   32|          0|
    |arr_73_fu_372                                                |   32|   0|   32|          0|
    |arr_74_fu_376                                                |   32|   0|   32|          0|
    |arr_75_fu_380                                                |   32|   0|   32|          0|
    |arr_76_fu_384                                                |   32|   0|   32|          0|
    |arr_77_fu_388                                                |   32|   0|   32|          0|
    |arr_78_fu_392                                                |   32|   0|   32|          0|
    |arr_79_fu_396                                                |   32|   0|   32|          0|
    |arr_7_fu_108                                                 |   32|   0|   32|          0|
    |arr_80_fu_400                                                |   32|   0|   32|          0|
    |arr_81_fu_404                                                |   32|   0|   32|          0|
    |arr_82_fu_408                                                |   32|   0|   32|          0|
    |arr_83_fu_412                                                |   32|   0|   32|          0|
    |arr_84_fu_416                                                |   32|   0|   32|          0|
    |arr_85_fu_420                                                |   32|   0|   32|          0|
    |arr_86_fu_424                                                |   32|   0|   32|          0|
    |arr_87_fu_428                                                |   32|   0|   32|          0|
    |arr_88_fu_432                                                |   32|   0|   32|          0|
    |arr_89_fu_436                                                |   32|   0|   32|          0|
    |arr_8_fu_112                                                 |   32|   0|   32|          0|
    |arr_90_fu_440                                                |   32|   0|   32|          0|
    |arr_91_fu_444                                                |   32|   0|   32|          0|
    |arr_92_fu_448                                                |   32|   0|   32|          0|
    |arr_93_fu_452                                                |   32|   0|   32|          0|
    |arr_94_fu_456                                                |   32|   0|   32|          0|
    |arr_95_fu_460                                                |   32|   0|   32|          0|
    |arr_96_fu_464                                                |   32|   0|   32|          0|
    |arr_97_fu_468                                                |   32|   0|   32|          0|
    |arr_98_fu_472                                                |   32|   0|   32|          0|
    |arr_99_fu_476                                                |   32|   0|   32|          0|
    |arr_9_fu_116                                                 |   32|   0|   32|          0|
    |arr_fu_80                                                    |   32|   0|   32|          0|
    |grp_topk_sort_Pipeline_VITIS_LOOP_20_1_fu_1700_ap_start_reg  |    1|   0|    1|          0|
    |grp_topk_sort_Pipeline_VITIS_LOOP_36_3_fu_1904_ap_start_reg  |    1|   0|    1|          0|
    |grp_topk_sort_Pipeline_VITIS_LOOP_58_5_fu_2109_ap_start_reg  |    1|   0|    1|          0|
    |grp_topk_sort_Pipeline_VITIS_LOOP_70_6_fu_2314_ap_start_reg  |    1|   0|    1|          0|
    |i_1_fu_76                                                    |   10|   0|   10|          0|
    |i_2_fu_880                                                   |    7|   0|    7|          0|
    |indvars_iv177_fu_884                                         |    7|   0|    7|          0|
    |indvars_iv177_load_reg_7233                                  |    7|   0|    7|          0|
    |post_100_fu_864                                              |   32|   0|   32|          0|
    |post_101_fu_868                                              |   32|   0|   32|          0|
    |post_102_fu_872                                              |   32|   0|   32|          0|
    |post_103_fu_876                                              |   32|   0|   32|          0|
    |post_104_fu_1288                                             |   32|   0|   32|          0|
    |post_105_fu_1292                                             |   32|   0|   32|          0|
    |post_106_fu_1296                                             |   32|   0|   32|          0|
    |post_107_fu_1300                                             |   32|   0|   32|          0|
    |post_108_fu_1304                                             |   32|   0|   32|          0|
    |post_109_fu_1308                                             |   32|   0|   32|          0|
    |post_10_fu_504                                               |   32|   0|   32|          0|
    |post_110_fu_1312                                             |   32|   0|   32|          0|
    |post_111_fu_1316                                             |   32|   0|   32|          0|
    |post_112_fu_1320                                             |   32|   0|   32|          0|
    |post_113_fu_1324                                             |   32|   0|   32|          0|
    |post_114_fu_1328                                             |   32|   0|   32|          0|
    |post_115_fu_1332                                             |   32|   0|   32|          0|
    |post_116_fu_1336                                             |   32|   0|   32|          0|
    |post_117_fu_1340                                             |   32|   0|   32|          0|
    |post_118_fu_1344                                             |   32|   0|   32|          0|
    |post_119_fu_1348                                             |   32|   0|   32|          0|
    |post_11_fu_508                                               |   32|   0|   32|          0|
    |post_120_fu_1352                                             |   32|   0|   32|          0|
    |post_121_fu_1356                                             |   32|   0|   32|          0|
    |post_122_fu_1360                                             |   32|   0|   32|          0|
    |post_123_fu_1364                                             |   32|   0|   32|          0|
    |post_124_fu_1368                                             |   32|   0|   32|          0|
    |post_125_fu_1372                                             |   32|   0|   32|          0|
    |post_126_fu_1376                                             |   32|   0|   32|          0|
    |post_127_fu_1380                                             |   32|   0|   32|          0|
    |post_128_fu_1384                                             |   32|   0|   32|          0|
    |post_129_fu_1388                                             |   32|   0|   32|          0|
    |post_12_fu_512                                               |   32|   0|   32|          0|
    |post_130_fu_1392                                             |   32|   0|   32|          0|
    |post_131_fu_1396                                             |   32|   0|   32|          0|
    |post_132_fu_1400                                             |   32|   0|   32|          0|
    |post_133_fu_1404                                             |   32|   0|   32|          0|
    |post_134_fu_1408                                             |   32|   0|   32|          0|
    |post_135_fu_1412                                             |   32|   0|   32|          0|
    |post_136_fu_1416                                             |   32|   0|   32|          0|
    |post_137_fu_1420                                             |   32|   0|   32|          0|
    |post_138_fu_1424                                             |   32|   0|   32|          0|
    |post_139_fu_1428                                             |   32|   0|   32|          0|
    |post_13_fu_516                                               |   32|   0|   32|          0|
    |post_140_fu_1432                                             |   32|   0|   32|          0|
    |post_141_fu_1436                                             |   32|   0|   32|          0|
    |post_142_fu_1440                                             |   32|   0|   32|          0|
    |post_143_fu_1444                                             |   32|   0|   32|          0|
    |post_144_fu_1448                                             |   32|   0|   32|          0|
    |post_145_fu_1452                                             |   32|   0|   32|          0|
    |post_146_fu_1456                                             |   32|   0|   32|          0|
    |post_147_fu_1460                                             |   32|   0|   32|          0|
    |post_148_fu_1464                                             |   32|   0|   32|          0|
    |post_149_fu_1468                                             |   32|   0|   32|          0|
    |post_14_fu_520                                               |   32|   0|   32|          0|
    |post_150_fu_1472                                             |   32|   0|   32|          0|
    |post_151_fu_1476                                             |   32|   0|   32|          0|
    |post_152_fu_1480                                             |   32|   0|   32|          0|
    |post_153_fu_1484                                             |   32|   0|   32|          0|
    |post_154_fu_1488                                             |   32|   0|   32|          0|
    |post_155_fu_1492                                             |   32|   0|   32|          0|
    |post_156_fu_1496                                             |   32|   0|   32|          0|
    |post_157_fu_1500                                             |   32|   0|   32|          0|
    |post_158_fu_1504                                             |   32|   0|   32|          0|
    |post_159_fu_1508                                             |   32|   0|   32|          0|
    |post_15_fu_524                                               |   32|   0|   32|          0|
    |post_160_fu_1512                                             |   32|   0|   32|          0|
    |post_161_fu_1516                                             |   32|   0|   32|          0|
    |post_162_fu_1520                                             |   32|   0|   32|          0|
    |post_163_fu_1524                                             |   32|   0|   32|          0|
    |post_164_fu_1528                                             |   32|   0|   32|          0|
    |post_165_fu_1532                                             |   32|   0|   32|          0|
    |post_166_fu_1536                                             |   32|   0|   32|          0|
    |post_167_fu_1540                                             |   32|   0|   32|          0|
    |post_168_fu_1544                                             |   32|   0|   32|          0|
    |post_169_fu_1548                                             |   32|   0|   32|          0|
    |post_16_fu_528                                               |   32|   0|   32|          0|
    |post_170_fu_1552                                             |   32|   0|   32|          0|
    |post_171_fu_1556                                             |   32|   0|   32|          0|
    |post_172_fu_1560                                             |   32|   0|   32|          0|
    |post_173_fu_1564                                             |   32|   0|   32|          0|
    |post_174_fu_1568                                             |   32|   0|   32|          0|
    |post_175_fu_1572                                             |   32|   0|   32|          0|
    |post_176_fu_1576                                             |   32|   0|   32|          0|
    |post_177_fu_1580                                             |   32|   0|   32|          0|
    |post_178_fu_1584                                             |   32|   0|   32|          0|
    |post_179_fu_1588                                             |   32|   0|   32|          0|
    |post_17_fu_532                                               |   32|   0|   32|          0|
    |post_180_fu_1592                                             |   32|   0|   32|          0|
    |post_181_fu_1596                                             |   32|   0|   32|          0|
    |post_182_fu_1600                                             |   32|   0|   32|          0|
    |post_183_fu_1604                                             |   32|   0|   32|          0|
    |post_184_fu_1608                                             |   32|   0|   32|          0|
    |post_185_fu_1612                                             |   32|   0|   32|          0|
    |post_186_fu_1616                                             |   32|   0|   32|          0|
    |post_187_fu_1620                                             |   32|   0|   32|          0|
    |post_188_fu_1624                                             |   32|   0|   32|          0|
    |post_189_fu_1628                                             |   32|   0|   32|          0|
    |post_18_fu_536                                               |   32|   0|   32|          0|
    |post_190_fu_1632                                             |   32|   0|   32|          0|
    |post_191_fu_1636                                             |   32|   0|   32|          0|
    |post_192_fu_1640                                             |   32|   0|   32|          0|
    |post_193_fu_1644                                             |   32|   0|   32|          0|
    |post_194_fu_1648                                             |   32|   0|   32|          0|
    |post_195_fu_1652                                             |   32|   0|   32|          0|
    |post_196_fu_1656                                             |   32|   0|   32|          0|
    |post_197_fu_1660                                             |   32|   0|   32|          0|
    |post_198_fu_1664                                             |   32|   0|   32|          0|
    |post_199_fu_1668                                             |   32|   0|   32|          0|
    |post_19_fu_540                                               |   32|   0|   32|          0|
    |post_200_fu_1672                                             |   32|   0|   32|          0|
    |post_201_fu_1676                                             |   32|   0|   32|          0|
    |post_202_fu_1680                                             |   32|   0|   32|          0|
    |post_203_fu_1684                                             |   32|   0|   32|          0|
    |post_20_fu_544                                               |   32|   0|   32|          0|
    |post_21_fu_548                                               |   32|   0|   32|          0|
    |post_22_fu_552                                               |   32|   0|   32|          0|
    |post_23_fu_556                                               |   32|   0|   32|          0|
    |post_24_fu_560                                               |   32|   0|   32|          0|
    |post_25_fu_564                                               |   32|   0|   32|          0|
    |post_26_fu_568                                               |   32|   0|   32|          0|
    |post_27_fu_572                                               |   32|   0|   32|          0|
    |post_28_fu_576                                               |   32|   0|   32|          0|
    |post_29_fu_580                                               |   32|   0|   32|          0|
    |post_30_fu_584                                               |   32|   0|   32|          0|
    |post_31_fu_588                                               |   32|   0|   32|          0|
    |post_32_fu_592                                               |   32|   0|   32|          0|
    |post_33_fu_596                                               |   32|   0|   32|          0|
    |post_34_fu_600                                               |   32|   0|   32|          0|
    |post_35_fu_604                                               |   32|   0|   32|          0|
    |post_36_fu_608                                               |   32|   0|   32|          0|
    |post_37_fu_612                                               |   32|   0|   32|          0|
    |post_38_fu_616                                               |   32|   0|   32|          0|
    |post_39_fu_620                                               |   32|   0|   32|          0|
    |post_40_fu_624                                               |   32|   0|   32|          0|
    |post_41_fu_628                                               |   32|   0|   32|          0|
    |post_42_fu_632                                               |   32|   0|   32|          0|
    |post_43_fu_636                                               |   32|   0|   32|          0|
    |post_44_fu_640                                               |   32|   0|   32|          0|
    |post_45_fu_644                                               |   32|   0|   32|          0|
    |post_46_fu_648                                               |   32|   0|   32|          0|
    |post_47_fu_652                                               |   32|   0|   32|          0|
    |post_48_fu_656                                               |   32|   0|   32|          0|
    |post_49_fu_660                                               |   32|   0|   32|          0|
    |post_50_fu_664                                               |   32|   0|   32|          0|
    |post_51_fu_668                                               |   32|   0|   32|          0|
    |post_52_fu_672                                               |   32|   0|   32|          0|
    |post_53_fu_676                                               |   32|   0|   32|          0|
    |post_54_fu_680                                               |   32|   0|   32|          0|
    |post_55_fu_684                                               |   32|   0|   32|          0|
    |post_56_fu_688                                               |   32|   0|   32|          0|
    |post_57_fu_692                                               |   32|   0|   32|          0|
    |post_58_fu_696                                               |   32|   0|   32|          0|
    |post_59_fu_700                                               |   32|   0|   32|          0|
    |post_5_fu_484                                                |   32|   0|   32|          0|
    |post_60_fu_704                                               |   32|   0|   32|          0|
    |post_61_fu_708                                               |   32|   0|   32|          0|
    |post_62_fu_712                                               |   32|   0|   32|          0|
    |post_63_fu_716                                               |   32|   0|   32|          0|
    |post_64_fu_720                                               |   32|   0|   32|          0|
    |post_65_fu_724                                               |   32|   0|   32|          0|
    |post_66_fu_728                                               |   32|   0|   32|          0|
    |post_67_fu_732                                               |   32|   0|   32|          0|
    |post_68_fu_736                                               |   32|   0|   32|          0|
    |post_69_fu_740                                               |   32|   0|   32|          0|
    |post_6_fu_488                                                |   32|   0|   32|          0|
    |post_70_fu_744                                               |   32|   0|   32|          0|
    |post_71_fu_748                                               |   32|   0|   32|          0|
    |post_72_fu_752                                               |   32|   0|   32|          0|
    |post_73_fu_756                                               |   32|   0|   32|          0|
    |post_74_fu_760                                               |   32|   0|   32|          0|
    |post_75_fu_764                                               |   32|   0|   32|          0|
    |post_76_fu_768                                               |   32|   0|   32|          0|
    |post_77_fu_772                                               |   32|   0|   32|          0|
    |post_78_fu_776                                               |   32|   0|   32|          0|
    |post_79_fu_780                                               |   32|   0|   32|          0|
    |post_7_fu_492                                                |   32|   0|   32|          0|
    |post_80_fu_784                                               |   32|   0|   32|          0|
    |post_81_fu_788                                               |   32|   0|   32|          0|
    |post_82_fu_792                                               |   32|   0|   32|          0|
    |post_83_fu_796                                               |   32|   0|   32|          0|
    |post_84_fu_800                                               |   32|   0|   32|          0|
    |post_85_fu_804                                               |   32|   0|   32|          0|
    |post_86_fu_808                                               |   32|   0|   32|          0|
    |post_87_fu_812                                               |   32|   0|   32|          0|
    |post_88_fu_816                                               |   32|   0|   32|          0|
    |post_89_fu_820                                               |   32|   0|   32|          0|
    |post_8_fu_496                                                |   32|   0|   32|          0|
    |post_90_fu_824                                               |   32|   0|   32|          0|
    |post_91_fu_828                                               |   32|   0|   32|          0|
    |post_92_fu_832                                               |   32|   0|   32|          0|
    |post_93_fu_836                                               |   32|   0|   32|          0|
    |post_94_fu_840                                               |   32|   0|   32|          0|
    |post_95_fu_844                                               |   32|   0|   32|          0|
    |post_96_fu_848                                               |   32|   0|   32|          0|
    |post_97_fu_852                                               |   32|   0|   32|          0|
    |post_98_fu_856                                               |   32|   0|   32|          0|
    |post_99_fu_860                                               |   32|   0|   32|          0|
    |post_9_fu_500                                                |   32|   0|   32|          0|
    |post_fu_480                                                  |   32|   0|   32|          0|
    |tmp_data_V_reg_7225                                          |   32|   0|   32|          0|
    +-------------------------------------------------------------+-----+----+-----+-----------+
    |Total                                                        |12876|   0|12876|          0|
    +-------------------------------------------------------------+-----+----+-----+-----------+



================================================================
== Interface
================================================================
* Summary: 
+---------------------------+-----+-----+------------+----------------+--------------+
|         RTL Ports         | Dir | Bits|  Protocol  |  Source Object |    C Type    |
+---------------------------+-----+-----+------------+----------------+--------------+
|s_axi_CONTROL_BUS_AWVALID  |   in|    1|       s_axi|     CONTROL_BUS|   return void|
|s_axi_CONTROL_BUS_AWREADY  |  out|    1|       s_axi|     CONTROL_BUS|   return void|
|s_axi_CONTROL_BUS_AWADDR   |   in|    4|       s_axi|     CONTROL_BUS|   return void|
|s_axi_CONTROL_BUS_WVALID   |   in|    1|       s_axi|     CONTROL_BUS|   return void|
|s_axi_CONTROL_BUS_WREADY   |  out|    1|       s_axi|     CONTROL_BUS|   return void|
|s_axi_CONTROL_BUS_WDATA    |   in|   32|       s_axi|     CONTROL_BUS|   return void|
|s_axi_CONTROL_BUS_WSTRB    |   in|    4|       s_axi|     CONTROL_BUS|   return void|
|s_axi_CONTROL_BUS_ARVALID  |   in|    1|       s_axi|     CONTROL_BUS|   return void|
|s_axi_CONTROL_BUS_ARREADY  |  out|    1|       s_axi|     CONTROL_BUS|   return void|
|s_axi_CONTROL_BUS_ARADDR   |   in|    4|       s_axi|     CONTROL_BUS|   return void|
|s_axi_CONTROL_BUS_RVALID   |  out|    1|       s_axi|     CONTROL_BUS|   return void|
|s_axi_CONTROL_BUS_RREADY   |   in|    1|       s_axi|     CONTROL_BUS|   return void|
|s_axi_CONTROL_BUS_RDATA    |  out|   32|       s_axi|     CONTROL_BUS|   return void|
|s_axi_CONTROL_BUS_RRESP    |  out|    2|       s_axi|     CONTROL_BUS|   return void|
|s_axi_CONTROL_BUS_BVALID   |  out|    1|       s_axi|     CONTROL_BUS|   return void|
|s_axi_CONTROL_BUS_BREADY   |   in|    1|       s_axi|     CONTROL_BUS|   return void|
|s_axi_CONTROL_BUS_BRESP    |  out|    2|       s_axi|     CONTROL_BUS|   return void|
|ap_clk                     |   in|    1|  ap_ctrl_hs|       topk_sort|  return value|
|ap_rst_n                   |   in|    1|  ap_ctrl_hs|       topk_sort|  return value|
|interrupt                  |  out|    1|  ap_ctrl_hs|       topk_sort|  return value|
|istrm_TDATA                |   in|   32|        axis|  istrm_V_data_V|       pointer|
|istrm_TVALID               |   in|    1|        axis|  istrm_V_last_V|       pointer|
|istrm_TREADY               |  out|    1|        axis|  istrm_V_last_V|       pointer|
|istrm_TLAST                |   in|    1|        axis|  istrm_V_last_V|       pointer|
|istrm_TKEEP                |   in|    4|        axis|  istrm_V_keep_V|       pointer|
|istrm_TSTRB                |   in|    4|        axis|  istrm_V_strb_V|       pointer|
|ostrm_TDATA                |  out|   32|        axis|  ostrm_V_data_V|       pointer|
|ostrm_TVALID               |  out|    1|        axis|  ostrm_V_last_V|       pointer|
|ostrm_TREADY               |   in|    1|        axis|  ostrm_V_last_V|       pointer|
|ostrm_TLAST                |  out|    1|        axis|  ostrm_V_last_V|       pointer|
|ostrm_TKEEP                |  out|    4|        axis|  ostrm_V_keep_V|       pointer|
|ostrm_TSTRB                |  out|    4|        axis|  ostrm_V_strb_V|       pointer|
+---------------------------+-----+-----+------------+----------------+--------------+

