

================================================================
== Vitis HLS Report for 'topk_sort_Pipeline_VITIS_LOOP_58_5'
================================================================
* Date:           Sun Jul 21 01:25:27 2024

* Version:        2022.1 (Build 3526262 on Mon Apr 18 15:48:16 MDT 2022)
* Project:        topk_sort
* Solution:       solution1 (Vivado IP Flow Target)
* Product family: zynquplus
* Target device:  xck26-sfvc784-2LV-c


================================================================
== Performance Estimates
================================================================
+ Timing: 
    * Summary: 
    +--------+----------+----------+------------+
    |  Clock |  Target  | Estimated| Uncertainty|
    +--------+----------+----------+------------+
    |ap_clk  |  10.00 ns|  2.598 ns|     2.70 ns|
    +--------+----------+----------+------------+

+ Latency: 
    * Summary: 
    +---------+---------+-----------+----------+-----+-----+---------+
    |  Latency (cycles) |  Latency (absolute)  |  Interval | Pipeline|
    |   min   |   max   |    min    |    max   | min | max |   Type  |
    +---------+---------+-----------+----------+-----+-----+---------+
    |        3|      101|  30.000 ns|  1.010 us|    3|  101|       no|
    +---------+---------+-----------+----------+-----+-----+---------+

    + Detail: 
        * Instance: 
        N/A

        * Loop: 
        +-------------------+---------+---------+----------+-----------+-----------+--------+----------+
        |                   |  Latency (cycles) | Iteration|  Initiation Interval  |  Trip  |          |
        |     Loop Name     |   min   |   max   |  Latency |  achieved |   target  |  Count | Pipelined|
        +-------------------+---------+---------+----------+-----------+-----------+--------+----------+
        |- VITIS_LOOP_58_5  |        1|       99|         1|          1|          1|  1 ~ 99|       yes|
        +-------------------+---------+---------+----------+-----------+-----------+--------+----------+



================================================================
== Utilization Estimates
================================================================
* Summary: 
+-----------------+---------+------+--------+--------+-----+
|       Name      | BRAM_18K|  DSP |   FF   |   LUT  | URAM|
+-----------------+---------+------+--------+--------+-----+
|DSP              |        -|     -|       -|       -|    -|
|Expression       |        -|     -|       0|     326|    -|
|FIFO             |        -|     -|       -|       -|    -|
|Instance         |        -|     -|       0|    1002|    -|
|Memory           |        -|     -|       -|       -|    -|
|Multiplexer      |        -|     -|       -|    2318|    -|
|Register         |        -|     -|      67|       -|    -|
+-----------------+---------+------+--------+--------+-----+
|Total            |        0|     0|      67|    3646|    0|
+-----------------+---------+------+--------+--------+-----+
|Available        |      288|  1248|  234240|  117120|   64|
+-----------------+---------+------+--------+--------+-----+
|Utilization (%)  |        0|     0|      ~0|       3|    0|
+-----------------+---------+------+--------+--------+-----+

+ Detail: 
    * Instance: 
    +-----------------------+------------------+---------+----+---+-----+-----+
    |        Instance       |      Module      | BRAM_18K| DSP| FF| LUT | URAM|
    +-----------------------+------------------+---------+----+---+-----+-----+
    |mux_10064_32_1_1_U406  |mux_10064_32_1_1  |        0|   0|  0|  499|    0|
    |mux_1017_32_1_1_U405   |mux_1017_32_1_1   |        0|   0|  0|  503|    0|
    +-----------------------+------------------+---------+----+---+-----+-----+
    |Total                  |                  |        0|   0|  0| 1002|    0|
    +-----------------------+------------------+---------+----+---+-----+-----+

    * DSP: 
    N/A

    * Memory: 
    N/A

    * FIFO: 
    N/A

    * Expression: 
    +----------------------+----------+----+---+----+------------+------------+
    |     Variable Name    | Operation| DSP| FF| LUT| Bitwidth P0| Bitwidth P1|
    +----------------------+----------+----+---+----+------------+------------+
    |add_ln58_fu_3678_p2   |         +|   0|  0|  71|          64|           1|
    |ap_condition_2602     |       and|   0|  0|   2|           1|           1|
    |ap_condition_2605     |       and|   0|  0|   2|           1|           1|
    |ap_condition_2608     |       and|   0|  0|   2|           1|           1|
    |ap_condition_2611     |       and|   0|  0|   2|           1|           1|
    |ap_condition_2614     |       and|   0|  0|   2|           1|           1|
    |ap_condition_2617     |       and|   0|  0|   2|           1|           1|
    |ap_condition_2620     |       and|   0|  0|   2|           1|           1|
    |ap_condition_2623     |       and|   0|  0|   2|           1|           1|
    |ap_condition_2626     |       and|   0|  0|   2|           1|           1|
    |ap_condition_2629     |       and|   0|  0|   2|           1|           1|
    |ap_condition_2632     |       and|   0|  0|   2|           1|           1|
    |ap_condition_2635     |       and|   0|  0|   2|           1|           1|
    |ap_condition_2638     |       and|   0|  0|   2|           1|           1|
    |ap_condition_2641     |       and|   0|  0|   2|           1|           1|
    |ap_condition_2644     |       and|   0|  0|   2|           1|           1|
    |ap_condition_2647     |       and|   0|  0|   2|           1|           1|
    |ap_condition_2650     |       and|   0|  0|   2|           1|           1|
    |ap_condition_2653     |       and|   0|  0|   2|           1|           1|
    |ap_condition_2656     |       and|   0|  0|   2|           1|           1|
    |ap_condition_2659     |       and|   0|  0|   2|           1|           1|
    |ap_condition_2662     |       and|   0|  0|   2|           1|           1|
    |ap_condition_2665     |       and|   0|  0|   2|           1|           1|
    |ap_condition_2668     |       and|   0|  0|   2|           1|           1|
    |ap_condition_2671     |       and|   0|  0|   2|           1|           1|
    |ap_condition_2674     |       and|   0|  0|   2|           1|           1|
    |ap_condition_2677     |       and|   0|  0|   2|           1|           1|
    |ap_condition_2680     |       and|   0|  0|   2|           1|           1|
    |ap_condition_2683     |       and|   0|  0|   2|           1|           1|
    |ap_condition_2686     |       and|   0|  0|   2|           1|           1|
    |ap_condition_2689     |       and|   0|  0|   2|           1|           1|
    |ap_condition_2692     |       and|   0|  0|   2|           1|           1|
    |ap_condition_2695     |       and|   0|  0|   2|           1|           1|
    |ap_condition_2698     |       and|   0|  0|   2|           1|           1|
    |ap_condition_2701     |       and|   0|  0|   2|           1|           1|
    |ap_condition_2704     |       and|   0|  0|   2|           1|           1|
    |ap_condition_2707     |       and|   0|  0|   2|           1|           1|
    |ap_condition_2710     |       and|   0|  0|   2|           1|           1|
    |ap_condition_2713     |       and|   0|  0|   2|           1|           1|
    |ap_condition_2716     |       and|   0|  0|   2|           1|           1|
    |ap_condition_2719     |       and|   0|  0|   2|           1|           1|
    |ap_condition_2722     |       and|   0|  0|   2|           1|           1|
    |ap_condition_2725     |       and|   0|  0|   2|           1|           1|
    |ap_condition_2728     |       and|   0|  0|   2|           1|           1|
    |ap_condition_2731     |       and|   0|  0|   2|           1|           1|
    |ap_condition_2734     |       and|   0|  0|   2|           1|           1|
    |ap_condition_2737     |       and|   0|  0|   2|           1|           1|
    |ap_condition_2740     |       and|   0|  0|   2|           1|           1|
    |ap_condition_2743     |       and|   0|  0|   2|           1|           1|
    |ap_condition_2746     |       and|   0|  0|   2|           1|           1|
    |ap_condition_2749     |       and|   0|  0|   2|           1|           1|
    |ap_condition_2752     |       and|   0|  0|   2|           1|           1|
    |ap_condition_2755     |       and|   0|  0|   2|           1|           1|
    |ap_condition_2758     |       and|   0|  0|   2|           1|           1|
    |ap_condition_2761     |       and|   0|  0|   2|           1|           1|
    |ap_condition_2764     |       and|   0|  0|   2|           1|           1|
    |ap_condition_2767     |       and|   0|  0|   2|           1|           1|
    |ap_condition_2770     |       and|   0|  0|   2|           1|           1|
    |ap_condition_2773     |       and|   0|  0|   2|           1|           1|
    |ap_condition_2776     |       and|   0|  0|   2|           1|           1|
    |ap_condition_2779     |       and|   0|  0|   2|           1|           1|
    |ap_condition_2782     |       and|   0|  0|   2|           1|           1|
    |ap_condition_2785     |       and|   0|  0|   2|           1|           1|
    |ap_condition_2788     |       and|   0|  0|   2|           1|           1|
    |ap_condition_2791     |       and|   0|  0|   2|           1|           1|
    |ap_condition_2794     |       and|   0|  0|   2|           1|           1|
    |ap_condition_2797     |       and|   0|  0|   2|           1|           1|
    |ap_condition_2800     |       and|   0|  0|   2|           1|           1|
    |ap_condition_2803     |       and|   0|  0|   2|           1|           1|
    |ap_condition_2806     |       and|   0|  0|   2|           1|           1|
    |ap_condition_2809     |       and|   0|  0|   2|           1|           1|
    |ap_condition_2812     |       and|   0|  0|   2|           1|           1|
    |ap_condition_2815     |       and|   0|  0|   2|           1|           1|
    |ap_condition_2818     |       and|   0|  0|   2|           1|           1|
    |ap_condition_2821     |       and|   0|  0|   2|           1|           1|
    |ap_condition_2824     |       and|   0|  0|   2|           1|           1|
    |ap_condition_2827     |       and|   0|  0|   2|           1|           1|
    |ap_condition_2830     |       and|   0|  0|   2|           1|           1|
    |ap_condition_2833     |       and|   0|  0|   2|           1|           1|
    |ap_condition_2836     |       and|   0|  0|   2|           1|           1|
    |ap_condition_2839     |       and|   0|  0|   2|           1|           1|
    |ap_condition_2842     |       and|   0|  0|   2|           1|           1|
    |ap_condition_2845     |       and|   0|  0|   2|           1|           1|
    |ap_condition_2848     |       and|   0|  0|   2|           1|           1|
    |ap_condition_2851     |       and|   0|  0|   2|           1|           1|
    |ap_condition_2854     |       and|   0|  0|   2|           1|           1|
    |ap_condition_2857     |       and|   0|  0|   2|           1|           1|
    |ap_condition_2860     |       and|   0|  0|   2|           1|           1|
    |ap_condition_2863     |       and|   0|  0|   2|           1|           1|
    |ap_condition_2866     |       and|   0|  0|   2|           1|           1|
    |ap_condition_2869     |       and|   0|  0|   2|           1|           1|
    |ap_condition_2872     |       and|   0|  0|   2|           1|           1|
    |ap_condition_2875     |       and|   0|  0|   2|           1|           1|
    |ap_condition_2878     |       and|   0|  0|   2|           1|           1|
    |ap_condition_2881     |       and|   0|  0|   2|           1|           1|
    |ap_condition_2884     |       and|   0|  0|   2|           1|           1|
    |ap_condition_2887     |       and|   0|  0|   2|           1|           1|
    |ap_condition_2890     |       and|   0|  0|   2|           1|           1|
    |ap_condition_2893     |       and|   0|  0|   2|           1|           1|
    |ap_condition_2896     |       and|   0|  0|   2|           1|           1|
    |ap_condition_655      |       and|   0|  0|   2|           1|           1|
    |icmp_ln58_fu_652_p2   |      icmp|   0|  0|  29|          64|           7|
    |icmp_ln60_fu_1872_p2  |      icmp|   0|  0|  20|          32|          32|
    |ap_condition_776      |        or|   0|  0|   2|           1|           1|
    |ap_condition_841      |        or|   0|  0|   2|           1|           1|
    |ap_enable_pp0         |       xor|   0|  0|   2|           1|           2|
    +----------------------+----------+----+---+----+------------+------------+
    |Total                 |          |   0|  0| 326|         263|         144|
    +----------------------+----------+----+---+----+------------+------------+

    * Multiplexer: 
    +-------------------------+----+-----------+-----+-----------+
    |           Name          | LUT| Input Size| Bits| Total Bits|
    +-------------------------+----+-----------+-----+-----------+
    |ap_done_int              |   9|          2|    1|          2|
    |ap_enable_reg_pp0_iter1  |   9|          2|    1|          2|
    |arr_501_out_o            |   9|          2|   32|         64|
    |arr_502_out_o            |   9|          2|   32|         64|
    |arr_503_out_o            |   9|          2|   32|         64|
    |arr_504_out_o            |   9|          2|   32|         64|
    |arr_505_out_o            |   9|          2|   32|         64|
    |arr_506_out_o            |   9|          2|   32|         64|
    |arr_507_out_o            |   9|          2|   32|         64|
    |arr_508_out_o            |   9|          2|   32|         64|
    |arr_509_out_o            |   9|          2|   32|         64|
    |arr_510_out_o            |   9|          2|   32|         64|
    |arr_511_out_o            |   9|          2|   32|         64|
    |arr_512_out_o            |   9|          2|   32|         64|
    |arr_513_out_o            |   9|          2|   32|         64|
    |arr_514_out_o            |   9|          2|   32|         64|
    |arr_515_out_o            |   9|          2|   32|         64|
    |arr_516_out_o            |   9|          2|   32|         64|
    |arr_517_out_o            |   9|          2|   32|         64|
    |arr_518_out_o            |   9|          2|   32|         64|
    |arr_519_out_o            |   9|          2|   32|         64|
    |arr_520_out_o            |   9|          2|   32|         64|
    |arr_521_out_o            |   9|          2|   32|         64|
    |arr_522_out_o            |   9|          2|   32|         64|
    |arr_523_out_o            |   9|          2|   32|         64|
    |arr_524_out_o            |   9|          2|   32|         64|
    |arr_525_out_o            |   9|          2|   32|         64|
    |arr_526_out_o            |   9|          2|   32|         64|
    |arr_527_out_o            |   9|          2|   32|         64|
    |arr_528_out_o            |   9|          2|   32|         64|
    |arr_529_out_o            |   9|          2|   32|         64|
    |arr_530_out_o            |   9|          2|   32|         64|
    |arr_531_out_o            |   9|          2|   32|         64|
    |arr_532_out_o            |   9|          2|   32|         64|
    |arr_533_out_o            |   9|          2|   32|         64|
    |arr_534_out_o            |   9|          2|   32|         64|
    |arr_535_out_o            |   9|          2|   32|         64|
    |arr_536_out_o            |   9|          2|   32|         64|
    |arr_537_out_o            |   9|          2|   32|         64|
    |arr_538_out_o            |   9|          2|   32|         64|
    |arr_539_out_o            |   9|          2|   32|         64|
    |arr_540_out_o            |   9|          2|   32|         64|
    |arr_541_out_o            |   9|          2|   32|         64|
    |arr_542_out_o            |   9|          2|   32|         64|
    |arr_543_out_o            |   9|          2|   32|         64|
    |arr_544_out_o            |   9|          2|   32|         64|
    |arr_545_out_o            |   9|          2|   32|         64|
    |arr_546_out_o            |   9|          2|   32|         64|
    |arr_547_out_o            |   9|          2|   32|         64|
    |arr_548_out_o            |   9|          2|   32|         64|
    |arr_549_out_o            |   9|          2|   32|         64|
    |arr_550_out_o            |   9|          2|   32|         64|
    |arr_551_out_o            |   9|          2|   32|         64|
    |arr_552_out_o            |   9|          2|   32|         64|
    |arr_553_out_o            |   9|          2|   32|         64|
    |arr_554_out_o            |   9|          2|   32|         64|
    |arr_555_out_o            |   9|          2|   32|         64|
    |arr_556_out_o            |   9|          2|   32|         64|
    |arr_557_out_o            |   9|          2|   32|         64|
    |arr_558_out_o            |   9|          2|   32|         64|
    |arr_559_out_o            |   9|          2|   32|         64|
    |arr_560_out_o            |   9|          2|   32|         64|
    |arr_561_out_o            |   9|          2|   32|         64|
    |arr_562_out_o            |   9|          2|   32|         64|
    |arr_563_out_o            |   9|          2|   32|         64|
    |arr_564_out_o            |   9|          2|   32|         64|
    |arr_565_out_o            |   9|          2|   32|         64|
    |arr_566_out_o            |   9|          2|   32|         64|
    |arr_567_out_o            |   9|          2|   32|         64|
    |arr_568_out_o            |   9|          2|   32|         64|
    |arr_569_out_o            |   9|          2|   32|         64|
    |arr_570_out_o            |   9|          2|   32|         64|
    |arr_571_out_o            |   9|          2|   32|         64|
    |arr_572_out_o            |   9|          2|   32|         64|
    |arr_573_out_o            |   9|          2|   32|         64|
    |arr_574_out_o            |   9|          2|   32|         64|
    |arr_575_out_o            |   9|          2|   32|         64|
    |arr_576_out_o            |   9|          2|   32|         64|
    |arr_577_out_o            |   9|          2|   32|         64|
    |arr_578_out_o            |   9|          2|   32|         64|
    |arr_579_out_o            |   9|          2|   32|         64|
    |arr_580_out_o            |   9|          2|   32|         64|
    |arr_581_out_o            |   9|          2|   32|         64|
    |arr_582_out_o            |   9|          2|   32|         64|
    |arr_583_out_o            |   9|          2|   32|         64|
    |arr_584_out_o            |   9|          2|   32|         64|
    |arr_585_out_o            |   9|          2|   32|         64|
    |arr_586_out_o            |   9|          2|   32|         64|
    |arr_587_out_o            |   9|          2|   32|         64|
    |arr_588_out_o            |   9|          2|   32|         64|
    |arr_589_out_o            |   9|          2|   32|         64|
    |arr_590_out_o            |   9|          2|   32|         64|
    |arr_591_out_o            |   9|          2|   32|         64|
    |arr_592_out_o            |   9|          2|   32|         64|
    |arr_593_out_o            |   9|          2|   32|         64|
    |arr_594_out_o            |   9|          2|   32|         64|
    |arr_595_out_o            |   9|          2|   32|         64|
    |arr_596_out_o            |   9|          2|   32|         64|
    |arr_597_out_o            |   9|          2|   32|         64|
    |arr_598_out_o            |   9|          2|   32|         64|
    |arr_599_out_o            |   9|          2|   32|         64|
    |j_fu_630                 |   9|          2|   64|        128|
    |post_500_out_o           |  14|          3|   32|         96|
    |post_501_out_o           |  14|          3|   32|         96|
    |post_502_out_o           |  14|          3|   32|         96|
    |post_503_out_o           |  14|          3|   32|         96|
    |post_504_out_o           |  14|          3|   32|         96|
    |post_505_out_o           |  14|          3|   32|         96|
    |post_506_out_o           |  14|          3|   32|         96|
    |post_507_out_o           |  14|          3|   32|         96|
    |post_508_out_o           |  14|          3|   32|         96|
    |post_509_out_o           |  14|          3|   32|         96|
    |post_510_out_o           |  14|          3|   32|         96|
    |post_511_out_o           |  14|          3|   32|         96|
    |post_512_out_o           |  14|          3|   32|         96|
    |post_513_out_o           |  14|          3|   32|         96|
    |post_514_out_o           |  14|          3|   32|         96|
    |post_515_out_o           |  14|          3|   32|         96|
    |post_516_out_o           |  14|          3|   32|         96|
    |post_517_out_o           |  14|          3|   32|         96|
    |post_518_out_o           |  14|          3|   32|         96|
    |post_519_out_o           |  14|          3|   32|         96|
    |post_520_out_o           |  14|          3|   32|         96|
    |post_521_out_o           |  14|          3|   32|         96|
    |post_522_out_o           |  14|          3|   32|         96|
    |post_523_out_o           |  14|          3|   32|         96|
    |post_524_out_o           |  14|          3|   32|         96|
    |post_525_out_o           |  14|          3|   32|         96|
    |post_526_out_o           |  14|          3|   32|         96|
    |post_527_out_o           |  14|          3|   32|         96|
    |post_528_out_o           |  14|          3|   32|         96|
    |post_529_out_o           |  14|          3|   32|         96|
    |post_530_out_o           |  14|          3|   32|         96|
    |post_531_out_o           |  14|          3|   32|         96|
    |post_532_out_o           |  14|          3|   32|         96|
    |post_533_out_o           |  14|          3|   32|         96|
    |post_534_out_o           |  14|          3|   32|         96|
    |post_535_out_o           |  14|          3|   32|         96|
    |post_536_out_o           |  14|          3|   32|         96|
    |post_537_out_o           |  14|          3|   32|         96|
    |post_538_out_o           |  14|          3|   32|         96|
    |post_539_out_o           |  14|          3|   32|         96|
    |post_540_out_o           |  14|          3|   32|         96|
    |post_541_out_o           |  14|          3|   32|         96|
    |post_542_out_o           |  14|          3|   32|         96|
    |post_543_out_o           |  14|          3|   32|         96|
    |post_544_out_o           |  14|          3|   32|         96|
    |post_545_out_o           |  14|          3|   32|         96|
    |post_546_out_o           |  14|          3|   32|         96|
    |post_547_out_o           |  14|          3|   32|         96|
    |post_548_out_o           |  14|          3|   32|         96|
    |post_549_out_o           |  14|          3|   32|         96|
    |post_550_out_o           |  14|          3|   32|         96|
    |post_551_out_o           |  14|          3|   32|         96|
    |post_552_out_o           |  14|          3|   32|         96|
    |post_553_out_o           |  14|          3|   32|         96|
    |post_554_out_o           |  14|          3|   32|         96|
    |post_555_out_o           |  14|          3|   32|         96|
    |post_556_out_o           |  14|          3|   32|         96|
    |post_557_out_o           |  14|          3|   32|         96|
    |post_558_out_o           |  14|          3|   32|         96|
    |post_559_out_o           |  14|          3|   32|         96|
    |post_560_out_o           |  14|          3|   32|         96|
    |post_561_out_o           |  14|          3|   32|         96|
    |post_562_out_o           |  14|          3|   32|         96|
    |post_563_out_o           |  14|          3|   32|         96|
    |post_564_out_o           |  14|          3|   32|         96|
    |post_565_out_o           |  14|          3|   32|         96|
    |post_566_out_o           |  14|          3|   32|         96|
    |post_567_out_o           |  14|          3|   32|         96|
    |post_568_out_o           |  14|          3|   32|         96|
    |post_569_out_o           |  14|          3|   32|         96|
    |post_570_out_o           |  14|          3|   32|         96|
    |post_571_out_o           |  14|          3|   32|         96|
    |post_572_out_o           |  14|          3|   32|         96|
    |post_573_out_o           |  14|          3|   32|         96|
    |post_574_out_o           |  14|          3|   32|         96|
    |post_575_out_o           |  14|          3|   32|         96|
    |post_576_out_o           |  14|          3|   32|         96|
    |post_577_out_o           |  14|          3|   32|         96|
    |post_578_out_o           |  14|          3|   32|         96|
    |post_579_out_o           |  14|          3|   32|         96|
    |post_580_out_o           |  14|          3|   32|         96|
    |post_581_out_o           |  14|          3|   32|         96|
    |post_582_out_o           |  14|          3|   32|         96|
    |post_583_out_o           |  14|          3|   32|         96|
    |post_584_out_o           |  14|          3|   32|         96|
    |post_585_out_o           |  14|          3|   32|         96|
    |post_586_out_o           |  14|          3|   32|         96|
    |post_587_out_o           |  14|          3|   32|         96|
    |post_588_out_o           |  14|          3|   32|         96|
    |post_589_out_o           |  14|          3|   32|         96|
    |post_590_out_o           |  14|          3|   32|         96|
    |post_591_out_o           |  14|          3|   32|         96|
    |post_592_out_o           |  14|          3|   32|         96|
    |post_593_out_o           |  14|          3|   32|         96|
    |post_594_out_o           |  14|          3|   32|         96|
    |post_595_out_o           |  14|          3|   32|         96|
    |post_596_out_o           |  14|          3|   32|         96|
    |post_597_out_o           |  14|          3|   32|         96|
    |post_598_out_o           |  14|          3|   32|         96|
    |post_599_out_o           |  14|          3|   32|         96|
    +-------------------------+----+-----------+-----+-----------+
    |Total                    |2318|        504| 6434|      16068|
    +-------------------------+----+-----------+-----+-----------+

    * Register: 
    +-------------------------+----+----+-----+-----------+
    |           Name          | FF | LUT| Bits| Const Bits|
    +-------------------------+----+----+-----+-----------+
    |ap_CS_fsm                |   1|   0|    1|          0|
    |ap_done_reg              |   1|   0|    1|          0|
    |ap_enable_reg_pp0_iter1  |   1|   0|    1|          0|
    |j_fu_630                 |  64|   0|   64|          0|
    +-------------------------+----+----+-----+-----------+
    |Total                    |  67|   0|   67|          0|
    +-------------------------+----+----+-----+-----------+



================================================================
== Interface
================================================================
* Summary: 
+-----------------------+-----+-----+------------+------------------------------------+--------------+
|       RTL Ports       | Dir | Bits|  Protocol  |            Source Object           |    C Type    |
+-----------------------+-----+-----+------------+------------------------------------+--------------+
|ap_clk                 |   in|    1|  ap_ctrl_hs|  topk_sort_Pipeline_VITIS_LOOP_58_5|  return value|
|ap_rst                 |   in|    1|  ap_ctrl_hs|  topk_sort_Pipeline_VITIS_LOOP_58_5|  return value|
|ap_start               |   in|    1|  ap_ctrl_hs|  topk_sort_Pipeline_VITIS_LOOP_58_5|  return value|
|ap_done                |  out|    1|  ap_ctrl_hs|  topk_sort_Pipeline_VITIS_LOOP_58_5|  return value|
|ap_idle                |  out|    1|  ap_ctrl_hs|  topk_sort_Pipeline_VITIS_LOOP_58_5|  return value|
|ap_ready               |  out|    1|  ap_ctrl_hs|  topk_sort_Pipeline_VITIS_LOOP_58_5|  return value|
|zext_ln57              |   in|    7|     ap_none|                           zext_ln57|        scalar|
|post_599_out_i         |   in|   32|     ap_ovld|                        post_599_out|       pointer|
|post_599_out_o         |  out|   32|     ap_ovld|                        post_599_out|       pointer|
|post_599_out_o_ap_vld  |  out|    1|     ap_ovld|                        post_599_out|       pointer|
|post_598_out_i         |   in|   32|     ap_ovld|                        post_598_out|       pointer|
|post_598_out_o         |  out|   32|     ap_ovld|                        post_598_out|       pointer|
|post_598_out_o_ap_vld  |  out|    1|     ap_ovld|                        post_598_out|       pointer|
|post_597_out_i         |   in|   32|     ap_ovld|                        post_597_out|       pointer|
|post_597_out_o         |  out|   32|     ap_ovld|                        post_597_out|       pointer|
|post_597_out_o_ap_vld  |  out|    1|     ap_ovld|                        post_597_out|       pointer|
|post_596_out_i         |   in|   32|     ap_ovld|                        post_596_out|       pointer|
|post_596_out_o         |  out|   32|     ap_ovld|                        post_596_out|       pointer|
|post_596_out_o_ap_vld  |  out|    1|     ap_ovld|                        post_596_out|       pointer|
|post_595_out_i         |   in|   32|     ap_ovld|                        post_595_out|       pointer|
|post_595_out_o         |  out|   32|     ap_ovld|                        post_595_out|       pointer|
|post_595_out_o_ap_vld  |  out|    1|     ap_ovld|                        post_595_out|       pointer|
|post_594_out_i         |   in|   32|     ap_ovld|                        post_594_out|       pointer|
|post_594_out_o         |  out|   32|     ap_ovld|                        post_594_out|       pointer|
|post_594_out_o_ap_vld  |  out|    1|     ap_ovld|                        post_594_out|       pointer|
|post_593_out_i         |   in|   32|     ap_ovld|                        post_593_out|       pointer|
|post_593_out_o         |  out|   32|     ap_ovld|                        post_593_out|       pointer|
|post_593_out_o_ap_vld  |  out|    1|     ap_ovld|                        post_593_out|       pointer|
|post_592_out_i         |   in|   32|     ap_ovld|                        post_592_out|       pointer|
|post_592_out_o         |  out|   32|     ap_ovld|                        post_592_out|       pointer|
|post_592_out_o_ap_vld  |  out|    1|     ap_ovld|                        post_592_out|       pointer|
|post_591_out_i         |   in|   32|     ap_ovld|                        post_591_out|       pointer|
|post_591_out_o         |  out|   32|     ap_ovld|                        post_591_out|       pointer|
|post_591_out_o_ap_vld  |  out|    1|     ap_ovld|                        post_591_out|       pointer|
|post_590_out_i         |   in|   32|     ap_ovld|                        post_590_out|       pointer|
|post_590_out_o         |  out|   32|     ap_ovld|                        post_590_out|       pointer|
|post_590_out_o_ap_vld  |  out|    1|     ap_ovld|                        post_590_out|       pointer|
|post_589_out_i         |   in|   32|     ap_ovld|                        post_589_out|       pointer|
|post_589_out_o         |  out|   32|     ap_ovld|                        post_589_out|       pointer|
|post_589_out_o_ap_vld  |  out|    1|     ap_ovld|                        post_589_out|       pointer|
|post_588_out_i         |   in|   32|     ap_ovld|                        post_588_out|       pointer|
|post_588_out_o         |  out|   32|     ap_ovld|                        post_588_out|       pointer|
|post_588_out_o_ap_vld  |  out|    1|     ap_ovld|                        post_588_out|       pointer|
|post_587_out_i         |   in|   32|     ap_ovld|                        post_587_out|       pointer|
|post_587_out_o         |  out|   32|     ap_ovld|                        post_587_out|       pointer|
|post_587_out_o_ap_vld  |  out|    1|     ap_ovld|                        post_587_out|       pointer|
|post_586_out_i         |   in|   32|     ap_ovld|                        post_586_out|       pointer|
|post_586_out_o         |  out|   32|     ap_ovld|                        post_586_out|       pointer|
|post_586_out_o_ap_vld  |  out|    1|     ap_ovld|                        post_586_out|       pointer|
|post_585_out_i         |   in|   32|     ap_ovld|                        post_585_out|       pointer|
|post_585_out_o         |  out|   32|     ap_ovld|                        post_585_out|       pointer|
|post_585_out_o_ap_vld  |  out|    1|     ap_ovld|                        post_585_out|       pointer|
|post_584_out_i         |   in|   32|     ap_ovld|                        post_584_out|       pointer|
|post_584_out_o         |  out|   32|     ap_ovld|                        post_584_out|       pointer|
|post_584_out_o_ap_vld  |  out|    1|     ap_ovld|                        post_584_out|       pointer|
|post_583_out_i         |   in|   32|     ap_ovld|                        post_583_out|       pointer|
|post_583_out_o         |  out|   32|     ap_ovld|                        post_583_out|       pointer|
|post_583_out_o_ap_vld  |  out|    1|     ap_ovld|                        post_583_out|       pointer|
|post_582_out_i         |   in|   32|     ap_ovld|                        post_582_out|       pointer|
|post_582_out_o         |  out|   32|     ap_ovld|                        post_582_out|       pointer|
|post_582_out_o_ap_vld  |  out|    1|     ap_ovld|                        post_582_out|       pointer|
|post_581_out_i         |   in|   32|     ap_ovld|                        post_581_out|       pointer|
|post_581_out_o         |  out|   32|     ap_ovld|                        post_581_out|       pointer|
|post_581_out_o_ap_vld  |  out|    1|     ap_ovld|                        post_581_out|       pointer|
|post_580_out_i         |   in|   32|     ap_ovld|                        post_580_out|       pointer|
|post_580_out_o         |  out|   32|     ap_ovld|                        post_580_out|       pointer|
|post_580_out_o_ap_vld  |  out|    1|     ap_ovld|                        post_580_out|       pointer|
|post_579_out_i         |   in|   32|     ap_ovld|                        post_579_out|       pointer|
|post_579_out_o         |  out|   32|     ap_ovld|                        post_579_out|       pointer|
|post_579_out_o_ap_vld  |  out|    1|     ap_ovld|                        post_579_out|       pointer|
|post_578_out_i         |   in|   32|     ap_ovld|                        post_578_out|       pointer|
|post_578_out_o         |  out|   32|     ap_ovld|                        post_578_out|       pointer|
|post_578_out_o_ap_vld  |  out|    1|     ap_ovld|                        post_578_out|       pointer|
|post_577_out_i         |   in|   32|     ap_ovld|                        post_577_out|       pointer|
|post_577_out_o         |  out|   32|     ap_ovld|                        post_577_out|       pointer|
|post_577_out_o_ap_vld  |  out|    1|     ap_ovld|                        post_577_out|       pointer|
|post_576_out_i         |   in|   32|     ap_ovld|                        post_576_out|       pointer|
|post_576_out_o         |  out|   32|     ap_ovld|                        post_576_out|       pointer|
|post_576_out_o_ap_vld  |  out|    1|     ap_ovld|                        post_576_out|       pointer|
|post_575_out_i         |   in|   32|     ap_ovld|                        post_575_out|       pointer|
|post_575_out_o         |  out|   32|     ap_ovld|                        post_575_out|       pointer|
|post_575_out_o_ap_vld  |  out|    1|     ap_ovld|                        post_575_out|       pointer|
|post_574_out_i         |   in|   32|     ap_ovld|                        post_574_out|       pointer|
|post_574_out_o         |  out|   32|     ap_ovld|                        post_574_out|       pointer|
|post_574_out_o_ap_vld  |  out|    1|     ap_ovld|                        post_574_out|       pointer|
|post_573_out_i         |   in|   32|     ap_ovld|                        post_573_out|       pointer|
|post_573_out_o         |  out|   32|     ap_ovld|                        post_573_out|       pointer|
|post_573_out_o_ap_vld  |  out|    1|     ap_ovld|                        post_573_out|       pointer|
|post_572_out_i         |   in|   32|     ap_ovld|                        post_572_out|       pointer|
|post_572_out_o         |  out|   32|     ap_ovld|                        post_572_out|       pointer|
|post_572_out_o_ap_vld  |  out|    1|     ap_ovld|                        post_572_out|       pointer|
|post_571_out_i         |   in|   32|     ap_ovld|                        post_571_out|       pointer|
|post_571_out_o         |  out|   32|     ap_ovld|                        post_571_out|       pointer|
|post_571_out_o_ap_vld  |  out|    1|     ap_ovld|                        post_571_out|       pointer|
|post_570_out_i         |   in|   32|     ap_ovld|                        post_570_out|       pointer|
|post_570_out_o         |  out|   32|     ap_ovld|                        post_570_out|       pointer|
|post_570_out_o_ap_vld  |  out|    1|     ap_ovld|                        post_570_out|       pointer|
|post_569_out_i         |   in|   32|     ap_ovld|                        post_569_out|       pointer|
|post_569_out_o         |  out|   32|     ap_ovld|                        post_569_out|       pointer|
|post_569_out_o_ap_vld  |  out|    1|     ap_ovld|                        post_569_out|       pointer|
|post_568_out_i         |   in|   32|     ap_ovld|                        post_568_out|       pointer|
|post_568_out_o         |  out|   32|     ap_ovld|                        post_568_out|       pointer|
|post_568_out_o_ap_vld  |  out|    1|     ap_ovld|                        post_568_out|       pointer|
|post_567_out_i         |   in|   32|     ap_ovld|                        post_567_out|       pointer|
|post_567_out_o         |  out|   32|     ap_ovld|                        post_567_out|       pointer|
|post_567_out_o_ap_vld  |  out|    1|     ap_ovld|                        post_567_out|       pointer|
|post_566_out_i         |   in|   32|     ap_ovld|                        post_566_out|       pointer|
|post_566_out_o         |  out|   32|     ap_ovld|                        post_566_out|       pointer|
|post_566_out_o_ap_vld  |  out|    1|     ap_ovld|                        post_566_out|       pointer|
|post_565_out_i         |   in|   32|     ap_ovld|                        post_565_out|       pointer|
|post_565_out_o         |  out|   32|     ap_ovld|                        post_565_out|       pointer|
|post_565_out_o_ap_vld  |  out|    1|     ap_ovld|                        post_565_out|       pointer|
|post_564_out_i         |   in|   32|     ap_ovld|                        post_564_out|       pointer|
|post_564_out_o         |  out|   32|     ap_ovld|                        post_564_out|       pointer|
|post_564_out_o_ap_vld  |  out|    1|     ap_ovld|                        post_564_out|       pointer|
|post_563_out_i         |   in|   32|     ap_ovld|                        post_563_out|       pointer|
|post_563_out_o         |  out|   32|     ap_ovld|                        post_563_out|       pointer|
|post_563_out_o_ap_vld  |  out|    1|     ap_ovld|                        post_563_out|       pointer|
|post_562_out_i         |   in|   32|     ap_ovld|                        post_562_out|       pointer|
|post_562_out_o         |  out|   32|     ap_ovld|                        post_562_out|       pointer|
|post_562_out_o_ap_vld  |  out|    1|     ap_ovld|                        post_562_out|       pointer|
|post_561_out_i         |   in|   32|     ap_ovld|                        post_561_out|       pointer|
|post_561_out_o         |  out|   32|     ap_ovld|                        post_561_out|       pointer|
|post_561_out_o_ap_vld  |  out|    1|     ap_ovld|                        post_561_out|       pointer|
|post_560_out_i         |   in|   32|     ap_ovld|                        post_560_out|       pointer|
|post_560_out_o         |  out|   32|     ap_ovld|                        post_560_out|       pointer|
|post_560_out_o_ap_vld  |  out|    1|     ap_ovld|                        post_560_out|       pointer|
|post_559_out_i         |   in|   32|     ap_ovld|                        post_559_out|       pointer|
|post_559_out_o         |  out|   32|     ap_ovld|                        post_559_out|       pointer|
|post_559_out_o_ap_vld  |  out|    1|     ap_ovld|                        post_559_out|       pointer|
|post_558_out_i         |   in|   32|     ap_ovld|                        post_558_out|       pointer|
|post_558_out_o         |  out|   32|     ap_ovld|                        post_558_out|       pointer|
|post_558_out_o_ap_vld  |  out|    1|     ap_ovld|                        post_558_out|       pointer|
|post_557_out_i         |   in|   32|     ap_ovld|                        post_557_out|       pointer|
|post_557_out_o         |  out|   32|     ap_ovld|                        post_557_out|       pointer|
|post_557_out_o_ap_vld  |  out|    1|     ap_ovld|                        post_557_out|       pointer|
|post_556_out_i         |   in|   32|     ap_ovld|                        post_556_out|       pointer|
|post_556_out_o         |  out|   32|     ap_ovld|                        post_556_out|       pointer|
|post_556_out_o_ap_vld  |  out|    1|     ap_ovld|                        post_556_out|       pointer|
|post_555_out_i         |   in|   32|     ap_ovld|                        post_555_out|       pointer|
|post_555_out_o         |  out|   32|     ap_ovld|                        post_555_out|       pointer|
|post_555_out_o_ap_vld  |  out|    1|     ap_ovld|                        post_555_out|       pointer|
|post_554_out_i         |   in|   32|     ap_ovld|                        post_554_out|       pointer|
|post_554_out_o         |  out|   32|     ap_ovld|                        post_554_out|       pointer|
|post_554_out_o_ap_vld  |  out|    1|     ap_ovld|                        post_554_out|       pointer|
|post_553_out_i         |   in|   32|     ap_ovld|                        post_553_out|       pointer|
|post_553_out_o         |  out|   32|     ap_ovld|                        post_553_out|       pointer|
|post_553_out_o_ap_vld  |  out|    1|     ap_ovld|                        post_553_out|       pointer|
|post_552_out_i         |   in|   32|     ap_ovld|                        post_552_out|       pointer|
|post_552_out_o         |  out|   32|     ap_ovld|                        post_552_out|       pointer|
|post_552_out_o_ap_vld  |  out|    1|     ap_ovld|                        post_552_out|       pointer|
|post_551_out_i         |   in|   32|     ap_ovld|                        post_551_out|       pointer|
|post_551_out_o         |  out|   32|     ap_ovld|                        post_551_out|       pointer|
|post_551_out_o_ap_vld  |  out|    1|     ap_ovld|                        post_551_out|       pointer|
|post_550_out_i         |   in|   32|     ap_ovld|                        post_550_out|       pointer|
|post_550_out_o         |  out|   32|     ap_ovld|                        post_550_out|       pointer|
|post_550_out_o_ap_vld  |  out|    1|     ap_ovld|                        post_550_out|       pointer|
|post_549_out_i         |   in|   32|     ap_ovld|                        post_549_out|       pointer|
|post_549_out_o         |  out|   32|     ap_ovld|                        post_549_out|       pointer|
|post_549_out_o_ap_vld  |  out|    1|     ap_ovld|                        post_549_out|       pointer|
|post_548_out_i         |   in|   32|     ap_ovld|                        post_548_out|       pointer|
|post_548_out_o         |  out|   32|     ap_ovld|                        post_548_out|       pointer|
|post_548_out_o_ap_vld  |  out|    1|     ap_ovld|                        post_548_out|       pointer|
|post_547_out_i         |   in|   32|     ap_ovld|                        post_547_out|       pointer|
|post_547_out_o         |  out|   32|     ap_ovld|                        post_547_out|       pointer|
|post_547_out_o_ap_vld  |  out|    1|     ap_ovld|                        post_547_out|       pointer|
|post_546_out_i         |   in|   32|     ap_ovld|                        post_546_out|       pointer|
|post_546_out_o         |  out|   32|     ap_ovld|                        post_546_out|       pointer|
|post_546_out_o_ap_vld  |  out|    1|     ap_ovld|                        post_546_out|       pointer|
|post_545_out_i         |   in|   32|     ap_ovld|                        post_545_out|       pointer|
|post_545_out_o         |  out|   32|     ap_ovld|                        post_545_out|       pointer|
|post_545_out_o_ap_vld  |  out|    1|     ap_ovld|                        post_545_out|       pointer|
|post_544_out_i         |   in|   32|     ap_ovld|                        post_544_out|       pointer|
|post_544_out_o         |  out|   32|     ap_ovld|                        post_544_out|       pointer|
|post_544_out_o_ap_vld  |  out|    1|     ap_ovld|                        post_544_out|       pointer|
|post_543_out_i         |   in|   32|     ap_ovld|                        post_543_out|       pointer|
|post_543_out_o         |  out|   32|     ap_ovld|                        post_543_out|       pointer|
|post_543_out_o_ap_vld  |  out|    1|     ap_ovld|                        post_543_out|       pointer|
|post_542_out_i         |   in|   32|     ap_ovld|                        post_542_out|       pointer|
|post_542_out_o         |  out|   32|     ap_ovld|                        post_542_out|       pointer|
|post_542_out_o_ap_vld  |  out|    1|     ap_ovld|                        post_542_out|       pointer|
|post_541_out_i         |   in|   32|     ap_ovld|                        post_541_out|       pointer|
|post_541_out_o         |  out|   32|     ap_ovld|                        post_541_out|       pointer|
|post_541_out_o_ap_vld  |  out|    1|     ap_ovld|                        post_541_out|       pointer|
|post_540_out_i         |   in|   32|     ap_ovld|                        post_540_out|       pointer|
|post_540_out_o         |  out|   32|     ap_ovld|                        post_540_out|       pointer|
|post_540_out_o_ap_vld  |  out|    1|     ap_ovld|                        post_540_out|       pointer|
|post_539_out_i         |   in|   32|     ap_ovld|                        post_539_out|       pointer|
|post_539_out_o         |  out|   32|     ap_ovld|                        post_539_out|       pointer|
|post_539_out_o_ap_vld  |  out|    1|     ap_ovld|                        post_539_out|       pointer|
|post_538_out_i         |   in|   32|     ap_ovld|                        post_538_out|       pointer|
|post_538_out_o         |  out|   32|     ap_ovld|                        post_538_out|       pointer|
|post_538_out_o_ap_vld  |  out|    1|     ap_ovld|                        post_538_out|       pointer|
|post_537_out_i         |   in|   32|     ap_ovld|                        post_537_out|       pointer|
|post_537_out_o         |  out|   32|     ap_ovld|                        post_537_out|       pointer|
|post_537_out_o_ap_vld  |  out|    1|     ap_ovld|                        post_537_out|       pointer|
|post_536_out_i         |   in|   32|     ap_ovld|                        post_536_out|       pointer|
|post_536_out_o         |  out|   32|     ap_ovld|                        post_536_out|       pointer|
|post_536_out_o_ap_vld  |  out|    1|     ap_ovld|                        post_536_out|       pointer|
|post_535_out_i         |   in|   32|     ap_ovld|                        post_535_out|       pointer|
|post_535_out_o         |  out|   32|     ap_ovld|                        post_535_out|       pointer|
|post_535_out_o_ap_vld  |  out|    1|     ap_ovld|                        post_535_out|       pointer|
|post_534_out_i         |   in|   32|     ap_ovld|                        post_534_out|       pointer|
|post_534_out_o         |  out|   32|     ap_ovld|                        post_534_out|       pointer|
|post_534_out_o_ap_vld  |  out|    1|     ap_ovld|                        post_534_out|       pointer|
|post_533_out_i         |   in|   32|     ap_ovld|                        post_533_out|       pointer|
|post_533_out_o         |  out|   32|     ap_ovld|                        post_533_out|       pointer|
|post_533_out_o_ap_vld  |  out|    1|     ap_ovld|                        post_533_out|       pointer|
|post_532_out_i         |   in|   32|     ap_ovld|                        post_532_out|       pointer|
|post_532_out_o         |  out|   32|     ap_ovld|                        post_532_out|       pointer|
|post_532_out_o_ap_vld  |  out|    1|     ap_ovld|                        post_532_out|       pointer|
|post_531_out_i         |   in|   32|     ap_ovld|                        post_531_out|       pointer|
|post_531_out_o         |  out|   32|     ap_ovld|                        post_531_out|       pointer|
|post_531_out_o_ap_vld  |  out|    1|     ap_ovld|                        post_531_out|       pointer|
|post_530_out_i         |   in|   32|     ap_ovld|                        post_530_out|       pointer|
|post_530_out_o         |  out|   32|     ap_ovld|                        post_530_out|       pointer|
|post_530_out_o_ap_vld  |  out|    1|     ap_ovld|                        post_530_out|       pointer|
|post_529_out_i         |   in|   32|     ap_ovld|                        post_529_out|       pointer|
|post_529_out_o         |  out|   32|     ap_ovld|                        post_529_out|       pointer|
|post_529_out_o_ap_vld  |  out|    1|     ap_ovld|                        post_529_out|       pointer|
|post_528_out_i         |   in|   32|     ap_ovld|                        post_528_out|       pointer|
|post_528_out_o         |  out|   32|     ap_ovld|                        post_528_out|       pointer|
|post_528_out_o_ap_vld  |  out|    1|     ap_ovld|                        post_528_out|       pointer|
|post_527_out_i         |   in|   32|     ap_ovld|                        post_527_out|       pointer|
|post_527_out_o         |  out|   32|     ap_ovld|                        post_527_out|       pointer|
|post_527_out_o_ap_vld  |  out|    1|     ap_ovld|                        post_527_out|       pointer|
|post_526_out_i         |   in|   32|     ap_ovld|                        post_526_out|       pointer|
|post_526_out_o         |  out|   32|     ap_ovld|                        post_526_out|       pointer|
|post_526_out_o_ap_vld  |  out|    1|     ap_ovld|                        post_526_out|       pointer|
|post_525_out_i         |   in|   32|     ap_ovld|                        post_525_out|       pointer|
|post_525_out_o         |  out|   32|     ap_ovld|                        post_525_out|       pointer|
|post_525_out_o_ap_vld  |  out|    1|     ap_ovld|                        post_525_out|       pointer|
|post_524_out_i         |   in|   32|     ap_ovld|                        post_524_out|       pointer|
|post_524_out_o         |  out|   32|     ap_ovld|                        post_524_out|       pointer|
|post_524_out_o_ap_vld  |  out|    1|     ap_ovld|                        post_524_out|       pointer|
|post_523_out_i         |   in|   32|     ap_ovld|                        post_523_out|       pointer|
|post_523_out_o         |  out|   32|     ap_ovld|                        post_523_out|       pointer|
|post_523_out_o_ap_vld  |  out|    1|     ap_ovld|                        post_523_out|       pointer|
|post_522_out_i         |   in|   32|     ap_ovld|                        post_522_out|       pointer|
|post_522_out_o         |  out|   32|     ap_ovld|                        post_522_out|       pointer|
|post_522_out_o_ap_vld  |  out|    1|     ap_ovld|                        post_522_out|       pointer|
|post_521_out_i         |   in|   32|     ap_ovld|                        post_521_out|       pointer|
|post_521_out_o         |  out|   32|     ap_ovld|                        post_521_out|       pointer|
|post_521_out_o_ap_vld  |  out|    1|     ap_ovld|                        post_521_out|       pointer|
|post_520_out_i         |   in|   32|     ap_ovld|                        post_520_out|       pointer|
|post_520_out_o         |  out|   32|     ap_ovld|                        post_520_out|       pointer|
|post_520_out_o_ap_vld  |  out|    1|     ap_ovld|                        post_520_out|       pointer|
|post_519_out_i         |   in|   32|     ap_ovld|                        post_519_out|       pointer|
|post_519_out_o         |  out|   32|     ap_ovld|                        post_519_out|       pointer|
|post_519_out_o_ap_vld  |  out|    1|     ap_ovld|                        post_519_out|       pointer|
|post_518_out_i         |   in|   32|     ap_ovld|                        post_518_out|       pointer|
|post_518_out_o         |  out|   32|     ap_ovld|                        post_518_out|       pointer|
|post_518_out_o_ap_vld  |  out|    1|     ap_ovld|                        post_518_out|       pointer|
|post_517_out_i         |   in|   32|     ap_ovld|                        post_517_out|       pointer|
|post_517_out_o         |  out|   32|     ap_ovld|                        post_517_out|       pointer|
|post_517_out_o_ap_vld  |  out|    1|     ap_ovld|                        post_517_out|       pointer|
|post_516_out_i         |   in|   32|     ap_ovld|                        post_516_out|       pointer|
|post_516_out_o         |  out|   32|     ap_ovld|                        post_516_out|       pointer|
|post_516_out_o_ap_vld  |  out|    1|     ap_ovld|                        post_516_out|       pointer|
|post_515_out_i         |   in|   32|     ap_ovld|                        post_515_out|       pointer|
|post_515_out_o         |  out|   32|     ap_ovld|                        post_515_out|       pointer|
|post_515_out_o_ap_vld  |  out|    1|     ap_ovld|                        post_515_out|       pointer|
|post_514_out_i         |   in|   32|     ap_ovld|                        post_514_out|       pointer|
|post_514_out_o         |  out|   32|     ap_ovld|                        post_514_out|       pointer|
|post_514_out_o_ap_vld  |  out|    1|     ap_ovld|                        post_514_out|       pointer|
|post_513_out_i         |   in|   32|     ap_ovld|                        post_513_out|       pointer|
|post_513_out_o         |  out|   32|     ap_ovld|                        post_513_out|       pointer|
|post_513_out_o_ap_vld  |  out|    1|     ap_ovld|                        post_513_out|       pointer|
|post_512_out_i         |   in|   32|     ap_ovld|                        post_512_out|       pointer|
|post_512_out_o         |  out|   32|     ap_ovld|                        post_512_out|       pointer|
|post_512_out_o_ap_vld  |  out|    1|     ap_ovld|                        post_512_out|       pointer|
|post_511_out_i         |   in|   32|     ap_ovld|                        post_511_out|       pointer|
|post_511_out_o         |  out|   32|     ap_ovld|                        post_511_out|       pointer|
|post_511_out_o_ap_vld  |  out|    1|     ap_ovld|                        post_511_out|       pointer|
|post_510_out_i         |   in|   32|     ap_ovld|                        post_510_out|       pointer|
|post_510_out_o         |  out|   32|     ap_ovld|                        post_510_out|       pointer|
|post_510_out_o_ap_vld  |  out|    1|     ap_ovld|                        post_510_out|       pointer|
|post_509_out_i         |   in|   32|     ap_ovld|                        post_509_out|       pointer|
|post_509_out_o         |  out|   32|     ap_ovld|                        post_509_out|       pointer|
|post_509_out_o_ap_vld  |  out|    1|     ap_ovld|                        post_509_out|       pointer|
|post_508_out_i         |   in|   32|     ap_ovld|                        post_508_out|       pointer|
|post_508_out_o         |  out|   32|     ap_ovld|                        post_508_out|       pointer|
|post_508_out_o_ap_vld  |  out|    1|     ap_ovld|                        post_508_out|       pointer|
|post_507_out_i         |   in|   32|     ap_ovld|                        post_507_out|       pointer|
|post_507_out_o         |  out|   32|     ap_ovld|                        post_507_out|       pointer|
|post_507_out_o_ap_vld  |  out|    1|     ap_ovld|                        post_507_out|       pointer|
|post_506_out_i         |   in|   32|     ap_ovld|                        post_506_out|       pointer|
|post_506_out_o         |  out|   32|     ap_ovld|                        post_506_out|       pointer|
|post_506_out_o_ap_vld  |  out|    1|     ap_ovld|                        post_506_out|       pointer|
|post_505_out_i         |   in|   32|     ap_ovld|                        post_505_out|       pointer|
|post_505_out_o         |  out|   32|     ap_ovld|                        post_505_out|       pointer|
|post_505_out_o_ap_vld  |  out|    1|     ap_ovld|                        post_505_out|       pointer|
|post_504_out_i         |   in|   32|     ap_ovld|                        post_504_out|       pointer|
|post_504_out_o         |  out|   32|     ap_ovld|                        post_504_out|       pointer|
|post_504_out_o_ap_vld  |  out|    1|     ap_ovld|                        post_504_out|       pointer|
|post_503_out_i         |   in|   32|     ap_ovld|                        post_503_out|       pointer|
|post_503_out_o         |  out|   32|     ap_ovld|                        post_503_out|       pointer|
|post_503_out_o_ap_vld  |  out|    1|     ap_ovld|                        post_503_out|       pointer|
|post_502_out_i         |   in|   32|     ap_ovld|                        post_502_out|       pointer|
|post_502_out_o         |  out|   32|     ap_ovld|                        post_502_out|       pointer|
|post_502_out_o_ap_vld  |  out|    1|     ap_ovld|                        post_502_out|       pointer|
|post_501_out_i         |   in|   32|     ap_ovld|                        post_501_out|       pointer|
|post_501_out_o         |  out|   32|     ap_ovld|                        post_501_out|       pointer|
|post_501_out_o_ap_vld  |  out|    1|     ap_ovld|                        post_501_out|       pointer|
|post_500_out_i         |   in|   32|     ap_ovld|                        post_500_out|       pointer|
|post_500_out_o         |  out|   32|     ap_ovld|                        post_500_out|       pointer|
|post_500_out_o_ap_vld  |  out|    1|     ap_ovld|                        post_500_out|       pointer|
|arr_599_out_i          |   in|   32|     ap_ovld|                         arr_599_out|       pointer|
|arr_599_out_o          |  out|   32|     ap_ovld|                         arr_599_out|       pointer|
|arr_599_out_o_ap_vld   |  out|    1|     ap_ovld|                         arr_599_out|       pointer|
|arr_598_out_i          |   in|   32|     ap_ovld|                         arr_598_out|       pointer|
|arr_598_out_o          |  out|   32|     ap_ovld|                         arr_598_out|       pointer|
|arr_598_out_o_ap_vld   |  out|    1|     ap_ovld|                         arr_598_out|       pointer|
|arr_597_out_i          |   in|   32|     ap_ovld|                         arr_597_out|       pointer|
|arr_597_out_o          |  out|   32|     ap_ovld|                         arr_597_out|       pointer|
|arr_597_out_o_ap_vld   |  out|    1|     ap_ovld|                         arr_597_out|       pointer|
|arr_596_out_i          |   in|   32|     ap_ovld|                         arr_596_out|       pointer|
|arr_596_out_o          |  out|   32|     ap_ovld|                         arr_596_out|       pointer|
|arr_596_out_o_ap_vld   |  out|    1|     ap_ovld|                         arr_596_out|       pointer|
|arr_595_out_i          |   in|   32|     ap_ovld|                         arr_595_out|       pointer|
|arr_595_out_o          |  out|   32|     ap_ovld|                         arr_595_out|       pointer|
|arr_595_out_o_ap_vld   |  out|    1|     ap_ovld|                         arr_595_out|       pointer|
|arr_594_out_i          |   in|   32|     ap_ovld|                         arr_594_out|       pointer|
|arr_594_out_o          |  out|   32|     ap_ovld|                         arr_594_out|       pointer|
|arr_594_out_o_ap_vld   |  out|    1|     ap_ovld|                         arr_594_out|       pointer|
|arr_593_out_i          |   in|   32|     ap_ovld|                         arr_593_out|       pointer|
|arr_593_out_o          |  out|   32|     ap_ovld|                         arr_593_out|       pointer|
|arr_593_out_o_ap_vld   |  out|    1|     ap_ovld|                         arr_593_out|       pointer|
|arr_592_out_i          |   in|   32|     ap_ovld|                         arr_592_out|       pointer|
|arr_592_out_o          |  out|   32|     ap_ovld|                         arr_592_out|       pointer|
|arr_592_out_o_ap_vld   |  out|    1|     ap_ovld|                         arr_592_out|       pointer|
|arr_591_out_i          |   in|   32|     ap_ovld|                         arr_591_out|       pointer|
|arr_591_out_o          |  out|   32|     ap_ovld|                         arr_591_out|       pointer|
|arr_591_out_o_ap_vld   |  out|    1|     ap_ovld|                         arr_591_out|       pointer|
|arr_590_out_i          |   in|   32|     ap_ovld|                         arr_590_out|       pointer|
|arr_590_out_o          |  out|   32|     ap_ovld|                         arr_590_out|       pointer|
|arr_590_out_o_ap_vld   |  out|    1|     ap_ovld|                         arr_590_out|       pointer|
|arr_589_out_i          |   in|   32|     ap_ovld|                         arr_589_out|       pointer|
|arr_589_out_o          |  out|   32|     ap_ovld|                         arr_589_out|       pointer|
|arr_589_out_o_ap_vld   |  out|    1|     ap_ovld|                         arr_589_out|       pointer|
|arr_588_out_i          |   in|   32|     ap_ovld|                         arr_588_out|       pointer|
|arr_588_out_o          |  out|   32|     ap_ovld|                         arr_588_out|       pointer|
|arr_588_out_o_ap_vld   |  out|    1|     ap_ovld|                         arr_588_out|       pointer|
|arr_587_out_i          |   in|   32|     ap_ovld|                         arr_587_out|       pointer|
|arr_587_out_o          |  out|   32|     ap_ovld|                         arr_587_out|       pointer|
|arr_587_out_o_ap_vld   |  out|    1|     ap_ovld|                         arr_587_out|       pointer|
|arr_586_out_i          |   in|   32|     ap_ovld|                         arr_586_out|       pointer|
|arr_586_out_o          |  out|   32|     ap_ovld|                         arr_586_out|       pointer|
|arr_586_out_o_ap_vld   |  out|    1|     ap_ovld|                         arr_586_out|       pointer|
|arr_585_out_i          |   in|   32|     ap_ovld|                         arr_585_out|       pointer|
|arr_585_out_o          |  out|   32|     ap_ovld|                         arr_585_out|       pointer|
|arr_585_out_o_ap_vld   |  out|    1|     ap_ovld|                         arr_585_out|       pointer|
|arr_584_out_i          |   in|   32|     ap_ovld|                         arr_584_out|       pointer|
|arr_584_out_o          |  out|   32|     ap_ovld|                         arr_584_out|       pointer|
|arr_584_out_o_ap_vld   |  out|    1|     ap_ovld|                         arr_584_out|       pointer|
|arr_583_out_i          |   in|   32|     ap_ovld|                         arr_583_out|       pointer|
|arr_583_out_o          |  out|   32|     ap_ovld|                         arr_583_out|       pointer|
|arr_583_out_o_ap_vld   |  out|    1|     ap_ovld|                         arr_583_out|       pointer|
|arr_582_out_i          |   in|   32|     ap_ovld|                         arr_582_out|       pointer|
|arr_582_out_o          |  out|   32|     ap_ovld|                         arr_582_out|       pointer|
|arr_582_out_o_ap_vld   |  out|    1|     ap_ovld|                         arr_582_out|       pointer|
|arr_581_out_i          |   in|   32|     ap_ovld|                         arr_581_out|       pointer|
|arr_581_out_o          |  out|   32|     ap_ovld|                         arr_581_out|       pointer|
|arr_581_out_o_ap_vld   |  out|    1|     ap_ovld|                         arr_581_out|       pointer|
|arr_580_out_i          |   in|   32|     ap_ovld|                         arr_580_out|       pointer|
|arr_580_out_o          |  out|   32|     ap_ovld|                         arr_580_out|       pointer|
|arr_580_out_o_ap_vld   |  out|    1|     ap_ovld|                         arr_580_out|       pointer|
|arr_579_out_i          |   in|   32|     ap_ovld|                         arr_579_out|       pointer|
|arr_579_out_o          |  out|   32|     ap_ovld|                         arr_579_out|       pointer|
|arr_579_out_o_ap_vld   |  out|    1|     ap_ovld|                         arr_579_out|       pointer|
|arr_578_out_i          |   in|   32|     ap_ovld|                         arr_578_out|       pointer|
|arr_578_out_o          |  out|   32|     ap_ovld|                         arr_578_out|       pointer|
|arr_578_out_o_ap_vld   |  out|    1|     ap_ovld|                         arr_578_out|       pointer|
|arr_577_out_i          |   in|   32|     ap_ovld|                         arr_577_out|       pointer|
|arr_577_out_o          |  out|   32|     ap_ovld|                         arr_577_out|       pointer|
|arr_577_out_o_ap_vld   |  out|    1|     ap_ovld|                         arr_577_out|       pointer|
|arr_576_out_i          |   in|   32|     ap_ovld|                         arr_576_out|       pointer|
|arr_576_out_o          |  out|   32|     ap_ovld|                         arr_576_out|       pointer|
|arr_576_out_o_ap_vld   |  out|    1|     ap_ovld|                         arr_576_out|       pointer|
|arr_575_out_i          |   in|   32|     ap_ovld|                         arr_575_out|       pointer|
|arr_575_out_o          |  out|   32|     ap_ovld|                         arr_575_out|       pointer|
|arr_575_out_o_ap_vld   |  out|    1|     ap_ovld|                         arr_575_out|       pointer|
|arr_574_out_i          |   in|   32|     ap_ovld|                         arr_574_out|       pointer|
|arr_574_out_o          |  out|   32|     ap_ovld|                         arr_574_out|       pointer|
|arr_574_out_o_ap_vld   |  out|    1|     ap_ovld|                         arr_574_out|       pointer|
|arr_573_out_i          |   in|   32|     ap_ovld|                         arr_573_out|       pointer|
|arr_573_out_o          |  out|   32|     ap_ovld|                         arr_573_out|       pointer|
|arr_573_out_o_ap_vld   |  out|    1|     ap_ovld|                         arr_573_out|       pointer|
|arr_572_out_i          |   in|   32|     ap_ovld|                         arr_572_out|       pointer|
|arr_572_out_o          |  out|   32|     ap_ovld|                         arr_572_out|       pointer|
|arr_572_out_o_ap_vld   |  out|    1|     ap_ovld|                         arr_572_out|       pointer|
|arr_571_out_i          |   in|   32|     ap_ovld|                         arr_571_out|       pointer|
|arr_571_out_o          |  out|   32|     ap_ovld|                         arr_571_out|       pointer|
|arr_571_out_o_ap_vld   |  out|    1|     ap_ovld|                         arr_571_out|       pointer|
|arr_570_out_i          |   in|   32|     ap_ovld|                         arr_570_out|       pointer|
|arr_570_out_o          |  out|   32|     ap_ovld|                         arr_570_out|       pointer|
|arr_570_out_o_ap_vld   |  out|    1|     ap_ovld|                         arr_570_out|       pointer|
|arr_569_out_i          |   in|   32|     ap_ovld|                         arr_569_out|       pointer|
|arr_569_out_o          |  out|   32|     ap_ovld|                         arr_569_out|       pointer|
|arr_569_out_o_ap_vld   |  out|    1|     ap_ovld|                         arr_569_out|       pointer|
|arr_568_out_i          |   in|   32|     ap_ovld|                         arr_568_out|       pointer|
|arr_568_out_o          |  out|   32|     ap_ovld|                         arr_568_out|       pointer|
|arr_568_out_o_ap_vld   |  out|    1|     ap_ovld|                         arr_568_out|       pointer|
|arr_567_out_i          |   in|   32|     ap_ovld|                         arr_567_out|       pointer|
|arr_567_out_o          |  out|   32|     ap_ovld|                         arr_567_out|       pointer|
|arr_567_out_o_ap_vld   |  out|    1|     ap_ovld|                         arr_567_out|       pointer|
|arr_566_out_i          |   in|   32|     ap_ovld|                         arr_566_out|       pointer|
|arr_566_out_o          |  out|   32|     ap_ovld|                         arr_566_out|       pointer|
|arr_566_out_o_ap_vld   |  out|    1|     ap_ovld|                         arr_566_out|       pointer|
|arr_565_out_i          |   in|   32|     ap_ovld|                         arr_565_out|       pointer|
|arr_565_out_o          |  out|   32|     ap_ovld|                         arr_565_out|       pointer|
|arr_565_out_o_ap_vld   |  out|    1|     ap_ovld|                         arr_565_out|       pointer|
|arr_564_out_i          |   in|   32|     ap_ovld|                         arr_564_out|       pointer|
|arr_564_out_o          |  out|   32|     ap_ovld|                         arr_564_out|       pointer|
|arr_564_out_o_ap_vld   |  out|    1|     ap_ovld|                         arr_564_out|       pointer|
|arr_563_out_i          |   in|   32|     ap_ovld|                         arr_563_out|       pointer|
|arr_563_out_o          |  out|   32|     ap_ovld|                         arr_563_out|       pointer|
|arr_563_out_o_ap_vld   |  out|    1|     ap_ovld|                         arr_563_out|       pointer|
|arr_562_out_i          |   in|   32|     ap_ovld|                         arr_562_out|       pointer|
|arr_562_out_o          |  out|   32|     ap_ovld|                         arr_562_out|       pointer|
|arr_562_out_o_ap_vld   |  out|    1|     ap_ovld|                         arr_562_out|       pointer|
|arr_561_out_i          |   in|   32|     ap_ovld|                         arr_561_out|       pointer|
|arr_561_out_o          |  out|   32|     ap_ovld|                         arr_561_out|       pointer|
|arr_561_out_o_ap_vld   |  out|    1|     ap_ovld|                         arr_561_out|       pointer|
|arr_560_out_i          |   in|   32|     ap_ovld|                         arr_560_out|       pointer|
|arr_560_out_o          |  out|   32|     ap_ovld|                         arr_560_out|       pointer|
|arr_560_out_o_ap_vld   |  out|    1|     ap_ovld|                         arr_560_out|       pointer|
|arr_559_out_i          |   in|   32|     ap_ovld|                         arr_559_out|       pointer|
|arr_559_out_o          |  out|   32|     ap_ovld|                         arr_559_out|       pointer|
|arr_559_out_o_ap_vld   |  out|    1|     ap_ovld|                         arr_559_out|       pointer|
|arr_558_out_i          |   in|   32|     ap_ovld|                         arr_558_out|       pointer|
|arr_558_out_o          |  out|   32|     ap_ovld|                         arr_558_out|       pointer|
|arr_558_out_o_ap_vld   |  out|    1|     ap_ovld|                         arr_558_out|       pointer|
|arr_557_out_i          |   in|   32|     ap_ovld|                         arr_557_out|       pointer|
|arr_557_out_o          |  out|   32|     ap_ovld|                         arr_557_out|       pointer|
|arr_557_out_o_ap_vld   |  out|    1|     ap_ovld|                         arr_557_out|       pointer|
|arr_556_out_i          |   in|   32|     ap_ovld|                         arr_556_out|       pointer|
|arr_556_out_o          |  out|   32|     ap_ovld|                         arr_556_out|       pointer|
|arr_556_out_o_ap_vld   |  out|    1|     ap_ovld|                         arr_556_out|       pointer|
|arr_555_out_i          |   in|   32|     ap_ovld|                         arr_555_out|       pointer|
|arr_555_out_o          |  out|   32|     ap_ovld|                         arr_555_out|       pointer|
|arr_555_out_o_ap_vld   |  out|    1|     ap_ovld|                         arr_555_out|       pointer|
|arr_554_out_i          |   in|   32|     ap_ovld|                         arr_554_out|       pointer|
|arr_554_out_o          |  out|   32|     ap_ovld|                         arr_554_out|       pointer|
|arr_554_out_o_ap_vld   |  out|    1|     ap_ovld|                         arr_554_out|       pointer|
|arr_553_out_i          |   in|   32|     ap_ovld|                         arr_553_out|       pointer|
|arr_553_out_o          |  out|   32|     ap_ovld|                         arr_553_out|       pointer|
|arr_553_out_o_ap_vld   |  out|    1|     ap_ovld|                         arr_553_out|       pointer|
|arr_552_out_i          |   in|   32|     ap_ovld|                         arr_552_out|       pointer|
|arr_552_out_o          |  out|   32|     ap_ovld|                         arr_552_out|       pointer|
|arr_552_out_o_ap_vld   |  out|    1|     ap_ovld|                         arr_552_out|       pointer|
|arr_551_out_i          |   in|   32|     ap_ovld|                         arr_551_out|       pointer|
|arr_551_out_o          |  out|   32|     ap_ovld|                         arr_551_out|       pointer|
|arr_551_out_o_ap_vld   |  out|    1|     ap_ovld|                         arr_551_out|       pointer|
|arr_550_out_i          |   in|   32|     ap_ovld|                         arr_550_out|       pointer|
|arr_550_out_o          |  out|   32|     ap_ovld|                         arr_550_out|       pointer|
|arr_550_out_o_ap_vld   |  out|    1|     ap_ovld|                         arr_550_out|       pointer|
|arr_549_out_i          |   in|   32|     ap_ovld|                         arr_549_out|       pointer|
|arr_549_out_o          |  out|   32|     ap_ovld|                         arr_549_out|       pointer|
|arr_549_out_o_ap_vld   |  out|    1|     ap_ovld|                         arr_549_out|       pointer|
|arr_548_out_i          |   in|   32|     ap_ovld|                         arr_548_out|       pointer|
|arr_548_out_o          |  out|   32|     ap_ovld|                         arr_548_out|       pointer|
|arr_548_out_o_ap_vld   |  out|    1|     ap_ovld|                         arr_548_out|       pointer|
|arr_547_out_i          |   in|   32|     ap_ovld|                         arr_547_out|       pointer|
|arr_547_out_o          |  out|   32|     ap_ovld|                         arr_547_out|       pointer|
|arr_547_out_o_ap_vld   |  out|    1|     ap_ovld|                         arr_547_out|       pointer|
|arr_546_out_i          |   in|   32|     ap_ovld|                         arr_546_out|       pointer|
|arr_546_out_o          |  out|   32|     ap_ovld|                         arr_546_out|       pointer|
|arr_546_out_o_ap_vld   |  out|    1|     ap_ovld|                         arr_546_out|       pointer|
|arr_545_out_i          |   in|   32|     ap_ovld|                         arr_545_out|       pointer|
|arr_545_out_o          |  out|   32|     ap_ovld|                         arr_545_out|       pointer|
|arr_545_out_o_ap_vld   |  out|    1|     ap_ovld|                         arr_545_out|       pointer|
|arr_544_out_i          |   in|   32|     ap_ovld|                         arr_544_out|       pointer|
|arr_544_out_o          |  out|   32|     ap_ovld|                         arr_544_out|       pointer|
|arr_544_out_o_ap_vld   |  out|    1|     ap_ovld|                         arr_544_out|       pointer|
|arr_543_out_i          |   in|   32|     ap_ovld|                         arr_543_out|       pointer|
|arr_543_out_o          |  out|   32|     ap_ovld|                         arr_543_out|       pointer|
|arr_543_out_o_ap_vld   |  out|    1|     ap_ovld|                         arr_543_out|       pointer|
|arr_542_out_i          |   in|   32|     ap_ovld|                         arr_542_out|       pointer|
|arr_542_out_o          |  out|   32|     ap_ovld|                         arr_542_out|       pointer|
|arr_542_out_o_ap_vld   |  out|    1|     ap_ovld|                         arr_542_out|       pointer|
|arr_541_out_i          |   in|   32|     ap_ovld|                         arr_541_out|       pointer|
|arr_541_out_o          |  out|   32|     ap_ovld|                         arr_541_out|       pointer|
|arr_541_out_o_ap_vld   |  out|    1|     ap_ovld|                         arr_541_out|       pointer|
|arr_540_out_i          |   in|   32|     ap_ovld|                         arr_540_out|       pointer|
|arr_540_out_o          |  out|   32|     ap_ovld|                         arr_540_out|       pointer|
|arr_540_out_o_ap_vld   |  out|    1|     ap_ovld|                         arr_540_out|       pointer|
|arr_539_out_i          |   in|   32|     ap_ovld|                         arr_539_out|       pointer|
|arr_539_out_o          |  out|   32|     ap_ovld|                         arr_539_out|       pointer|
|arr_539_out_o_ap_vld   |  out|    1|     ap_ovld|                         arr_539_out|       pointer|
|arr_538_out_i          |   in|   32|     ap_ovld|                         arr_538_out|       pointer|
|arr_538_out_o          |  out|   32|     ap_ovld|                         arr_538_out|       pointer|
|arr_538_out_o_ap_vld   |  out|    1|     ap_ovld|                         arr_538_out|       pointer|
|arr_537_out_i          |   in|   32|     ap_ovld|                         arr_537_out|       pointer|
|arr_537_out_o          |  out|   32|     ap_ovld|                         arr_537_out|       pointer|
|arr_537_out_o_ap_vld   |  out|    1|     ap_ovld|                         arr_537_out|       pointer|
|arr_536_out_i          |   in|   32|     ap_ovld|                         arr_536_out|       pointer|
|arr_536_out_o          |  out|   32|     ap_ovld|                         arr_536_out|       pointer|
|arr_536_out_o_ap_vld   |  out|    1|     ap_ovld|                         arr_536_out|       pointer|
|arr_535_out_i          |   in|   32|     ap_ovld|                         arr_535_out|       pointer|
|arr_535_out_o          |  out|   32|     ap_ovld|                         arr_535_out|       pointer|
|arr_535_out_o_ap_vld   |  out|    1|     ap_ovld|                         arr_535_out|       pointer|
|arr_534_out_i          |   in|   32|     ap_ovld|                         arr_534_out|       pointer|
|arr_534_out_o          |  out|   32|     ap_ovld|                         arr_534_out|       pointer|
|arr_534_out_o_ap_vld   |  out|    1|     ap_ovld|                         arr_534_out|       pointer|
|arr_533_out_i          |   in|   32|     ap_ovld|                         arr_533_out|       pointer|
|arr_533_out_o          |  out|   32|     ap_ovld|                         arr_533_out|       pointer|
|arr_533_out_o_ap_vld   |  out|    1|     ap_ovld|                         arr_533_out|       pointer|
|arr_532_out_i          |   in|   32|     ap_ovld|                         arr_532_out|       pointer|
|arr_532_out_o          |  out|   32|     ap_ovld|                         arr_532_out|       pointer|
|arr_532_out_o_ap_vld   |  out|    1|     ap_ovld|                         arr_532_out|       pointer|
|arr_531_out_i          |   in|   32|     ap_ovld|                         arr_531_out|       pointer|
|arr_531_out_o          |  out|   32|     ap_ovld|                         arr_531_out|       pointer|
|arr_531_out_o_ap_vld   |  out|    1|     ap_ovld|                         arr_531_out|       pointer|
|arr_530_out_i          |   in|   32|     ap_ovld|                         arr_530_out|       pointer|
|arr_530_out_o          |  out|   32|     ap_ovld|                         arr_530_out|       pointer|
|arr_530_out_o_ap_vld   |  out|    1|     ap_ovld|                         arr_530_out|       pointer|
|arr_529_out_i          |   in|   32|     ap_ovld|                         arr_529_out|       pointer|
|arr_529_out_o          |  out|   32|     ap_ovld|                         arr_529_out|       pointer|
|arr_529_out_o_ap_vld   |  out|    1|     ap_ovld|                         arr_529_out|       pointer|
|arr_528_out_i          |   in|   32|     ap_ovld|                         arr_528_out|       pointer|
|arr_528_out_o          |  out|   32|     ap_ovld|                         arr_528_out|       pointer|
|arr_528_out_o_ap_vld   |  out|    1|     ap_ovld|                         arr_528_out|       pointer|
|arr_527_out_i          |   in|   32|     ap_ovld|                         arr_527_out|       pointer|
|arr_527_out_o          |  out|   32|     ap_ovld|                         arr_527_out|       pointer|
|arr_527_out_o_ap_vld   |  out|    1|     ap_ovld|                         arr_527_out|       pointer|
|arr_526_out_i          |   in|   32|     ap_ovld|                         arr_526_out|       pointer|
|arr_526_out_o          |  out|   32|     ap_ovld|                         arr_526_out|       pointer|
|arr_526_out_o_ap_vld   |  out|    1|     ap_ovld|                         arr_526_out|       pointer|
|arr_525_out_i          |   in|   32|     ap_ovld|                         arr_525_out|       pointer|
|arr_525_out_o          |  out|   32|     ap_ovld|                         arr_525_out|       pointer|
|arr_525_out_o_ap_vld   |  out|    1|     ap_ovld|                         arr_525_out|       pointer|
|arr_524_out_i          |   in|   32|     ap_ovld|                         arr_524_out|       pointer|
|arr_524_out_o          |  out|   32|     ap_ovld|                         arr_524_out|       pointer|
|arr_524_out_o_ap_vld   |  out|    1|     ap_ovld|                         arr_524_out|       pointer|
|arr_523_out_i          |   in|   32|     ap_ovld|                         arr_523_out|       pointer|
|arr_523_out_o          |  out|   32|     ap_ovld|                         arr_523_out|       pointer|
|arr_523_out_o_ap_vld   |  out|    1|     ap_ovld|                         arr_523_out|       pointer|
|arr_522_out_i          |   in|   32|     ap_ovld|                         arr_522_out|       pointer|
|arr_522_out_o          |  out|   32|     ap_ovld|                         arr_522_out|       pointer|
|arr_522_out_o_ap_vld   |  out|    1|     ap_ovld|                         arr_522_out|       pointer|
|arr_521_out_i          |   in|   32|     ap_ovld|                         arr_521_out|       pointer|
|arr_521_out_o          |  out|   32|     ap_ovld|                         arr_521_out|       pointer|
|arr_521_out_o_ap_vld   |  out|    1|     ap_ovld|                         arr_521_out|       pointer|
|arr_520_out_i          |   in|   32|     ap_ovld|                         arr_520_out|       pointer|
|arr_520_out_o          |  out|   32|     ap_ovld|                         arr_520_out|       pointer|
|arr_520_out_o_ap_vld   |  out|    1|     ap_ovld|                         arr_520_out|       pointer|
|arr_519_out_i          |   in|   32|     ap_ovld|                         arr_519_out|       pointer|
|arr_519_out_o          |  out|   32|     ap_ovld|                         arr_519_out|       pointer|
|arr_519_out_o_ap_vld   |  out|    1|     ap_ovld|                         arr_519_out|       pointer|
|arr_518_out_i          |   in|   32|     ap_ovld|                         arr_518_out|       pointer|
|arr_518_out_o          |  out|   32|     ap_ovld|                         arr_518_out|       pointer|
|arr_518_out_o_ap_vld   |  out|    1|     ap_ovld|                         arr_518_out|       pointer|
|arr_517_out_i          |   in|   32|     ap_ovld|                         arr_517_out|       pointer|
|arr_517_out_o          |  out|   32|     ap_ovld|                         arr_517_out|       pointer|
|arr_517_out_o_ap_vld   |  out|    1|     ap_ovld|                         arr_517_out|       pointer|
|arr_516_out_i          |   in|   32|     ap_ovld|                         arr_516_out|       pointer|
|arr_516_out_o          |  out|   32|     ap_ovld|                         arr_516_out|       pointer|
|arr_516_out_o_ap_vld   |  out|    1|     ap_ovld|                         arr_516_out|       pointer|
|arr_515_out_i          |   in|   32|     ap_ovld|                         arr_515_out|       pointer|
|arr_515_out_o          |  out|   32|     ap_ovld|                         arr_515_out|       pointer|
|arr_515_out_o_ap_vld   |  out|    1|     ap_ovld|                         arr_515_out|       pointer|
|arr_514_out_i          |   in|   32|     ap_ovld|                         arr_514_out|       pointer|
|arr_514_out_o          |  out|   32|     ap_ovld|                         arr_514_out|       pointer|
|arr_514_out_o_ap_vld   |  out|    1|     ap_ovld|                         arr_514_out|       pointer|
|arr_513_out_i          |   in|   32|     ap_ovld|                         arr_513_out|       pointer|
|arr_513_out_o          |  out|   32|     ap_ovld|                         arr_513_out|       pointer|
|arr_513_out_o_ap_vld   |  out|    1|     ap_ovld|                         arr_513_out|       pointer|
|arr_512_out_i          |   in|   32|     ap_ovld|                         arr_512_out|       pointer|
|arr_512_out_o          |  out|   32|     ap_ovld|                         arr_512_out|       pointer|
|arr_512_out_o_ap_vld   |  out|    1|     ap_ovld|                         arr_512_out|       pointer|
|arr_511_out_i          |   in|   32|     ap_ovld|                         arr_511_out|       pointer|
|arr_511_out_o          |  out|   32|     ap_ovld|                         arr_511_out|       pointer|
|arr_511_out_o_ap_vld   |  out|    1|     ap_ovld|                         arr_511_out|       pointer|
|arr_510_out_i          |   in|   32|     ap_ovld|                         arr_510_out|       pointer|
|arr_510_out_o          |  out|   32|     ap_ovld|                         arr_510_out|       pointer|
|arr_510_out_o_ap_vld   |  out|    1|     ap_ovld|                         arr_510_out|       pointer|
|arr_509_out_i          |   in|   32|     ap_ovld|                         arr_509_out|       pointer|
|arr_509_out_o          |  out|   32|     ap_ovld|                         arr_509_out|       pointer|
|arr_509_out_o_ap_vld   |  out|    1|     ap_ovld|                         arr_509_out|       pointer|
|arr_508_out_i          |   in|   32|     ap_ovld|                         arr_508_out|       pointer|
|arr_508_out_o          |  out|   32|     ap_ovld|                         arr_508_out|       pointer|
|arr_508_out_o_ap_vld   |  out|    1|     ap_ovld|                         arr_508_out|       pointer|
|arr_507_out_i          |   in|   32|     ap_ovld|                         arr_507_out|       pointer|
|arr_507_out_o          |  out|   32|     ap_ovld|                         arr_507_out|       pointer|
|arr_507_out_o_ap_vld   |  out|    1|     ap_ovld|                         arr_507_out|       pointer|
|arr_506_out_i          |   in|   32|     ap_ovld|                         arr_506_out|       pointer|
|arr_506_out_o          |  out|   32|     ap_ovld|                         arr_506_out|       pointer|
|arr_506_out_o_ap_vld   |  out|    1|     ap_ovld|                         arr_506_out|       pointer|
|arr_505_out_i          |   in|   32|     ap_ovld|                         arr_505_out|       pointer|
|arr_505_out_o          |  out|   32|     ap_ovld|                         arr_505_out|       pointer|
|arr_505_out_o_ap_vld   |  out|    1|     ap_ovld|                         arr_505_out|       pointer|
|arr_504_out_i          |   in|   32|     ap_ovld|                         arr_504_out|       pointer|
|arr_504_out_o          |  out|   32|     ap_ovld|                         arr_504_out|       pointer|
|arr_504_out_o_ap_vld   |  out|    1|     ap_ovld|                         arr_504_out|       pointer|
|arr_503_out_i          |   in|   32|     ap_ovld|                         arr_503_out|       pointer|
|arr_503_out_o          |  out|   32|     ap_ovld|                         arr_503_out|       pointer|
|arr_503_out_o_ap_vld   |  out|    1|     ap_ovld|                         arr_503_out|       pointer|
|arr_502_out_i          |   in|   32|     ap_ovld|                         arr_502_out|       pointer|
|arr_502_out_o          |  out|   32|     ap_ovld|                         arr_502_out|       pointer|
|arr_502_out_o_ap_vld   |  out|    1|     ap_ovld|                         arr_502_out|       pointer|
|arr_501_out_i          |   in|   32|     ap_ovld|                         arr_501_out|       pointer|
|arr_501_out_o          |  out|   32|     ap_ovld|                         arr_501_out|       pointer|
|arr_501_out_o_ap_vld   |  out|    1|     ap_ovld|                         arr_501_out|       pointer|
|arr_500_out            |  out|   32|      ap_vld|                         arr_500_out|       pointer|
|arr_500_out_ap_vld     |  out|    1|      ap_vld|                         arr_500_out|       pointer|
+-----------------------+-----+-----+------------+------------------------------------+--------------+

